Archive member included to satisfy reference by file (symbol)

d:/program files/armgnu~1/12977f~1.2mp/bin/../lib/gcc/arm-none-eabi/12.2.1/thumb/v7-m/nofp\libstdc++.a(atexit_arm.o)
                              CMakeFiles/distance.elf.dir/Core/Src/RobotMain.cpp.obj (__aeabi_atexit)
d:/program files/armgnu~1/12977f~1.2mp/bin/../lib/gcc/arm-none-eabi/12.2.1/thumb/v7-m/nofp\libstdc++.a(eh_arm.o)
                              CMakeFiles/distance.elf.dir/Core/Src/motion.cpp.obj (__cxa_end_cleanup)
d:/program files/armgnu~1/12977f~1.2mp/bin/../lib/gcc/arm-none-eabi/12.2.1/thumb/v7-m/nofp\libstdc++.a(eh_exception.o)
                              d:/program files/armgnu~1/12977f~1.2mp/bin/../lib/gcc/arm-none-eabi/12.2.1/thumb/v7-m/nofp\libstdc++.a(eh_arm.o) (typeinfo for __cxxabiv1::__forced_unwind)
d:/program files/armgnu~1/12977f~1.2mp/bin/../lib/gcc/arm-none-eabi/12.2.1/thumb/v7-m/nofp\libstdc++.a(eh_globals.o)
                              d:/program files/armgnu~1/12977f~1.2mp/bin/../lib/gcc/arm-none-eabi/12.2.1/thumb/v7-m/nofp\libstdc++.a(eh_arm.o) (__cxa_get_globals)
d:/program files/armgnu~1/12977f~1.2mp/bin/../lib/gcc/arm-none-eabi/12.2.1/thumb/v7-m/nofp\libstdc++.a(eh_personality.o)
                              CMakeFiles/distance.elf.dir/Core/Src/motion.cpp.obj (__gxx_personality_v0)
d:/program files/armgnu~1/12977f~1.2mp/bin/../lib/gcc/arm-none-eabi/12.2.1/thumb/v7-m/nofp\libstdc++.a(eh_terminate.o)
                              d:/program files/armgnu~1/12977f~1.2mp/bin/../lib/gcc/arm-none-eabi/12.2.1/thumb/v7-m/nofp\libstdc++.a(eh_arm.o) (std::terminate())
d:/program files/armgnu~1/12977f~1.2mp/bin/../lib/gcc/arm-none-eabi/12.2.1/thumb/v7-m/nofp\libstdc++.a(eh_unex_handler.o)
                              d:/program files/armgnu~1/12977f~1.2mp/bin/../lib/gcc/arm-none-eabi/12.2.1/thumb/v7-m/nofp\libstdc++.a(eh_terminate.o) (__cxxabiv1::__unexpected_handler)
d:/program files/armgnu~1/12977f~1.2mp/bin/../lib/gcc/arm-none-eabi/12.2.1/thumb/v7-m/nofp\libstdc++.a(si_class_type_info.o)
                              d:/program files/armgnu~1/12977f~1.2mp/bin/../lib/gcc/arm-none-eabi/12.2.1/thumb/v7-m/nofp\libstdc++.a(eh_exception.o) (vtable for __cxxabiv1::__si_class_type_info)
d:/program files/armgnu~1/12977f~1.2mp/bin/../lib/gcc/arm-none-eabi/12.2.1/thumb/v7-m/nofp\libstdc++.a(tinfo.o)
                              d:/program files/armgnu~1/12977f~1.2mp/bin/../lib/gcc/arm-none-eabi/12.2.1/thumb/v7-m/nofp\libstdc++.a(si_class_type_info.o) (std::type_info::__is_pointer_p() const)
d:/program files/armgnu~1/12977f~1.2mp/bin/../lib/gcc/arm-none-eabi/12.2.1/thumb/v7-m/nofp\libstdc++.a(vterminate.o)
                              d:/program files/armgnu~1/12977f~1.2mp/bin/../lib/gcc/arm-none-eabi/12.2.1/thumb/v7-m/nofp\libstdc++.a(eh_terminate.o) (__gnu_cxx::__verbose_terminate_handler())
d:/program files/armgnu~1/12977f~1.2mp/bin/../lib/gcc/arm-none-eabi/12.2.1/thumb/v7-m/nofp\libstdc++.a(class_type_info.o)
                              d:/program files/armgnu~1/12977f~1.2mp/bin/../lib/gcc/arm-none-eabi/12.2.1/thumb/v7-m/nofp\libstdc++.a(si_class_type_info.o) (__cxxabiv1::__class_type_info::__do_upcast(__cxxabiv1::__class_type_info const*, void**) const)
d:/program files/armgnu~1/12977f~1.2mp/bin/../lib/gcc/arm-none-eabi/12.2.1/thumb/v7-m/nofp\libstdc++.a(cp-demangle.o)
                              d:/program files/armgnu~1/12977f~1.2mp/bin/../lib/gcc/arm-none-eabi/12.2.1/thumb/v7-m/nofp\libstdc++.a(vterminate.o) (__cxa_demangle)
d:/program files/armgnu~1/12977f~1.2mp/bin/../lib/gcc/arm-none-eabi/12.2.1/thumb/v7-m/nofp\libstdc++.a(del_ops.o)
                              d:/program files/armgnu~1/12977f~1.2mp/bin/../lib/gcc/arm-none-eabi/12.2.1/thumb/v7-m/nofp\libstdc++.a(eh_exception.o) (operator delete(void*, unsigned int))
d:/program files/armgnu~1/12977f~1.2mp/bin/../lib/gcc/arm-none-eabi/12.2.1/thumb/v7-m/nofp\libstdc++.a(eh_call.o)
                              d:/program files/armgnu~1/12977f~1.2mp/bin/../lib/gcc/arm-none-eabi/12.2.1/thumb/v7-m/nofp\libstdc++.a(eh_personality.o) (__cxa_call_terminate)
d:/program files/armgnu~1/12977f~1.2mp/bin/../lib/gcc/arm-none-eabi/12.2.1/thumb/v7-m/nofp\libstdc++.a(eh_catch.o)
                              d:/program files/armgnu~1/12977f~1.2mp/bin/../lib/gcc/arm-none-eabi/12.2.1/thumb/v7-m/nofp\libstdc++.a(eh_personality.o) (__cxa_begin_catch)
d:/program files/armgnu~1/12977f~1.2mp/bin/../lib/gcc/arm-none-eabi/12.2.1/thumb/v7-m/nofp\libstdc++.a(eh_term_handler.o)
                              d:/program files/armgnu~1/12977f~1.2mp/bin/../lib/gcc/arm-none-eabi/12.2.1/thumb/v7-m/nofp\libstdc++.a(eh_terminate.o) (__cxxabiv1::__terminate_handler)
d:/program files/armgnu~1/12977f~1.2mp/bin/../lib/gcc/arm-none-eabi/12.2.1/thumb/v7-m/nofp\libstdc++.a(eh_throw.o)
                              d:/program files/armgnu~1/12977f~1.2mp/bin/../lib/gcc/arm-none-eabi/12.2.1/thumb/v7-m/nofp\libstdc++.a(eh_call.o) (__cxa_throw)
[...]
Memory Configuration

Name             Origin             Length             Attributes
RAM              0x20000000         0x00010000         xrw
FLASH            0x08000000         0x00080000         xr
*default*        0x00000000         0xffffffff

Linker script and memory map

LOAD d:/program files/armgnu~1/12977f~1.2mp/bin/../lib/gcc/arm-none-eabi/12.2.1/thumb/v7-m/nofp/crti.o
LOAD d:/program files/armgnu~1/12977f~1.2mp/bin/../lib/gcc/arm-none-eabi/12.2.1/thumb/v7-m/nofp/crtbegin.o
LOAD d:/program files/armgnu~1/12977f~1.2mp/bin/../lib/gcc/arm-none-eabi/12.2.1/thumb/v7-m/nofp/crt0.o
LOAD CMakeFiles/distance.elf.dir/Core/Src/RobotMain.cpp.obj
LOAD CMakeFiles/distance.elf.dir/Core/Src/adc.c.obj
LOAD CMakeFiles/distance.elf.dir/Core/Src/encoder.c.obj
LOAD CMakeFiles/distance.elf.dir/Core/Src/gpio.c.obj
LOAD CMakeFiles/distance.elf.dir/Core/Src/main.c.obj
LOAD CMakeFiles/distance.elf.dir/Core/Src/motion.cpp.obj
LOAD CMakeFiles/distance.elf.dir/Core/Src/motor.cpp.obj
LOAD CMakeFiles/distance.elf.dir/Core/Src/pid.cpp.obj
LOAD CMakeFiles/distance.elf.dir/Core/Src/stm32f1xx_hal_msp.c.obj
LOAD CMakeFiles/distance.elf.dir/Core/Src/stm32f1xx_it.c.obj
LOAD CMakeFiles/distance.elf.dir/Core/Src/syscalls.c.obj
LOAD CMakeFiles/distance.elf.dir/Core/Src/sysmem.c.obj
LOAD CMakeFiles/distance.elf.dir/Core/Src/system_stm32f1xx.c.obj
LOAD CMakeFiles/distance.elf.dir/Core/Src/tim.c.obj
LOAD CMakeFiles/distance.elf.dir/Core/Src/usart.c.obj
LOAD CMakeFiles/distance.elf.dir/Core/Startup/startup_stm32f103zetx.s.obj
LOAD CMakeFiles/distance.elf.dir/Drivers/STM32F1xx_HAL_Driver/Src/stm32f1xx_hal.c.obj
LOAD CMakeFiles/distance.elf.dir/Drivers/STM32F1xx_HAL_Driver/Src/stm32f1xx_hal_adc.c.obj
LOAD CMakeFiles/distance.elf.dir/Drivers/STM32F1xx_HAL_Driver/Src/stm32f1xx_hal_adc_ex.c.obj
LOAD CMakeFiles/distance.elf.dir/Drivers/STM32F1xx_HAL_Driver/Src/stm32f1xx_hal_cortex.c.obj
LOAD CMakeFiles/distance.elf.dir/Drivers/STM32F1xx_HAL_Driver/Src/stm32f1xx_hal_dma.c.obj
LOAD CMakeFiles/distance.elf.dir/Drivers/STM32F1xx_HAL_Driver/Src/stm32f1xx_hal_exti.c.obj
LOAD CMakeFiles/distance.elf.dir/Drivers/STM32F1xx_HAL_Driver/Src/stm32f1xx_hal_flash.c.obj
LOAD CMakeFiles/distance.elf.dir/Drivers/STM32F1xx_HAL_Driver/Src/stm32f1xx_hal_flash_ex.c.obj
LOAD CMakeFiles/distance.elf.dir/Drivers/STM32F1xx_HAL_Driver/Src/stm32f1xx_hal_gpio.c.obj
LOAD CMakeFiles/distance.elf.dir/Drivers/STM32F1xx_HAL_Driver/Src/stm32f1xx_hal_gpio_ex.c.obj
LOAD CMakeFiles/distance.elf.dir/Drivers/STM32F1xx_HAL_Driver/Src/stm32f1xx_hal_pwr.c.obj
LOAD CMakeFiles/distance.elf.dir/Drivers/STM32F1xx_HAL_Driver/Src/stm32f1xx_hal_rcc.c.obj
LOAD CMakeFiles/distance.elf.dir/Drivers/STM32F1xx_HAL_Driver/Src/stm32f1xx_hal_rcc_ex.c.obj
LOAD CMakeFiles/distance.elf.dir/Drivers/STM32F1xx_HAL_Driver/Src/stm32f1xx_hal_tim.c.obj
LOAD CMakeFiles/distance.elf.dir/Drivers/STM32F1xx_HAL_Driver/Src/stm32f1xx_hal_tim_ex.c.obj
LOAD CMakeFiles/distance.elf.dir/Drivers/STM32F1xx_HAL_Driver/Src/stm32f1xx_hal_uart.c.obj
LOAD d:/program files/armgnu~1/12977f~1.2mp/bin/../lib/gcc/arm-none-eabi/12.2.1/thumb/v7-m/nofp\libstdc++.a
LOAD d:/program files/armgnu~1/12977f~1.2mp/bin/../lib/gcc/arm-none-eabi/12.2.1/thumb/v7-m/nofp\libm.a
START GROUP
LOAD d:/program files/armgnu~1/12977f~1.2mp/bin/../lib/gcc/arm-none-eabi/12.2.1/thumb/v7-m/nofp\libgcc.a
LOAD d:/program files/armgnu~1/12977f~1.2mp/bin/../lib/gcc/arm-none-eabi/12.2.1/thumb/v7-m/nofp\libc.a
END GROUP
LOAD d:/program files/armgnu~1/12977f~1.2mp/bin/../lib/gcc/arm-none-eabi/12.2.1/thumb/v7-m/nofp/crtend.o
LOAD d:/program files/armgnu~1/12977f~1.2mp/bin/../lib/gcc/arm-none-eabi/12.2.1/thumb/v7-m/nofp/crtn.o
                0x20010000                        _estack = (ORIGIN (RAM) + LENGTH (RAM))
                0x00000200                        _Min_Heap_Size = 0x200
                0x00000400                        _Min_Stack_Size = 0x400

.isr_vector     0x08000000      0x1e4
                0x08000000                        . = ALIGN (0x4)
 *(.isr_vector)
 .isr_vector    0x08000000      0x1e4 CMakeFiles/distance.elf.dir/Core/Startup/startup_stm32f103zetx.s.obj
                0x08000000                g_pfnVectors
                0x080001e4                        . = ALIGN (0x4)

.text           0x080001e8    0x12cac
                0x080001e8                        . = ALIGN (0x4)
 *(.text)
 .text          0x080001e8      0x378 d:/program files/armgnu~1/12977f~1.2mp/bin/../lib/gcc/arm-none-eabi/12.2.1/thumb/v7-m/nofp\libgcc.a(_arm_addsubdf3.o)
                0x080001e8                __aeabi_drsub
                0x080001f0                __aeabi_dsub
                0x080001f0                __subdf3
                0x080001f4                __aeabi_dadd
                0x080001f4                __adddf3
                0x0800046c                __floatunsidf
                0x0800046c                __aeabi_ui2d
                0x0800048c                __floatsidf
                0x0800048c                __aeabi_i2d
                0x080004b0                __aeabi_f2d
                0x080004b0                __extendsfdf2
                0x080004f4                __floatundidf
                0x080004f4                __aeabi_ul2d
                0x08000504                __floatdidf
                0x08000504                __aeabi_l2d
 .text          0x08000560      0x110 d:/program files/armgnu~1/12977f~1.2mp/bin/../lib/gcc/arm-none-eabi/12.2.1/thumb/v7-m/nofp\libgcc.a(_arm_cmpdf2.o)
                0x08000560                __gtdf2
                0x08000560                __gedf2
                0x08000568                __ltdf2
                0x08000568                __ledf2
                0x08000570                __nedf2
                0x08000570                __eqdf2
                0x08000570                __cmpdf2
                0x080005ec                __aeabi_cdrcmple
                0x080005fc                __aeabi_cdcmpeq
                0x080005fc                __aeabi_cdcmple
                0x0800060c                __aeabi_dcmpeq
                0x08000620                __aeabi_dcmplt
                0x08000634                __aeabi_dcmple
                0x08000648                __aeabi_dcmpge
                0x0800065c                __aeabi_dcmpgt
 .text          0x08000670       0x40 d:/program files/armgnu~1/12977f~1.2mp/bin/../lib/gcc/arm-none-eabi/12.2.1/thumb/v7-m/nofp\libgcc.a(_arm_fixunsdfsi.o)
                0x08000670                __aeabi_d2uiz
                0x08000670                __fixunsdfsi
 .text          0x080006b0      0x1ac d:/program files/armgnu~1/12977f~1.2mp/bin/../lib/gcc/arm-none-eabi/12.2.1/thumb/v7-m/nofp\libgcc.a(libunwind.o)
                0x080006b0                __restore_core_regs
                0x080006b0                restore_core_regs
                0x080006c8                __gnu_Unwind_Restore_VFP
                0x080006d0                __gnu_Unwind_Save_VFP
                0x080006d8                __gnu_Unwind_Restore_VFP_D
                0x080006e0                __gnu_Unwind_Save_VFP_D
                0x080006e8                __gnu_Unwind_Restore_VFP_D_16_to_31
                0x080006f0                __gnu_Unwind_Save_VFP_D_16_to_31
                0x080006f8                __gnu_Unwind_Restore_WMMXD
                0x0800073c                __gnu_Unwind_Save_WMMXD
                0x08000780                __gnu_Unwind_Restore_WMMXC
                0x08000794                __gnu_Unwind_Save_WMMXC
                0x080007a8                ___Unwind_RaiseException
                0x080007a8                _Unwind_RaiseException
                0x080007cc                _Unwind_Resume
                0x080007cc                ___Unwind_Resume
                0x080007f0                _Unwind_Resume_or_Rethrow
                0x080007f0                ___Unwind_Resume_or_Rethrow
                0x08000814                _Unwind_ForcedUnwind
                0x08000814                ___Unwind_ForcedUnwind
                0x08000838                ___Unwind_Backtrace
                0x08000838                _Unwind_Backtrace
 .text          0x0800085c      0x1bc d:/program files/armgnu~1/12977f~1.2mp/bin/../lib/gcc/arm-none-eabi/12.2.1/thumb/v7-m/nofp\libc.a(libc_a-strcmp.o)
                0x0800085c                strcmp
 .text          0x08000a18       0xec d:/program files/armgnu~1/12977f~1.2mp/bin/../lib/gcc/arm-none-eabi/12.2.1/thumb/v7-m/nofp\libc.a(libc_a-memcpy.o)
                0x08000a18                memcpy
 .text          0x08000b04      0x424 d:/program files/armgnu~1/12977f~1.2mp/bin/../lib/gcc/arm-none-eabi/12.2.1/thumb/v7-m/nofp\libgcc.a(_arm_muldivdf3.o)
                0x08000b04                __aeabi_dmul
                0x08000b04                __muldf3
                0x08000d58                __divdf3
                0x08000d58                __aeabi_ddiv
 .text          0x08000f28       0x2c d:/program files/armgnu~1/12977f~1.2mp/bin/../lib/gcc/arm-none-eabi/12.2.1/thumb/v7-m/nofp\libgcc.a(_arm_unorddf2.o)
                0x08000f28                __unorddf2
                0x08000f28                __aeabi_dcmpun
 .text          0x08000f54       0x50 d:/program files/armgnu~1/12977f~1.2mp/bin/../lib/gcc/arm-none-eabi/12.2.1/thumb/v7-m/nofp\libgcc.a(_arm_fixdfsi.o)
                0x08000f54                __aeabi_d2iz
                0x08000f54                __fixdfsi
 *(.text*)
 .text.deregister_tm_clones
                0x08000fa4       0x1c d:/program files/armgnu~1/12977f~1.2mp/bin/../lib/gcc/arm-none-eabi/12.2.1/thumb/v7-m/nofp/crtbegin.o
 .text.register_tm_clones
                0x08000fc0       0x24 d:/program files/armgnu~1/12977f~1.2mp/bin/../lib/gcc/arm-none-eabi/12.2.1/thumb/v7-m/nofp/crtbegin.o
 .text.__do_global_dtors_aux
                0x08000fe4       0x28 d:/program files/armgnu~1/12977f~1.2mp/bin/../lib/gcc/arm-none-eabi/12.2.1/thumb/v7-m/nofp/crtbegin.o
 .text.frame_dummy
                0x0800100c       0x24 d:/program files/armgnu~1/12977f~1.2mp/bin/../lib/gcc/arm-none-eabi/12.2.1/thumb/v7-m/nofp/crtbegin.o
 .text._Z14Motor1Callbackd
                0x08001030       0x40 CMakeFiles/distance.elf.dir/Core/Src/RobotMain.cpp.obj
                0x08001030                Motor1Callback(double)
 .text._Z14Motor3Callbackd
                0x08001070       0x40 CMakeFiles/distance.elf.dir/Core/Src/RobotMain.cpp.obj
                0x08001070                Motor3Callback(double)
 .text._Z14Motor2Callbackd
                0x080010b0       0x40 CMakeFiles/distance.elf.dir/Core/Src/RobotMain.cpp.obj
                0x080010b0                Motor2Callback(double)
 .text._Z14Motor4Callbackd
                0x080010f0       0x40 CMakeFiles/distance.elf.dir/Core/Src/RobotMain.cpp.obj
                0x080010f0                Motor4Callback(double)
 .text._Z41__static_initialization_and_destruction_0ii
                0x08001130       0x90 CMakeFiles/distance.elf.dir/Core/Src/RobotMain.cpp.obj
 .text.RobotTest
                0x080011c0       0x8c CMakeFiles/distance.elf.dir/Core/Src/RobotMain.cpp.obj
                0x080011c0                RobotTest
 *fill*         0x0800124c        0x4 
 .text.RobotInit
                0x08001250      0x174 CMakeFiles/distance.elf.dir/Core/Src/RobotMain.cpp.obj
                0x08001250                RobotInit
 .text.RobotTick
                0x080013c4       0x88 CMakeFiles/distance.elf.dir/Core/Src/RobotMain.cpp.obj
                0x080013c4                RobotTick
 .text._GLOBAL__sub_I_encodingMotor1
                0x0800144c        0xe CMakeFiles/distance.elf.dir/Core/Src/RobotMain.cpp.obj
 *fill*         0x0800145a        0x2 
 .text.MX_ADC1_Init
                0x0800145c       0x5c CMakeFiles/distance.elf.dir/Core/Src/adc.c.obj
                0x0800145c                MX_ADC1_Init
 .text.HAL_ADC_MspInit
                0x080014b8       0x60 CMakeFiles/distance.elf.dir/Core/Src/adc.c.obj
                0x080014b8                HAL_ADC_MspInit
 .text.MX_GPIO_Init
                0x08001518       0x68 CMakeFiles/distance.elf.dir/Core/Src/gpio.c.obj
                0x08001518                MX_GPIO_Init
 .text.HAL_TIM_PeriodElapsedCallback
                0x08001580       0x18 CMakeFiles/distance.elf.dir/Core/Src/main.c.obj
                0x08001580                HAL_TIM_PeriodElapsedCallback
 .text.Error_Handler
                0x08001598        0x4 CMakeFiles/distance.elf.dir/Core/Src/main.c.obj
                0x08001598                Error_Handler
 .text.SystemClock_Config
                0x0800159c       0x86 CMakeFiles/distance.elf.dir/Core/Src/main.c.obj
                0x0800159c                SystemClock_Config
 *fill*         0x08001622        0x2 
 .text.main     0x08001624       0xc4 CMakeFiles/distance.elf.dir/Core/Src/main.c.obj
                0x08001624                main
 .text._ZN3RDK13MecanumMotionC2Ev
                0x080016e8       0xb0 CMakeFiles/distance.elf.dir/Core/Src/motion.cpp.obj
                0x080016e8                RDK::MecanumMotion::MecanumMotion()
                0x080016e8                RDK::MecanumMotion::MecanumMotion()
 .text._ZN3RDK13MecanumMotionD2Ev
                0x08001798        0x2 CMakeFiles/distance.elf.dir/Core/Src/motion.cpp.obj
                0x08001798                RDK::MecanumMotion::~MecanumMotion()
                0x08001798                RDK::MecanumMotion::~MecanumMotion()
 .text._ZN3RDK13MecanumMotion17SetEncodingMotor1EPNS_13EncodingMotorE
                0x0800179a        0x4 CMakeFiles/distance.elf.dir/Core/Src/motion.cpp.obj
                0x0800179a                RDK::MecanumMotion::SetEncodingMotor1(RDK::EncodingMotor*)
 .text._ZN3RDK13MecanumMotion17SetEncodingMotor2EPNS_13EncodingMotorE
                0x0800179e        0x4 CMakeFiles/distance.elf.dir/Core/Src/motion.cpp.obj
                0x0800179e                RDK::MecanumMotion::SetEncodingMotor2(RDK::EncodingMotor*)
 .text._ZN3RDK13MecanumMotion17SetEncodingMotor3EPNS_13EncodingMotorE
                0x080017a2        0x4 CMakeFiles/distance.elf.dir/Core/Src/motion.cpp.obj
                0x080017a2                RDK::MecanumMotion::SetEncodingMotor3(RDK::EncodingMotor*)
 .text._ZN3RDK13MecanumMotion17SetEncodingMotor4EPNS_13EncodingMotorE
                0x080017a6        0x4 CMakeFiles/distance.elf.dir/Core/Src/motion.cpp.obj
                0x080017a6                RDK::MecanumMotion::SetEncodingMotor4(RDK::EncodingMotor*)
 .text._ZN3RDK13MecanumMotion10ClearSpeedEv
                0x080017aa       0x16 CMakeFiles/distance.elf.dir/Core/Src/motion.cpp.obj
                0x080017aa                RDK::MecanumMotion::ClearSpeed()
 .text._ZN3RDK13MecanumMotion11CommitSpeedEv
                0x080017c0       0x36 CMakeFiles/distance.elf.dir/Core/Src/motion.cpp.obj
                0x080017c0                RDK::MecanumMotion::CommitSpeed()
 *fill*         0x080017f6        0x2 
 .text._ZN3RDK13MecanumMotion4MoveEddd
                0x080017f8      0x3a4 CMakeFiles/distance.elf.dir/Core/Src/motion.cpp.obj
                0x080017f8                RDK::MecanumMotion::Move(double, double, double)
 .text._ZN3RDK13EncodingMotorC2Ev
                0x08001b9c       0x2e CMakeFiles/distance.elf.dir/Core/Src/motor.cpp.obj
                0x08001b9c                RDK::EncodingMotor::EncodingMotor()
                0x08001b9c                RDK::EncodingMotor::EncodingMotor()
 .text._ZN3RDK13EncodingMotorD2Ev
                0x08001bca        0xe CMakeFiles/distance.elf.dir/Core/Src/motor.cpp.obj
                0x08001bca                RDK::EncodingMotor::~EncodingMotor()
                0x08001bca                RDK::EncodingMotor::~EncodingMotor()
 .text._ZN3RDK13EncodingMotor6SetPIDEddd
                0x08001bd8       0x22 CMakeFiles/distance.elf.dir/Core/Src/motor.cpp.obj
                0x08001bd8                RDK::EncodingMotor::SetPID(double, double, double)
 .text._ZN3RDK13EncodingMotor14SetOutputRangeEdd
                0x08001bfa       0x1e CMakeFiles/distance.elf.dir/Core/Src/motor.cpp.obj
                0x08001bfa                RDK::EncodingMotor::SetOutputRange(double, double)
 .text._ZN3RDK13EncodingMotor10SetReverseEb
                0x08001c18        0x4 CMakeFiles/distance.elf.dir/Core/Src/motor.cpp.obj
                0x08001c18                RDK::EncodingMotor::SetReverse(bool)
 .text._ZN3RDK13EncodingMotor8SetSpeedEd
                0x08001c1c       0x14 CMakeFiles/distance.elf.dir/Core/Src/motor.cpp.obj
                0x08001c1c                RDK::EncodingMotor::SetSpeed(double)
 .text._ZN3RDK13EncodingMotor11SetCallbackEPFvdE
                0x08001c30        0x4 CMakeFiles/distance.elf.dir/Core/Src/motor.cpp.obj
                0x08001c30                RDK::EncodingMotor::SetCallback(void (*)(double))
 .text._ZN3RDK13EncodingMotor8AddPulseEi
                0x08001c34       0x26 CMakeFiles/distance.elf.dir/Core/Src/motor.cpp.obj
                0x08001c34                RDK::EncodingMotor::AddPulse(int)
 .text._ZNV3RDK13EncodingMotor8GetPulseEv
                0x08001c5a        0x4 CMakeFiles/distance.elf.dir/Core/Src/motor.cpp.obj
                0x08001c5a                RDK::EncodingMotor::GetPulse() volatile
 .text._ZN3RDK13EncodingMotor10ClearPulseEv
                0x08001c5e        0x8 CMakeFiles/distance.elf.dir/Core/Src/motor.cpp.obj
                0x08001c5e                RDK::EncodingMotor::ClearPulse()
 .text._ZN3RDK13EncodingMotor4TickEv
                0x08001c66       0x1c CMakeFiles/distance.elf.dir/Core/Src/motor.cpp.obj
                0x08001c66                RDK::EncodingMotor::Tick()
 .text._ZN3RDK3PID10CheckRangeEdRKSt4pairIddE
                0x08001c82       0x52 CMakeFiles/distance.elf.dir/Core/Src/pid.cpp.obj
                0x08001c82                RDK::PID::CheckRange(double, std::pair<double, double> const&)
 .text._ZN3RDK3PIDC2Ev
                0x08001cd4       0x2a CMakeFiles/distance.elf.dir/Core/Src/pid.cpp.obj
                0x08001cd4                RDK::PID::PID()
                0x08001cd4                RDK::PID::PID()
 .text._ZN3RDK3PIDC2ENS_7PIDTypeEddd
                0x08001cfe       0x40 CMakeFiles/distance.elf.dir/Core/Src/pid.cpp.obj
                0x08001cfe                RDK::PID::PID(RDK::PIDType, double, double, double)
                0x08001cfe                RDK::PID::PID(RDK::PIDType, double, double, double)
 .text._ZN3RDK3PIDD2Ev
                0x08001d3e        0x2 CMakeFiles/distance.elf.dir/Core/Src/pid.cpp.obj
                0x08001d3e                RDK::PID::~PID()
                0x08001d3e                RDK::PID::~PID()
 .text._ZN3RDK3PID10SetPIDTypeENS_7PIDTypeE
                0x08001d40        0x6 CMakeFiles/distance.elf.dir/Core/Src/pid.cpp.obj
                0x08001d40                RDK::PID::SetPIDType(RDK::PIDType)
 .text._ZN3RDK3PID5SetKpEd
                0x08001d46        0xa CMakeFiles/distance.elf.dir/Core/Src/pid.cpp.obj
                0x08001d46                RDK::PID::SetKp(double)
 .text._ZN3RDK3PID5SetKiEd
                0x08001d50        0xa CMakeFiles/distance.elf.dir/Core/Src/pid.cpp.obj
                0x08001d50                RDK::PID::SetKi(double)
 .text._ZN3RDK3PID5SetKdEd
                0x08001d5a        0xa CMakeFiles/distance.elf.dir/Core/Src/pid.cpp.obj
                0x08001d5a                RDK::PID::SetKd(double)
 .text._ZN3RDK3PID8SetInputEd
                0x08001d64        0xa CMakeFiles/distance.elf.dir/Core/Src/pid.cpp.obj
                0x08001d64                RDK::PID::SetInput(double)
 .text._ZN3RDK3PID9SetTargetEd
                0x08001d6e        0xa CMakeFiles/distance.elf.dir/Core/Src/pid.cpp.obj
                0x08001d6e                RDK::PID::SetTarget(double)
 .text._ZN3RDK3PID9GetOutputEv
                0x08001d78        0xa CMakeFiles/distance.elf.dir/Core/Src/pid.cpp.obj
                0x08001d78                RDK::PID::GetOutput()
 .text._ZN3RDK3PID18SetTotalErrorRangeEdd
                0x08001d82       0x2a CMakeFiles/distance.elf.dir/Core/Src/pid.cpp.obj
                0x08001d82                RDK::PID::SetTotalErrorRange(double, double)
 .text._ZN3RDK3PID18GetTotalErrorRangeEv
                0x08001dac        0xe CMakeFiles/distance.elf.dir/Core/Src/pid.cpp.obj
                0x08001dac                RDK::PID::GetTotalErrorRange()
 .text._ZN3RDK3PID14SetOutputRangeEdd
                0x08001dba       0x2a CMakeFiles/distance.elf.dir/Core/Src/pid.cpp.obj
                0x08001dba                RDK::PID::SetOutputRange(double, double)
 .text._ZN3RDK3PID14GetOutputRangeEv
                0x08001de4        0xe CMakeFiles/distance.elf.dir/Core/Src/pid.cpp.obj
                0x08001de4                RDK::PID::GetOutputRange()
 .text._ZN3RDK3PID7IncTickEv
                0x08001df2       0xdc CMakeFiles/distance.elf.dir/Core/Src/pid.cpp.obj
                0x08001df2                RDK::PID::IncTick()
 .text._ZN3RDK3PID7PosTickEv
                0x08001ece       0xce CMakeFiles/distance.elf.dir/Core/Src/pid.cpp.obj
                0x08001ece                RDK::PID::PosTick()
 .text._ZN3RDK3PID4TickEv
                0x08001f9c       0x22 CMakeFiles/distance.elf.dir/Core/Src/pid.cpp.obj
                0x08001f9c                RDK::PID::Tick()
 *fill*         0x08001fbe        0x2 
 .text.HAL_MspInit
                0x08001fc0       0x44 CMakeFiles/distance.elf.dir/Core/Src/stm32f1xx_hal_msp.c.obj
                0x08001fc0                HAL_MspInit
 .text.NMI_Handler
                0x08002004        0x2 CMakeFiles/distance.elf.dir/Core/Src/stm32f1xx_it.c.obj
                0x08002004                NMI_Handler
 .text.HardFault_Handler
                0x08002006        0x2 CMakeFiles/distance.elf.dir/Core/Src/stm32f1xx_it.c.obj
                0x08002006                HardFault_Handler
 .text.MemManage_Handler
                0x08002008        0x2 CMakeFiles/distance.elf.dir/Core/Src/stm32f1xx_it.c.obj
                0x08002008                MemManage_Handler
 .text.BusFault_Handler
                0x0800200a        0x2 CMakeFiles/distance.elf.dir/Core/Src/stm32f1xx_it.c.obj
                0x0800200a                BusFault_Handler
 .text.UsageFault_Handler
                0x0800200c        0x2 CMakeFiles/distance.elf.dir/Core/Src/stm32f1xx_it.c.obj
                0x0800200c                UsageFault_Handler
 .text.SVC_Handler
                0x0800200e        0x2 CMakeFiles/distance.elf.dir/Core/Src/stm32f1xx_it.c.obj
                0x0800200e                SVC_Handler
 .text.DebugMon_Handler
                0x08002010        0x2 CMakeFiles/distance.elf.dir/Core/Src/stm32f1xx_it.c.obj
                0x08002010                DebugMon_Handler
 .text.PendSV_Handler
                0x08002012        0x2 CMakeFiles/distance.elf.dir/Core/Src/stm32f1xx_it.c.obj
                0x08002012                PendSV_Handler
 .text.SysTick_Handler
                0x08002014        0x8 CMakeFiles/distance.elf.dir/Core/Src/stm32f1xx_it.c.obj
                0x08002014                SysTick_Handler
 .text.TIM2_IRQHandler
                0x0800201c       0x10 CMakeFiles/distance.elf.dir/Core/Src/stm32f1xx_it.c.obj
                0x0800201c                TIM2_IRQHandler
 .text.TIM3_IRQHandler
                0x0800202c       0x10 CMakeFiles/distance.elf.dir/Core/Src/stm32f1xx_it.c.obj
                0x0800202c                TIM3_IRQHandler
 .text.TIM4_IRQHandler
                0x0800203c       0x10 CMakeFiles/distance.elf.dir/Core/Src/stm32f1xx_it.c.obj
                0x0800203c                TIM4_IRQHandler
 .text.USART1_IRQHandler
                0x0800204c       0x10 CMakeFiles/distance.elf.dir/Core/Src/stm32f1xx_it.c.obj
                0x0800204c                USART1_IRQHandler
 .text.TIM5_IRQHandler
                0x0800205c       0x10 CMakeFiles/distance.elf.dir/Core/Src/stm32f1xx_it.c.obj
                0x0800205c                TIM5_IRQHandler
 .text.TIM6_IRQHandler
                0x0800206c       0x10 CMakeFiles/distance.elf.dir/Core/Src/stm32f1xx_it.c.obj
                0x0800206c                TIM6_IRQHandler
 .text._getpid  0x0800207c        0x4 CMakeFiles/distance.elf.dir/Core/Src/syscalls.c.obj
                0x0800207c                _getpid
 .text._kill    0x08002080       0x10 CMakeFiles/distance.elf.dir/Core/Src/syscalls.c.obj
                0x08002080                _kill
 .text._exit    0x08002090        0xc CMakeFiles/distance.elf.dir/Core/Src/syscalls.c.obj
                0x08002090                _exit
 .text._read    0x0800209c       0x20 CMakeFiles/distance.elf.dir/Core/Src/syscalls.c.obj
                0x0800209c                _read
 .text._write   0x080020bc       0x1c CMakeFiles/distance.elf.dir/Core/Src/syscalls.c.obj
                0x080020bc                _write
 .text._close   0x080020d8        0x6 CMakeFiles/distance.elf.dir/Core/Src/syscalls.c.obj
                0x080020d8                _close
 .text._fstat   0x080020de        0xa CMakeFiles/distance.elf.dir/Core/Src/syscalls.c.obj
                0x080020de                _fstat
 .text._isatty  0x080020e8        0x4 CMakeFiles/distance.elf.dir/Core/Src/syscalls.c.obj
                0x080020e8                _isatty
 .text._lseek   0x080020ec        0x4 CMakeFiles/distance.elf.dir/Core/Src/syscalls.c.obj
                0x080020ec                _lseek
 .text._sbrk    0x080020f0       0x48 CMakeFiles/distance.elf.dir/Core/Src/sysmem.c.obj
                0x080020f0                _sbrk
 .text.SystemInit
                0x08002138        0x2 CMakeFiles/distance.elf.dir/Core/Src/system_stm32f1xx.c.obj
                0x08002138                SystemInit
 *fill*         0x0800213a        0x2 
 .text.MX_TIM2_Init
                0x0800213c       0x64 CMakeFiles/distance.elf.dir/Core/Src/tim.c.obj
                0x0800213c                MX_TIM2_Init
 .text.MX_TIM3_Init
                0x080021a0       0x68 CMakeFiles/distance.elf.dir/Core/Src/tim.c.obj
                0x080021a0                MX_TIM3_Init
 .text.MX_TIM4_Init
                0x08002208       0x68 CMakeFiles/distance.elf.dir/Core/Src/tim.c.obj
                0x08002208                MX_TIM4_Init
 .text.MX_TIM5_Init
                0x08002270       0x68 CMakeFiles/distance.elf.dir/Core/Src/tim.c.obj
                0x08002270                MX_TIM5_Init
 .text.MX_TIM6_Init
                0x080022d8       0x50 CMakeFiles/distance.elf.dir/Core/Src/tim.c.obj
                0x080022d8                MX_TIM6_Init
 .text.HAL_TIM_Base_MspInit
                0x08002328       0x80 CMakeFiles/distance.elf.dir/Core/Src/tim.c.obj
                0x08002328                HAL_TIM_Base_MspInit
 .text.HAL_TIM_Encoder_MspInit
                0x080023a8      0x1a8 CMakeFiles/distance.elf.dir/Core/Src/tim.c.obj
                0x080023a8                HAL_TIM_Encoder_MspInit
 .text.HAL_TIM_MspPostInit
                0x08002550       0x9c CMakeFiles/distance.elf.dir/Core/Src/tim.c.obj
                0x08002550                HAL_TIM_MspPostInit
 .text.MX_TIM1_Init
                0x080025ec      0x124 CMakeFiles/distance.elf.dir/Core/Src/tim.c.obj
                0x080025ec                MX_TIM1_Init
 .text.MX_TIM8_Init
                0x08002710      0x130 CMakeFiles/distance.elf.dir/Core/Src/tim.c.obj
                0x08002710                MX_TIM8_Init
 .text.MX_USART1_UART_Init
                0x08002840       0x34 CMakeFiles/distance.elf.dir/Core/Src/usart.c.obj
                0x08002840                MX_USART1_UART_Init
 .text.HAL_UART_MspInit
                0x08002874       0x88 CMakeFiles/distance.elf.dir/Core/Src/usart.c.obj
                0x08002874                HAL_UART_MspInit
 .text.Reset_Handler
                0x080028fc       0x48 CMakeFiles/distance.elf.dir/Core/Startup/startup_stm32f103zetx.s.obj
                0x080028fc                Reset_Handler
 .text.Default_Handler
                0x08002944        0x2 CMakeFiles/distance.elf.dir/Core/Startup/startup_stm32f103zetx.s.obj
                0x08002944                RTC_Alarm_IRQHandler
                0x08002944                EXTI2_IRQHandler
                0x08002944                TIM8_TRG_COM_IRQHandler
                0x08002944                TIM8_CC_IRQHandler
                0x08002944                TIM1_CC_IRQHandler
                0x08002944                PVD_IRQHandler
                0x08002944                SDIO_IRQHandler
                0x08002944                EXTI3_IRQHandler
                0x08002944                EXTI0_IRQHandler
                0x08002944                I2C2_EV_IRQHandler
                0x08002944                ADC1_2_IRQHandler
                0x08002944                SPI1_IRQHandler
                0x08002944                TAMPER_IRQHandler
                0x08002944                TIM8_UP_IRQHandler
                0x08002944                DMA2_Channel2_IRQHandler
                0x08002944                DMA1_Channel4_IRQHandler
                0x08002944                USART3_IRQHandler
                0x08002944                RTC_IRQHandler
                0x08002944                DMA1_Channel7_IRQHandler
                0x08002944                CAN1_RX1_IRQHandler
                0x08002944                UART5_IRQHandler
                0x08002944                ADC3_IRQHandler
                0x08002944                DMA2_Channel1_IRQHandler
                0x08002944                I2C1_EV_IRQHandler
                0x08002944                DMA1_Channel6_IRQHandler
                0x08002944                UART4_IRQHandler
                0x08002944                RCC_IRQHandler
                0x08002944                TIM1_TRG_COM_IRQHandler
                0x08002944                DMA1_Channel1_IRQHandler
                0x08002944                Default_Handler
                0x08002944                EXTI15_10_IRQHandler
                0x08002944                TIM7_IRQHandler
                0x08002944                EXTI9_5_IRQHandler
                0x08002944                SPI2_IRQHandler
                0x08002944                DMA1_Channel5_IRQHandler
                0x08002944                EXTI4_IRQHandler
                0x08002944                USB_LP_CAN1_RX0_IRQHandler
                0x08002944                USB_HP_CAN1_TX_IRQHandler
                0x08002944                DMA1_Channel3_IRQHandler
                0x08002944                FSMC_IRQHandler
                0x08002944                TIM1_UP_IRQHandler
                0x08002944                WWDG_IRQHandler
                0x08002944                TIM1_BRK_IRQHandler
                0x08002944                EXTI1_IRQHandler
                0x08002944                DMA2_Channel4_5_IRQHandler
                0x08002944                USART2_IRQHandler
                0x08002944                I2C2_ER_IRQHandler
                0x08002944                DMA1_Channel2_IRQHandler
                0x08002944                TIM8_BRK_IRQHandler
                0x08002944                CAN1_SCE_IRQHandler
                0x08002944                FLASH_IRQHandler
                0x08002944                SPI3_IRQHandler
                0x08002944                I2C1_ER_IRQHandler
                0x08002944                USBWakeUp_IRQHandler
                0x08002944                DMA2_Channel3_IRQHandler
 *fill*         0x08002946        0x2 
 .text.HAL_InitTick
                0x08002948       0x4c CMakeFiles/distance.elf.dir/Drivers/STM32F1xx_HAL_Driver/Src/stm32f1xx_hal.c.obj
                0x08002948                HAL_InitTick
 .text.HAL_Init
                0x08002994       0x24 CMakeFiles/distance.elf.dir/Drivers/STM32F1xx_HAL_Driver/Src/stm32f1xx_hal.c.obj
                0x08002994                HAL_Init
 .text.HAL_IncTick
                0x080029b8       0x18 CMakeFiles/distance.elf.dir/Drivers/STM32F1xx_HAL_Driver/Src/stm32f1xx_hal.c.obj
                0x080029b8                HAL_IncTick
 .text.HAL_GetTick
                0x080029d0        0xc CMakeFiles/distance.elf.dir/Drivers/STM32F1xx_HAL_Driver/Src/stm32f1xx_hal.c.obj
                0x080029d0                HAL_GetTick
 .text.HAL_ADC_ConfigChannel
                0x080029dc      0x140 CMakeFiles/distance.elf.dir/Drivers/STM32F1xx_HAL_Driver/Src/stm32f1xx_hal_adc.c.obj
                0x080029dc                HAL_ADC_ConfigChannel
 .text.ADC_ConversionStop_Disable
                0x08002b1c       0x56 CMakeFiles/distance.elf.dir/Drivers/STM32F1xx_HAL_Driver/Src/stm32f1xx_hal_adc.c.obj
                0x08002b1c                ADC_ConversionStop_Disable
 *fill*         0x08002b72        0x2 
 .text.HAL_ADC_Init
                0x08002b74      0x128 CMakeFiles/distance.elf.dir/Drivers/STM32F1xx_HAL_Driver/Src/stm32f1xx_hal_adc.c.obj
                0x08002b74                HAL_ADC_Init
 .text.__NVIC_SetPriority
                0x08002c9c       0x28 CMakeFiles/distance.elf.dir/Drivers/STM32F1xx_HAL_Driver/Src/stm32f1xx_hal_cortex.c.obj
 .text.NVIC_EncodePriority
                0x08002cc4       0x3e CMakeFiles/distance.elf.dir/Drivers/STM32F1xx_HAL_Driver/Src/stm32f1xx_hal_cortex.c.obj
 *fill*         0x08002d02        0x2 
 .text.HAL_NVIC_SetPriorityGrouping
                0x08002d04       0x24 CMakeFiles/distance.elf.dir/Drivers/STM32F1xx_HAL_Driver/Src/stm32f1xx_hal_cortex.c.obj
                0x08002d04                HAL_NVIC_SetPriorityGrouping
 .text.HAL_NVIC_SetPriority
                0x08002d28       0x20 CMakeFiles/distance.elf.dir/Drivers/STM32F1xx_HAL_Driver/Src/stm32f1xx_hal_cortex.c.obj
                0x08002d28                HAL_NVIC_SetPriority
 .text.HAL_NVIC_EnableIRQ
                0x08002d48       0x1c CMakeFiles/distance.elf.dir/Drivers/STM32F1xx_HAL_Driver/Src/stm32f1xx_hal_cortex.c.obj
                0x08002d48                HAL_NVIC_EnableIRQ
 .text.HAL_SYSTICK_Config
                0x08002d64       0x28 CMakeFiles/distance.elf.dir/Drivers/STM32F1xx_HAL_Driver/Src/stm32f1xx_hal_cortex.c.obj
                0x08002d64                HAL_SYSTICK_Config
 .text.HAL_DMA_Abort
                0x08002d8c       0x46 CMakeFiles/distance.elf.dir/Drivers/STM32F1xx_HAL_Driver/Src/stm32f1xx_hal_dma.c.obj
                0x08002d8c                HAL_DMA_Abort
 *fill*         0x08002dd2        0x2 
 .text.HAL_DMA_Abort_IT
                0x08002dd4      0x16c CMakeFiles/distance.elf.dir/Drivers/STM32F1xx_HAL_Driver/Src/stm32f1xx_hal_dma.c.obj
                0x08002dd4                HAL_DMA_Abort_IT
 .text.HAL_GPIO_Init
                0x08002f40      0x238 CMakeFiles/distance.elf.dir/Drivers/STM32F1xx_HAL_Driver/Src/stm32f1xx_hal_gpio.c.obj
                0x08002f40                HAL_GPIO_Init
 .text.RCC_Delay
                0x08003178       0x2c CMakeFiles/distance.elf.dir/Drivers/STM32F1xx_HAL_Driver/Src/stm32f1xx_hal_rcc.c.obj
 .text.HAL_RCC_OscConfig
                0x080031a4      0x410 CMakeFiles/distance.elf.dir/Drivers/STM32F1xx_HAL_Driver/Src/stm32f1xx_hal_rcc.c.obj
                0x080031a4                HAL_RCC_OscConfig
 .text.HAL_RCC_GetSysClockFreq
                0x080035b4       0x54 CMakeFiles/distance.elf.dir/Drivers/STM32F1xx_HAL_Driver/Src/stm32f1xx_hal_rcc.c.obj
                0x080035b4                HAL_RCC_GetSysClockFreq
 .text.HAL_RCC_ClockConfig
                0x08003608      0x16c CMakeFiles/distance.elf.dir/Drivers/STM32F1xx_HAL_Driver/Src/stm32f1xx_hal_rcc.c.obj
                0x08003608                HAL_RCC_ClockConfig
 .text.HAL_RCC_GetHCLKFreq
                0x08003774        0xc CMakeFiles/distance.elf.dir/Drivers/STM32F1xx_HAL_Driver/Src/stm32f1xx_hal_rcc.c.obj
                0x08003774                HAL_RCC_GetHCLKFreq
 .text.HAL_RCC_GetPCLK1Freq
                0x08003780       0x20 CMakeFiles/distance.elf.dir/Drivers/STM32F1xx_HAL_Driver/Src/stm32f1xx_hal_rcc.c.obj
                0x08003780                HAL_RCC_GetPCLK1Freq
 .text.HAL_RCC_GetPCLK2Freq
                0x080037a0       0x20 CMakeFiles/distance.elf.dir/Drivers/STM32F1xx_HAL_Driver/Src/stm32f1xx_hal_rcc.c.obj
                0x080037a0                HAL_RCC_GetPCLK2Freq
 .text.HAL_RCCEx_PeriphCLKConfig
                0x080037c0      0x118 CMakeFiles/distance.elf.dir/Drivers/STM32F1xx_HAL_Driver/Src/stm32f1xx_hal_rcc_ex.c.obj
                0x080037c0                HAL_RCCEx_PeriphCLKConfig
 .text.TIM_OC1_SetConfig
                0x080038d8       0x70 CMakeFiles/distance.elf.dir/Drivers/STM32F1xx_HAL_Driver/Src/stm32f1xx_hal_tim.c.obj
 .text.TIM_OC3_SetConfig
                0x08003948       0x70 CMakeFiles/distance.elf.dir/Drivers/STM32F1xx_HAL_Driver/Src/stm32f1xx_hal_tim.c.obj
 .text.TIM_OC4_SetConfig
                0x080039b8       0x50 CMakeFiles/distance.elf.dir/Drivers/STM32F1xx_HAL_Driver/Src/stm32f1xx_hal_tim.c.obj
 .text.TIM_TI1_ConfigInputStage
                0x08003a08       0x24 CMakeFiles/distance.elf.dir/Drivers/STM32F1xx_HAL_Driver/Src/stm32f1xx_hal_tim.c.obj
 .text.TIM_TI2_ConfigInputStage
                0x08003a2c       0x26 CMakeFiles/distance.elf.dir/Drivers/STM32F1xx_HAL_Driver/Src/stm32f1xx_hal_tim.c.obj
 .text.TIM_ITRx_SetConfig
                0x08003a52       0x10 CMakeFiles/distance.elf.dir/Drivers/STM32F1xx_HAL_Driver/Src/stm32f1xx_hal_tim.c.obj
 *fill*         0x08003a62        0x2 
 .text.HAL_TIM_Base_Start_IT
                0x08003a64       0x78 CMakeFiles/distance.elf.dir/Drivers/STM32F1xx_HAL_Driver/Src/stm32f1xx_hal_tim.c.obj
                0x08003a64                HAL_TIM_Base_Start_IT
 .text.HAL_TIM_PWM_MspInit
                0x08003adc        0x2 CMakeFiles/distance.elf.dir/Drivers/STM32F1xx_HAL_Driver/Src/stm32f1xx_hal_tim.c.obj
                0x08003adc                HAL_TIM_PWM_MspInit
 .text.HAL_TIM_OC_DelayElapsedCallback
                0x08003ade        0x2 CMakeFiles/distance.elf.dir/Drivers/STM32F1xx_HAL_Driver/Src/stm32f1xx_hal_tim.c.obj
                0x08003ade                HAL_TIM_OC_DelayElapsedCallback
 .text.HAL_TIM_IC_CaptureCallback
                0x08003ae0        0x2 CMakeFiles/distance.elf.dir/Drivers/STM32F1xx_HAL_Driver/Src/stm32f1xx_hal_tim.c.obj
                0x08003ae0                HAL_TIM_IC_CaptureCallback
 .text.HAL_TIM_PWM_PulseFinishedCallback
                0x08003ae2        0x2 CMakeFiles/distance.elf.dir/Drivers/STM32F1xx_HAL_Driver/Src/stm32f1xx_hal_tim.c.obj
                0x08003ae2                HAL_TIM_PWM_PulseFinishedCallback
 .text.HAL_TIM_TriggerCallback
                0x08003ae4        0x2 CMakeFiles/distance.elf.dir/Drivers/STM32F1xx_HAL_Driver/Src/stm32f1xx_hal_tim.c.obj
                0x08003ae4                HAL_TIM_TriggerCallback
 .text.HAL_TIM_IRQHandler
                0x08003ae6      0x17a CMakeFiles/distance.elf.dir/Drivers/STM32F1xx_HAL_Driver/Src/stm32f1xx_hal_tim.c.obj
                0x08003ae6                HAL_TIM_IRQHandler
 .text.TIM_Base_SetConfig
                0x08003c60       0x98 CMakeFiles/distance.elf.dir/Drivers/STM32F1xx_HAL_Driver/Src/stm32f1xx_hal_tim.c.obj
                0x08003c60                TIM_Base_SetConfig
 .text.HAL_TIM_Base_Init
                0x08003cf8       0x58 CMakeFiles/distance.elf.dir/Drivers/STM32F1xx_HAL_Driver/Src/stm32f1xx_hal_tim.c.obj
                0x08003cf8                HAL_TIM_Base_Init
 .text.HAL_TIM_PWM_Init
                0x08003d50       0x58 CMakeFiles/distance.elf.dir/Drivers/STM32F1xx_HAL_Driver/Src/stm32f1xx_hal_tim.c.obj
                0x08003d50                HAL_TIM_PWM_Init
 .text.HAL_TIM_Encoder_Init
                0x08003da8       0xb6 CMakeFiles/distance.elf.dir/Drivers/STM32F1xx_HAL_Driver/Src/stm32f1xx_hal_tim.c.obj
                0x08003da8                HAL_TIM_Encoder_Init
 *fill*         0x08003e5e        0x2 
 .text.TIM_OC2_SetConfig
                0x08003e60       0x70 CMakeFiles/distance.elf.dir/Drivers/STM32F1xx_HAL_Driver/Src/stm32f1xx_hal_tim.c.obj
                0x08003e60                TIM_OC2_SetConfig
 .text.HAL_TIM_PWM_ConfigChannel
                0x08003ed0       0xdc CMakeFiles/distance.elf.dir/Drivers/STM32F1xx_HAL_Driver/Src/stm32f1xx_hal_tim.c.obj
                0x08003ed0                HAL_TIM_PWM_ConfigChannel
 .text.TIM_ETR_SetConfig
                0x08003fac       0x18 CMakeFiles/distance.elf.dir/Drivers/STM32F1xx_HAL_Driver/Src/stm32f1xx_hal_tim.c.obj
                0x08003fac                TIM_ETR_SetConfig
 .text.HAL_TIM_ConfigClockSource
                0x08003fc4       0xfe CMakeFiles/distance.elf.dir/Drivers/STM32F1xx_HAL_Driver/Src/stm32f1xx_hal_tim.c.obj
                0x08003fc4                HAL_TIM_ConfigClockSource
 .text.TIM_CCxChannelCmd
                0x080040c2       0x1e CMakeFiles/distance.elf.dir/Drivers/STM32F1xx_HAL_Driver/Src/stm32f1xx_hal_tim.c.obj
                0x080040c2                TIM_CCxChannelCmd
 .text.HAL_TIM_PWM_Start
                0x080040e0       0xf4 CMakeFiles/distance.elf.dir/Drivers/STM32F1xx_HAL_Driver/Src/stm32f1xx_hal_tim.c.obj
                0x080040e0                HAL_TIM_PWM_Start
 .text.HAL_TIM_Encoder_Start
                0x080041d4       0xcc CMakeFiles/distance.elf.dir/Drivers/STM32F1xx_HAL_Driver/Src/stm32f1xx_hal_tim.c.obj
                0x080041d4                HAL_TIM_Encoder_Start
 .text.HAL_TIMEx_MasterConfigSynchronization
                0x080042a0       0x7c CMakeFiles/distance.elf.dir/Drivers/STM32F1xx_HAL_Driver/Src/stm32f1xx_hal_tim_ex.c.obj
                0x080042a0                HAL_TIMEx_MasterConfigSynchronization
 .text.HAL_TIMEx_ConfigBreakDeadTime
                0x0800431c       0x52 CMakeFiles/distance.elf.dir/Drivers/STM32F1xx_HAL_Driver/Src/stm32f1xx_hal_tim_ex.c.obj
                0x0800431c                HAL_TIMEx_ConfigBreakDeadTime
 .text.HAL_TIMEx_CommutCallback
                0x0800436e        0x2 CMakeFiles/distance.elf.dir/Drivers/STM32F1xx_HAL_Driver/Src/stm32f1xx_hal_tim_ex.c.obj
                0x0800436e                HAL_TIMEx_CommutCallback
 .text.HAL_TIMEx_BreakCallback
                0x08004370        0x2 CMakeFiles/distance.elf.dir/Drivers/STM32F1xx_HAL_Driver/Src/stm32f1xx_hal_tim_ex.c.obj
                0x08004370                HAL_TIMEx_BreakCallback
 .text.UART_EndRxTransfer
                0x08004372       0x5c CMakeFiles/distance.elf.dir/Drivers/STM32F1xx_HAL_Driver/Src/stm32f1xx_hal_uart.c.obj
 .text.UART_Transmit_IT
                0x080043ce       0x60 CMakeFiles/distance.elf.dir/Drivers/STM32F1xx_HAL_Driver/Src/stm32f1xx_hal_uart.c.obj
 *fill*         0x0800442e        0x2 
 .text.UART_SetConfig
                0x08004430       0x94 CMakeFiles/distance.elf.dir/Drivers/STM32F1xx_HAL_Driver/Src/stm32f1xx_hal_uart.c.obj
 .text.HAL_UART_Init
                0x080044c4       0x60 CMakeFiles/distance.elf.dir/Drivers/STM32F1xx_HAL_Driver/Src/stm32f1xx_hal_uart.c.obj
                0x080044c4                HAL_UART_Init
 .text.HAL_UART_TxCpltCallback
                0x08004524        0x2 CMakeFiles/distance.elf.dir/Drivers/STM32F1xx_HAL_Driver/Src/stm32f1xx_hal_uart.c.obj
                0x08004524                HAL_UART_TxCpltCallback
 .text.UART_EndTransmit_IT
                0x08004526       0x1a CMakeFiles/distance.elf.dir/Drivers/STM32F1xx_HAL_Driver/Src/stm32f1xx_hal_uart.c.obj
 .text.HAL_UART_RxCpltCallback
                0x08004540        0x2 CMakeFiles/distance.elf.dir/Drivers/STM32F1xx_HAL_Driver/Src/stm32f1xx_hal_uart.c.obj
                0x08004540                HAL_UART_RxCpltCallback
 .text.HAL_UART_ErrorCallback
                0x08004542        0x2 CMakeFiles/distance.elf.dir/Drivers/STM32F1xx_HAL_Driver/Src/stm32f1xx_hal_uart.c.obj
                0x08004542                HAL_UART_ErrorCallback
 .text.UART_DMAAbortOnError
                0x08004544       0x10 CMakeFiles/distance.elf.dir/Drivers/STM32F1xx_HAL_Driver/Src/stm32f1xx_hal_uart.c.obj
 .text.HAL_UARTEx_RxEventCallback
                0x08004554        0x2 CMakeFiles/distance.elf.dir/Drivers/STM32F1xx_HAL_Driver/Src/stm32f1xx_hal_uart.c.obj
                0x08004554                HAL_UARTEx_RxEventCallback
 .text.UART_Receive_IT
                0x08004556       0xe6 CMakeFiles/distance.elf.dir/Drivers/STM32F1xx_HAL_Driver/Src/stm32f1xx_hal_uart.c.obj
 .text.HAL_UART_IRQHandler
                0x0800463c      0x284 CMakeFiles/distance.elf.dir/Drivers/STM32F1xx_HAL_Driver/Src/stm32f1xx_hal_uart.c.obj
                0x0800463c                HAL_UART_IRQHandler
 .text.__aeabi_atexit
                0x080048c0        0xc d:/program files/armgnu~1/12977f~1.2mp/bin/../lib/gcc/arm-none-eabi/12.2.1/thumb/v7-m/nofp\libstdc++.a(atexit_arm.o)
                0x080048c0                __aeabi_atexit
 .text.__cxa_end_cleanup
                0x080048cc        0xc d:/program files/armgnu~1/12977f~1.2mp/bin/../lib/gcc/arm-none-eabi/12.2.1/thumb/v7-m/nofp\libstdc++.a(eh_arm.o)
                0x080048cc                __cxa_end_cleanup
 .text.__cxa_type_match
                0x080048d8       0xa8 d:/program files/armgnu~1/12977f~1.2mp/bin/../lib/gcc/arm-none-eabi/12.2.1/thumb/v7-m/nofp\libstdc++.a(eh_arm.o)
                0x080048d8                __cxa_type_match
 .text.__cxa_begin_cleanup
                0x08004980       0x64 d:/program files/armgnu~1/12977f~1.2mp/bin/../lib/gcc/arm-none-eabi/12.2.1/thumb/v7-m/nofp\libstdc++.a(eh_arm.o)
                0x08004980                __cxa_begin_cleanup
 .text.__gnu_end_cleanup
                0x080049e4       0x70 d:/program files/armgnu~1/12977f~1.2mp/bin/../lib/gcc/arm-none-eabi/12.2.1/thumb/v7-m/nofp\libstdc++.a(eh_arm.o)
                0x080049e4                __gnu_end_cleanup
 .text._ZNSt13bad_exceptionD2Ev
                0x08004a54        0x4 d:/program files/armgnu~1/12977f~1.2mp/bin/../lib/gcc/arm-none-eabi/12.2.1/thumb/v7-m/nofp\libstdc++.a(eh_exception.o)
                0x08004a54                std::bad_exception::~bad_exception()
                0x08004a54                std::bad_exception::~bad_exception()
 .text._ZNKSt13bad_exception4whatEv
                0x08004a58        0x8 d:/program files/armgnu~1/12977f~1.2mp/bin/../lib/gcc/arm-none-eabi/12.2.1/thumb/v7-m/nofp\libstdc++.a(eh_exception.o)
                0x08004a58                std::bad_exception::what() const
                0x08004a58                transaction clone for std::bad_exception::what() const
 .text._ZNSt13bad_exceptionD0Ev
                0x08004a60       0x10 d:/program files/armgnu~1/12977f~1.2mp/bin/../lib/gcc/arm-none-eabi/12.2.1/thumb/v7-m/nofp\libstdc++.a(eh_exception.o)
                0x08004a60                std::bad_exception::~bad_exception()
 .text._ZN12_GLOBAL__N_113constant_initD2Ev
                0x08004a70        0x4 d:/program files/armgnu~1/12977f~1.2mp/bin/../lib/gcc/arm-none-eabi/12.2.1/thumb/v7-m/nofp\libstdc++.a(eh_globals.o)
 .text.__cxa_get_globals_fast
                0x08004a74        0x8 d:/program files/armgnu~1/12977f~1.2mp/bin/../lib/gcc/arm-none-eabi/12.2.1/thumb/v7-m/nofp\libstdc++.a(eh_globals.o)
                0x08004a74                __cxa_get_globals_fast
 .text.__cxa_get_globals
                0x08004a7c        0x8 d:/program files/armgnu~1/12977f~1.2mp/bin/../lib/gcc/arm-none-eabi/12.2.1/thumb/v7-m/nofp\libstdc++.a(eh_globals.o)
                0x08004a7c                __cxa_get_globals
 .text.startup._GLOBAL__sub_I___cxa_get_globals_fast
                0x08004a84       0x18 d:/program files/armgnu~1/12977f~1.2mp/bin/../lib/gcc/arm-none-eabi/12.2.1/thumb/v7-m/nofp\libstdc++.a(eh_globals.o)
 .text._ZL28read_encoded_value_with_basehjPKhPj
                0x08004a9c       0xc0 d:/program files/armgnu~1/12977f~1.2mp/bin/../lib/gcc/arm-none-eabi/12.2.1/thumb/v7-m/nofp\libstdc++.a(eh_personality.o)
 .text._ZL21base_of_encoded_valuehP15_Unwind_Context
                0x08004b5c       0x44 d:/program files/armgnu~1/12977f~1.2mp/bin/../lib/gcc/arm-none-eabi/12.2.1/thumb/v7-m/nofp\libstdc++.a(eh_personality.o)
 .text._ZL17parse_lsda_headerP15_Unwind_ContextPKhP16lsda_header_info
                0x08004ba0       0x90 d:/program files/armgnu~1/12977f~1.2mp/bin/../lib/gcc/arm-none-eabi/12.2.1/thumb/v7-m/nofp\libstdc++.a(eh_personality.o)
 .text.__gxx_personality_v0
                0x08004c30      0x458 d:/program files/armgnu~1/12977f~1.2mp/bin/../lib/gcc/arm-none-eabi/12.2.1/thumb/v7-m/nofp\libstdc++.a(eh_personality.o)
                0x08004c30                __gxx_personality_v0
 .text._ZN10__cxxabiv111__terminateEPFvvE
                0x08005088       0x10 d:/program files/armgnu~1/12977f~1.2mp/bin/../lib/gcc/arm-none-eabi/12.2.1/thumb/v7-m/nofp\libstdc++.a(eh_terminate.o)
                0x08005088                __cxxabiv1::__terminate(void (*)())
 .text._ZSt9terminatev
                0x08005098       0x14 d:/program files/armgnu~1/12977f~1.2mp/bin/../lib/gcc/arm-none-eabi/12.2.1/thumb/v7-m/nofp\libstdc++.a(eh_terminate.o)
                0x08005098                std::terminate()
 .text._ZN10__cxxabiv112__unexpectedEPFvvE
                0x080050ac        0x8 d:/program files/armgnu~1/12977f~1.2mp/bin/../lib/gcc/arm-none-eabi/12.2.1/thumb/v7-m/nofp\libstdc++.a(eh_terminate.o)
                0x080050ac                __cxxabiv1::__unexpected(void (*)())
 .text._ZSt10unexpectedv
                0x080050b4       0x14 d:/program files/armgnu~1/12977f~1.2mp/bin/../lib/gcc/arm-none-eabi/12.2.1/thumb/v7-m/nofp\libstdc++.a(eh_terminate.o)
                0x080050b4                std::unexpected()
 .text._ZSt13get_terminatev
                0x080050c8       0x10 d:/program files/armgnu~1/12977f~1.2mp/bin/../lib/gcc/arm-none-eabi/12.2.1/thumb/v7-m/nofp\libstdc++.a(eh_terminate.o)
                0x080050c8                std::get_terminate()
 .text._ZSt14get_unexpectedv
                0x080050d8       0x10 d:/program files/armgnu~1/12977f~1.2mp/bin/../lib/gcc/arm-none-eabi/12.2.1/thumb/v7-m/nofp\libstdc++.a(eh_terminate.o)
                0x080050d8                std::get_unexpected()
 .text._ZN10__cxxabiv120__si_class_type_infoD2Ev
                0x080050e8       0x14 d:/program files/armgnu~1/12977f~1.2mp/bin/../lib/gcc/arm-none-eabi/12.2.1/thumb/v7-m/nofp\libstdc++.a(si_class_type_info.o)
                0x080050e8                __cxxabiv1::__si_class_type_info::~__si_class_type_info()
                0x080050e8                __cxxabiv1::__si_class_type_info::~__si_class_type_info()
 .text._ZN10__cxxabiv120__si_class_type_infoD0Ev
                0x080050fc       0x1c d:/program files/armgnu~1/12977f~1.2mp/bin/../lib/gcc/arm-none-eabi/12.2.1/thumb/v7-m/nofp\libstdc++.a(si_class_type_info.o)
                0x080050fc                __cxxabiv1::__si_class_type_info::~__si_class_type_info()
 .text._ZNK10__cxxabiv120__si_class_type_info20__do_find_public_srcEiPKvPKNS_17__class_type_infoES2_
                0x08005118       0x3c d:/program files/armgnu~1/12977f~1.2mp/bin/../lib/gcc/arm-none-eabi/12.2.1/thumb/v7-m/nofp\libstdc++.a(si_class_type_info.o)
                0x08005118                __cxxabiv1::__si_class_type_info::__do_find_public_src(int, void const*, __cxxabiv1::__class_type_info const*, void const*) const
 .text._ZNK10__cxxabiv120__si_class_type_info12__do_dyncastEiNS_17__class_type_info10__sub_kindEPKS1_PKvS4_S6_RNS1_16__dyncast_resultE
                0x08005154       0x84 d:/program files/armgnu~1/12977f~1.2mp/bin/../lib/gcc/arm-none-eabi/12.2.1/thumb/v7-m/nofp\libstdc++.a(si_class_type_info.o)
                0x08005154                __cxxabiv1::__si_class_type_info::__do_dyncast(int, __cxxabiv1::__class_type_info::__sub_kind, __cxxabiv1::__class_type_info const*, void const*, __cxxabiv1::__class_type_info const*, void const*, __cxxabiv1::__class_type_info::__dyncast_result&) const
 .text._ZNK10__cxxabiv120__si_class_type_info11__do_upcastEPKNS_17__class_type_infoEPKvRNS1_15__upcast_resultE
                0x080051d8       0x2c d:/program files/armgnu~1/12977f~1.2mp/bin/../lib/gcc/arm-none-eabi/12.2.1/thumb/v7-m/nofp\libstdc++.a(si_class_type_info.o)
                0x080051d8                __cxxabiv1::__si_class_type_info::__do_upcast(__cxxabiv1::__class_type_info const*, void const*, __cxxabiv1::__class_type_info::__upcast_result&) const
 .text._ZNSt9type_infoD2Ev
                0x08005204        0x4 d:/program files/armgnu~1/12977f~1.2mp/bin/../lib/gcc/arm-none-eabi/12.2.1/thumb/v7-m/nofp\libstdc++.a(tinfo.o)
                0x08005204                std::type_info::~type_info()
                0x08005204                std::type_info::~type_info()
 .text._ZNKSt9type_info14__is_pointer_pEv
                0x08005208        0x4 d:/program files/armgnu~1/12977f~1.2mp/bin/../lib/gcc/arm-none-eabi/12.2.1/thumb/v7-m/nofp\libstdc++.a(tinfo.o)
                0x08005208                std::type_info::__is_pointer_p() const
                0x08005208                std::type_info::__is_function_p() const
 .text._ZNKSt9type_infoeqERKS_
                0x0800520c       0x2c d:/program files/armgnu~1/12977f~1.2mp/bin/../lib/gcc/arm-none-eabi/12.2.1/thumb/v7-m/nofp\libstdc++.a(tinfo.o)
                0x0800520c                std::type_info::operator==(std::type_info const&) const
                0x0800520c                std::type_info::__equal(std::type_info const&) const
 .text._ZN9__gnu_cxx27__verbose_terminate_handlerEv
                0x08005238      0x10c d:/program files/armgnu~1/12977f~1.2mp/bin/../lib/gcc/arm-none-eabi/12.2.1/thumb/v7-m/nofp\libstdc++.a(vterminate.o)
                0x08005238                __gnu_cxx::__verbose_terminate_handler()
 .text._ZNK10__cxxabiv117__class_type_info11__do_upcastEPKS0_PPv
                0x08005344       0x34 d:/program files/armgnu~1/12977f~1.2mp/bin/../lib/gcc/arm-none-eabi/12.2.1/thumb/v7-m/nofp\libstdc++.a(class_type_info.o)
                0x08005344                __cxxabiv1::__class_type_info::__do_upcast(__cxxabiv1::__class_type_info const*, void**) const
 .text._ZNK10__cxxabiv117__class_type_info20__do_find_public_srcEiPKvPKS0_S2_
                0x08005378        0xc d:/program files/armgnu~1/12977f~1.2mp/bin/../lib/gcc/arm-none-eabi/12.2.1/thumb/v7-m/nofp\libstdc++.a(class_type_info.o)
                0x08005378                __cxxabiv1::__class_type_info::__do_find_public_src(int, void const*, __cxxabiv1::__class_type_info const*, void const*) const
 .text._ZN10__cxxabiv117__class_type_infoD2Ev
                0x08005384       0x14 d:/program files/armgnu~1/12977f~1.2mp/bin/../lib/gcc/arm-none-eabi/12.2.1/thumb/v7-m/nofp\libstdc++.a(class_type_info.o)
                0x08005384                __cxxabiv1::__class_type_info::~__class_type_info()
                0x08005384                __cxxabiv1::__class_type_info::~__class_type_info()
 .text._ZN10__cxxabiv117__class_type_infoD0Ev
                0x08005398       0x1c d:/program files/armgnu~1/12977f~1.2mp/bin/../lib/gcc/arm-none-eabi/12.2.1/thumb/v7-m/nofp\libstdc++.a(class_type_info.o)
                0x08005398                __cxxabiv1::__class_type_info::~__class_type_info()
 .text._ZNK10__cxxabiv117__class_type_info12__do_dyncastEiNS0_10__sub_kindEPKS0_PKvS3_S5_RNS0_16__dyncast_resultE
                0x080053b4       0x44 d:/program files/armgnu~1/12977f~1.2mp/bin/../lib/gcc/arm-none-eabi/12.2.1/thumb/v7-m/nofp\libstdc++.a(class_type_info.o)
                0x080053b4                __cxxabiv1::__class_type_info::__do_dyncast(int, __cxxabiv1::__class_type_info::__sub_kind, __cxxabiv1::__class_type_info const*, void const*, __cxxabiv1::__class_type_info const*, void const*, __cxxabiv1::__class_type_info::__dyncast_result&) const
 .text._ZNK10__cxxabiv117__class_type_info11__do_upcastEPKS0_PKvRNS0_15__upcast_resultE
                0x080053f8       0x1c d:/program files/armgnu~1/12977f~1.2mp/bin/../lib/gcc/arm-none-eabi/12.2.1/thumb/v7-m/nofp\libstdc++.a(class_type_info.o)
                0x080053f8                __cxxabiv1::__class_type_info::__do_upcast(__cxxabiv1::__class_type_info const*, void const*, __cxxabiv1::__class_type_info::__upcast_result&) const
 .text._ZNK10__cxxabiv117__class_type_info10__do_catchEPKSt9type_infoPPvj
                0x08005414       0x2c d:/program files/armgnu~1/12977f~1.2mp/bin/../lib/gcc/arm-none-eabi/12.2.1/thumb/v7-m/nofp\libstdc++.a(class_type_info.o)
                0x08005414                __cxxabiv1::__class_type_info::__do_catch(std::type_info const*, void**, unsigned int) const
 .text.d_make_comp
                0x08005440       0xec d:/program files/armgnu~1/12977f~1.2mp/bin/../lib/gcc/arm-none-eabi/12.2.1/thumb/v7-m/nofp\libstdc++.a(cp-demangle.o)
 .text.d_number
                0x0800552c       0x74 d:/program files/armgnu~1/12977f~1.2mp/bin/../lib/gcc/arm-none-eabi/12.2.1/thumb/v7-m/nofp\libstdc++.a(cp-demangle.o)
 .text.d_call_offset
                0x080055a0       0x50 d:/program files/armgnu~1/12977f~1.2mp/bin/../lib/gcc/arm-none-eabi/12.2.1/thumb/v7-m/nofp\libstdc++.a(cp-demangle.o)
 .text.d_discriminator
                0x080055f0       0x4c d:/program files/armgnu~1/12977f~1.2mp/bin/../lib/gcc/arm-none-eabi/12.2.1/thumb/v7-m/nofp\libstdc++.a(cp-demangle.o)
 .text.d_count_templates_scopes
                0x0800563c       0xd4 d:/program files/armgnu~1/12977f~1.2mp/bin/../lib/gcc/arm-none-eabi/12.2.1/thumb/v7-m/nofp\libstdc++.a(cp-demangle.o)
 .text.d_pack_length
                0x08005710       0x20 d:/program files/armgnu~1/12977f~1.2mp/bin/../lib/gcc/arm-none-eabi/12.2.1/thumb/v7-m/nofp\libstdc++.a(cp-demangle.o)
 .text.d_index_template_argument.part.0
                0x08005730       0x1c d:/program files/armgnu~1/12977f~1.2mp/bin/../lib/gcc/arm-none-eabi/12.2.1/thumb/v7-m/nofp\libstdc++.a(cp-demangle.o)
 .text.d_growable_string_callback_adapter
                0x0800574c       0x8c d:/program files/armgnu~1/12977f~1.2mp/bin/../lib/gcc/arm-none-eabi/12.2.1/thumb/v7-m/nofp\libstdc++.a(cp-demangle.o)
 .text.next_is_type_qual.isra.0
                0x080057d8       0x34 d:/program files/armgnu~1/12977f~1.2mp/bin/../lib/gcc/arm-none-eabi/12.2.1/thumb/v7-m/nofp\libstdc++.a(cp-demangle.o)
 .text.d_append_char
                0x0800580c       0x44 d:/program files/armgnu~1/12977f~1.2mp/bin/../lib/gcc/arm-none-eabi/12.2.1/thumb/v7-m/nofp\libstdc++.a(cp-demangle.o)
 .text.d_lookup_template_argument
                0x08005850       0x34 d:/program files/armgnu~1/12977f~1.2mp/bin/../lib/gcc/arm-none-eabi/12.2.1/thumb/v7-m/nofp\libstdc++.a(cp-demangle.o)
 .text.d_find_pack
                0x08005884       0x90 d:/program files/armgnu~1/12977f~1.2mp/bin/../lib/gcc/arm-none-eabi/12.2.1/thumb/v7-m/nofp\libstdc++.a(cp-demangle.o)
 .text.d_append_string
                0x08005914       0x68 d:/program files/armgnu~1/12977f~1.2mp/bin/../lib/gcc/arm-none-eabi/12.2.1/thumb/v7-m/nofp\libstdc++.a(cp-demangle.o)
 .text.d_template_param
                0x0800597c       0x64 d:/program files/armgnu~1/12977f~1.2mp/bin/../lib/gcc/arm-none-eabi/12.2.1/thumb/v7-m/nofp\libstdc++.a(cp-demangle.o)
 .text.d_append_num
                0x080059e0       0x78 d:/program files/armgnu~1/12977f~1.2mp/bin/../lib/gcc/arm-none-eabi/12.2.1/thumb/v7-m/nofp\libstdc++.a(cp-demangle.o)
 .text.d_source_name
                0x08005a58       0xe0 d:/program files/armgnu~1/12977f~1.2mp/bin/../lib/gcc/arm-none-eabi/12.2.1/thumb/v7-m/nofp\libstdc++.a(cp-demangle.o)
 .text.d_substitution
                0x08005b38      0x18c d:/program files/armgnu~1/12977f~1.2mp/bin/../lib/gcc/arm-none-eabi/12.2.1/thumb/v7-m/nofp\libstdc++.a(cp-demangle.o)
 .text.d_type   0x08005cc4      0x834 d:/program files/armgnu~1/12977f~1.2mp/bin/../lib/gcc/arm-none-eabi/12.2.1/thumb/v7-m/nofp\libstdc++.a(cp-demangle.o)
 .text.d_parmlist
                0x080064f8       0x80 d:/program files/armgnu~1/12977f~1.2mp/bin/../lib/gcc/arm-none-eabi/12.2.1/thumb/v7-m/nofp\libstdc++.a(cp-demangle.o)
 .text.d_bare_function_type
                0x08006578       0x48 d:/program files/armgnu~1/12977f~1.2mp/bin/../lib/gcc/arm-none-eabi/12.2.1/thumb/v7-m/nofp\libstdc++.a(cp-demangle.o)
 .text.d_function_type
                0x080065c0       0x8c d:/program files/armgnu~1/12977f~1.2mp/bin/../lib/gcc/arm-none-eabi/12.2.1/thumb/v7-m/nofp\libstdc++.a(cp-demangle.o)
 .text.d_operator_name
                0x0800664c      0x100 d:/program files/armgnu~1/12977f~1.2mp/bin/../lib/gcc/arm-none-eabi/12.2.1/thumb/v7-m/nofp\libstdc++.a(cp-demangle.o)
 .text.d_unqualified_name
                0x0800674c      0x344 d:/program files/armgnu~1/12977f~1.2mp/bin/../lib/gcc/arm-none-eabi/12.2.1/thumb/v7-m/nofp\libstdc++.a(cp-demangle.o)
 .text.d_expr_primary
                0x08006a90      0x120 d:/program files/armgnu~1/12977f~1.2mp/bin/../lib/gcc/arm-none-eabi/12.2.1/thumb/v7-m/nofp\libstdc++.a(cp-demangle.o)
 .text.d_template_arg
                0x08006bb0       0x58 d:/program files/armgnu~1/12977f~1.2mp/bin/../lib/gcc/arm-none-eabi/12.2.1/thumb/v7-m/nofp\libstdc++.a(cp-demangle.o)
 .text.d_template_args_1
                0x08006c08       0x64 d:/program files/armgnu~1/12977f~1.2mp/bin/../lib/gcc/arm-none-eabi/12.2.1/thumb/v7-m/nofp\libstdc++.a(cp-demangle.o)
 .text.d_prefix
                0x08006c6c      0x13c d:/program files/armgnu~1/12977f~1.2mp/bin/../lib/gcc/arm-none-eabi/12.2.1/thumb/v7-m/nofp\libstdc++.a(cp-demangle.o)
 .text.d_expression_1
                0x08006da8      0x508 d:/program files/armgnu~1/12977f~1.2mp/bin/../lib/gcc/arm-none-eabi/12.2.1/thumb/v7-m/nofp\libstdc++.a(cp-demangle.o)
 .text.d_exprlist
                0x080072b0       0x74 d:/program files/armgnu~1/12977f~1.2mp/bin/../lib/gcc/arm-none-eabi/12.2.1/thumb/v7-m/nofp\libstdc++.a(cp-demangle.o)
 .text.d_cv_qualifiers
                0x08007324      0x154 d:/program files/armgnu~1/12977f~1.2mp/bin/../lib/gcc/arm-none-eabi/12.2.1/thumb/v7-m/nofp\libstdc++.a(cp-demangle.o)
 .text.d_special_name
                0x08007478      0x530 d:/program files/armgnu~1/12977f~1.2mp/bin/../lib/gcc/arm-none-eabi/12.2.1/thumb/v7-m/nofp\libstdc++.a(cp-demangle.o)
 .text.d_name   0x080079a8      0x2cc d:/program files/armgnu~1/12977f~1.2mp/bin/../lib/gcc/arm-none-eabi/12.2.1/thumb/v7-m/nofp\libstdc++.a(cp-demangle.o)
 .text.d_encoding.part.0
                0x08007c74       0xf8 d:/program files/armgnu~1/12977f~1.2mp/bin/../lib/gcc/arm-none-eabi/12.2.1/thumb/v7-m/nofp\libstdc++.a(cp-demangle.o)
 .text.d_print_comp_inner
                0x08007d6c     0x20c4 d:/program files/armgnu~1/12977f~1.2mp/bin/../lib/gcc/arm-none-eabi/12.2.1/thumb/v7-m/nofp\libstdc++.a(cp-demangle.o)
 .text.d_print_comp
                0x08009e30       0x5c d:/program files/armgnu~1/12977f~1.2mp/bin/../lib/gcc/arm-none-eabi/12.2.1/thumb/v7-m/nofp\libstdc++.a(cp-demangle.o)
 .text.d_print_mod
                0x08009e8c      0x634 d:/program files/armgnu~1/12977f~1.2mp/bin/../lib/gcc/arm-none-eabi/12.2.1/thumb/v7-m/nofp\libstdc++.a(cp-demangle.o)
 .text.d_print_function_type
                0x0800a4c0      0x1c8 d:/program files/armgnu~1/12977f~1.2mp/bin/../lib/gcc/arm-none-eabi/12.2.1/thumb/v7-m/nofp\libstdc++.a(cp-demangle.o)
 .text.d_print_mod_list
                0x0800a688      0x23c d:/program files/armgnu~1/12977f~1.2mp/bin/../lib/gcc/arm-none-eabi/12.2.1/thumb/v7-m/nofp\libstdc++.a(cp-demangle.o)
 .text.d_print_array_type
                0x0800a8c4      0x1b0 d:/program files/armgnu~1/12977f~1.2mp/bin/../lib/gcc/arm-none-eabi/12.2.1/thumb/v7-m/nofp\libstdc++.a(cp-demangle.o)
 .text.d_print_expr_op
                0x0800aa74       0x78 d:/program files/armgnu~1/12977f~1.2mp/bin/../lib/gcc/arm-none-eabi/12.2.1/thumb/v7-m/nofp\libstdc++.a(cp-demangle.o)
 .text.d_demangle_callback.constprop.0
                0x0800aaec      0x39c d:/program files/armgnu~1/12977f~1.2mp/bin/../lib/gcc/arm-none-eabi/12.2.1/thumb/v7-m/nofp\libstdc++.a(cp-demangle.o)
 .text.d_print_subexpr
                0x0800ae88       0xf4 d:/program files/armgnu~1/12977f~1.2mp/bin/../lib/gcc/arm-none-eabi/12.2.1/thumb/v7-m/nofp\libstdc++.a(cp-demangle.o)
 .text.d_maybe_print_fold_expression
                0x0800af7c      0x24c d:/program files/armgnu~1/12977f~1.2mp/bin/../lib/gcc/arm-none-eabi/12.2.1/thumb/v7-m/nofp\libstdc++.a(cp-demangle.o)
 .text.d_maybe_print_designated_init
                0x0800b1c8      0x1e4 d:/program files/armgnu~1/12977f~1.2mp/bin/../lib/gcc/arm-none-eabi/12.2.1/thumb/v7-m/nofp\libstdc++.a(cp-demangle.o)
 .text.__cxa_demangle
                0x0800b3ac       0xbc d:/program files/armgnu~1/12977f~1.2mp/bin/../lib/gcc/arm-none-eabi/12.2.1/thumb/v7-m/nofp\libstdc++.a(cp-demangle.o)
                0x0800b3ac                __cxa_demangle
 .text._ZdlPvj  0x0800b468        0x4 d:/program files/armgnu~1/12977f~1.2mp/bin/../lib/gcc/arm-none-eabi/12.2.1/thumb/v7-m/nofp\libstdc++.a(del_ops.o)
                0x0800b468                operator delete(void*, unsigned int)
 .text._ZN10__cxxabiv1L24__is_gxx_exception_classEPc
                0x0800b46c       0x3c d:/program files/armgnu~1/12977f~1.2mp/bin/../lib/gcc/arm-none-eabi/12.2.1/thumb/v7-m/nofp\libstdc++.a(eh_call.o)
 .text.__cxa_call_terminate
                0x0800b4a8       0x20 d:/program files/armgnu~1/12977f~1.2mp/bin/../lib/gcc/arm-none-eabi/12.2.1/thumb/v7-m/nofp\libstdc++.a(eh_call.o)
                0x0800b4a8                __cxa_call_terminate
 .text.unlikely.__cxa_call_unexpected
                0x0800b4c8       0xd0 d:/program files/armgnu~1/12977f~1.2mp/bin/../lib/gcc/arm-none-eabi/12.2.1/thumb/v7-m/nofp\libstdc++.a(eh_call.o)
                0x0800b4c8                __cxa_call_unexpected
 .text.__cxa_begin_catch
                0x0800b598       0x80 d:/program files/armgnu~1/12977f~1.2mp/bin/../lib/gcc/arm-none-eabi/12.2.1/thumb/v7-m/nofp\libstdc++.a(eh_catch.o)
                0x0800b598                __cxa_begin_catch
 .text.__cxa_end_catch
                0x0800b618       0x88 d:/program files/armgnu~1/12977f~1.2mp/bin/../lib/gcc/arm-none-eabi/12.2.1/thumb/v7-m/nofp\libstdc++.a(eh_catch.o)
                0x0800b618                __cxa_end_catch
 .text._ZL23__gxx_exception_cleanup19_Unwind_Reason_CodeP21_Unwind_Control_Block
                0x0800b6a0       0x44 d:/program files/armgnu~1/12977f~1.2mp/bin/../lib/gcc/arm-none-eabi/12.2.1/thumb/v7-m/nofp\libstdc++.a(eh_throw.o)
 .text.__cxa_init_primary_exception
                0x0800b6e4       0x44 d:/program files/armgnu~1/12977f~1.2mp/bin/../lib/gcc/arm-none-eabi/12.2.1/thumb/v7-m/nofp\libstdc++.a(eh_throw.o)
                0x0800b6e4                __cxa_init_primary_exception
 .text.__cxa_throw
                0x0800b728       0x38 d:/program files/armgnu~1/12977f~1.2mp/bin/../lib/gcc/arm-none-eabi/12.2.1/thumb/v7-m/nofp\libstdc++.a(eh_throw.o)
                0x0800b728                __cxa_throw
 .text.__cxa_rethrow
                0x0800b760       0x70 d:/program files/armgnu~1/12977f~1.2mp/bin/../lib/gcc/arm-none-eabi/12.2.1/thumb/v7-m/nofp\libstdc++.a(eh_throw.o)
                0x0800b760                __cxa_rethrow
 .text.__cxa_current_exception_type
                0x0800b7d0       0x1c d:/program files/armgnu~1/12977f~1.2mp/bin/../lib/gcc/arm-none-eabi/12.2.1/thumb/v7-m/nofp\libstdc++.a(eh_type.o)
                0x0800b7d0                __cxa_current_exception_type
 .text._ZdlPv   0x0800b7ec        0x4 d:/program files/armgnu~1/12977f~1.2mp/bin/../lib/gcc/arm-none-eabi/12.2.1/thumb/v7-m/nofp\libstdc++.a(del_op.o)
                0x0800b7ec                operator delete(void*)
 .text._ZN12_GLOBAL__N_14pool4freeEPv.constprop.0
                0x0800b7f0       0x7c d:/program files/armgnu~1/12977f~1.2mp/bin/../lib/gcc/arm-none-eabi/12.2.1/thumb/v7-m/nofp\libstdc++.a(eh_alloc.o)
 .text._ZN12_GLOBAL__N_14pool8allocateEj.constprop.0
                0x0800b86c       0x58 d:/program files/armgnu~1/12977f~1.2mp/bin/../lib/gcc/arm-none-eabi/12.2.1/thumb/v7-m/nofp\libstdc++.a(eh_alloc.o)
 .text.__cxa_allocate_exception
                0x0800b8c4       0x30 d:/program files/armgnu~1/12977f~1.2mp/bin/../lib/gcc/arm-none-eabi/12.2.1/thumb/v7-m/nofp\libstdc++.a(eh_alloc.o)
                0x0800b8c4                __cxa_allocate_exception
 .text.__cxa_free_exception
                0x0800b8f4       0x20 d:/program files/armgnu~1/12977f~1.2mp/bin/../lib/gcc/arm-none-eabi/12.2.1/thumb/v7-m/nofp\libstdc++.a(eh_alloc.o)
                0x0800b8f4                __cxa_free_exception
 .text.startup._GLOBAL__sub_I__ZN9__gnu_cxx9__freeresEv
                0x0800b914       0x28 d:/program files/armgnu~1/12977f~1.2mp/bin/../lib/gcc/arm-none-eabi/12.2.1/thumb/v7-m/nofp\libstdc++.a(eh_alloc.o)
 .text.selfrel_offset31
                0x0800b93c       0x14 d:/program files/armgnu~1/12977f~1.2mp/bin/../lib/gcc/arm-none-eabi/12.2.1/thumb/v7-m/nofp\libgcc.a(unwind-arm.o)
 .text.search_EIT_table
                0x0800b950       0x64 d:/program files/armgnu~1/12977f~1.2mp/bin/../lib/gcc/arm-none-eabi/12.2.1/thumb/v7-m/nofp\libgcc.a(unwind-arm.o)
 .text.__gnu_unwind_get_pr_addr
                0x0800b9b4       0x28 d:/program files/armgnu~1/12977f~1.2mp/bin/../lib/gcc/arm-none-eabi/12.2.1/thumb/v7-m/nofp\libgcc.a(unwind-arm.o)
 .text.get_eit_entry
                0x0800b9dc       0x94 d:/program files/armgnu~1/12977f~1.2mp/bin/../lib/gcc/arm-none-eabi/12.2.1/thumb/v7-m/nofp\libgcc.a(unwind-arm.o)
 .text.restore_non_core_regs
                0x0800ba70       0x58 d:/program files/armgnu~1/12977f~1.2mp/bin/../lib/gcc/arm-none-eabi/12.2.1/thumb/v7-m/nofp\libgcc.a(unwind-arm.o)
 .text._Unwind_decode_typeinfo_ptr.constprop.0
                0x0800bac8        0xc d:/program files/armgnu~1/12977f~1.2mp/bin/../lib/gcc/arm-none-eabi/12.2.1/thumb/v7-m/nofp\libgcc.a(unwind-arm.o)
 .text._Unwind_DebugHook
                0x0800bad4        0x4 d:/program files/armgnu~1/12977f~1.2mp/bin/../lib/gcc/arm-none-eabi/12.2.1/thumb/v7-m/nofp\libgcc.a(unwind-arm.o)
 .text.unwind_phase2
                0x0800bad8       0x3c d:/program files/armgnu~1/12977f~1.2mp/bin/../lib/gcc/arm-none-eabi/12.2.1/thumb/v7-m/nofp\libgcc.a(unwind-arm.o)
 .text.unwind_phase2_forced
                0x0800bb14       0xe0 d:/program files/armgnu~1/12977f~1.2mp/bin/../lib/gcc/arm-none-eabi/12.2.1/thumb/v7-m/nofp\libgcc.a(unwind-arm.o)
 .text.__gnu_Unwind_RaiseException
                0x0800bbf4       0x68 d:/program files/armgnu~1/12977f~1.2mp/bin/../lib/gcc/arm-none-eabi/12.2.1/thumb/v7-m/nofp\libgcc.a(unwind-arm.o)
                0x0800bbf4                __gnu_Unwind_RaiseException
 .text.__gnu_Unwind_ForcedUnwind
                0x0800bc5c       0x18 d:/program files/armgnu~1/12977f~1.2mp/bin/../lib/gcc/arm-none-eabi/12.2.1/thumb/v7-m/nofp\libgcc.a(unwind-arm.o)
                0x0800bc5c                __gnu_Unwind_ForcedUnwind
 .text.__gnu_Unwind_Resume
                0x0800bc74       0x40 d:/program files/armgnu~1/12977f~1.2mp/bin/../lib/gcc/arm-none-eabi/12.2.1/thumb/v7-m/nofp\libgcc.a(unwind-arm.o)
                0x0800bc74                __gnu_Unwind_Resume
 .text.__gnu_Unwind_Resume_or_Rethrow
                0x0800bcb4       0x18 d:/program files/armgnu~1/12977f~1.2mp/bin/../lib/gcc/arm-none-eabi/12.2.1/thumb/v7-m/nofp\libgcc.a(unwind-arm.o)
                0x0800bcb4                __gnu_Unwind_Resume_or_Rethrow
 .text._Unwind_Complete
                0x0800bccc        0x4 d:/program files/armgnu~1/12977f~1.2mp/bin/../lib/gcc/arm-none-eabi/12.2.1/thumb/v7-m/nofp\libgcc.a(unwind-arm.o)
                0x0800bccc                _Unwind_Complete
 .text._Unwind_DeleteException
                0x0800bcd0        0xc d:/program files/armgnu~1/12977f~1.2mp/bin/../lib/gcc/arm-none-eabi/12.2.1/thumb/v7-m/nofp\libgcc.a(unwind-arm.o)
                0x0800bcd0                _Unwind_DeleteException
 .text._Unwind_VRS_Get
                0x0800bcdc       0x34 d:/program files/armgnu~1/12977f~1.2mp/bin/../lib/gcc/arm-none-eabi/12.2.1/thumb/v7-m/nofp\libgcc.a(unwind-arm.o)
                0x0800bcdc                _Unwind_VRS_Get
 .text._Unwind_GetGR
                0x0800bd10       0x1c d:/program files/armgnu~1/12977f~1.2mp/bin/../lib/gcc/arm-none-eabi/12.2.1/thumb/v7-m/nofp\libgcc.a(unwind-arm.o)
 .text._Unwind_VRS_Set
                0x0800bd2c       0x34 d:/program files/armgnu~1/12977f~1.2mp/bin/../lib/gcc/arm-none-eabi/12.2.1/thumb/v7-m/nofp\libgcc.a(unwind-arm.o)
                0x0800bd2c                _Unwind_VRS_Set
 .text._Unwind_SetGR
                0x0800bd60       0x18 d:/program files/armgnu~1/12977f~1.2mp/bin/../lib/gcc/arm-none-eabi/12.2.1/thumb/v7-m/nofp\libgcc.a(unwind-arm.o)
 .text.__gnu_Unwind_Backtrace
                0x0800bd78       0x80 d:/program files/armgnu~1/12977f~1.2mp/bin/../lib/gcc/arm-none-eabi/12.2.1/thumb/v7-m/nofp\libgcc.a(unwind-arm.o)
                0x0800bd78                __gnu_Unwind_Backtrace
 .text.__gnu_unwind_pr_common
                0x0800bdf8      0x298 d:/program files/armgnu~1/12977f~1.2mp/bin/../lib/gcc/arm-none-eabi/12.2.1/thumb/v7-m/nofp\libgcc.a(unwind-arm.o)
 .text.__aeabi_unwind_cpp_pr0
                0x0800c090        0x8 d:/program files/armgnu~1/12977f~1.2mp/bin/../lib/gcc/arm-none-eabi/12.2.1/thumb/v7-m/nofp\libgcc.a(unwind-arm.o)
                0x0800c090                __aeabi_unwind_cpp_pr0
 .text.__aeabi_unwind_cpp_pr1
                0x0800c098        0x8 d:/program files/armgnu~1/12977f~1.2mp/bin/../lib/gcc/arm-none-eabi/12.2.1/thumb/v7-m/nofp\libgcc.a(unwind-arm.o)
                0x0800c098                __aeabi_unwind_cpp_pr1
 .text.__aeabi_unwind_cpp_pr2
                0x0800c0a0        0x8 d:/program files/armgnu~1/12977f~1.2mp/bin/../lib/gcc/arm-none-eabi/12.2.1/thumb/v7-m/nofp\libgcc.a(unwind-arm.o)
                0x0800c0a0                __aeabi_unwind_cpp_pr2
 .text._Unwind_VRS_Pop
                0x0800c0a8      0x2e8 d:/program files/armgnu~1/12977f~1.2mp/bin/../lib/gcc/arm-none-eabi/12.2.1/thumb/v7-m/nofp\libgcc.a(unwind-arm.o)
                0x0800c0a8                _Unwind_VRS_Pop
 .text.next_unwind_byte
                0x0800c390       0x38 d:/program files/armgnu~1/12977f~1.2mp/bin/../lib/gcc/arm-none-eabi/12.2.1/thumb/v7-m/nofp\libgcc.a(pr-support.o)
 .text._Unwind_GetGR.constprop.0
                0x0800c3c8       0x1c d:/program files/armgnu~1/12977f~1.2mp/bin/../lib/gcc/arm-none-eabi/12.2.1/thumb/v7-m/nofp\libgcc.a(pr-support.o)
 .text.unwind_UCB_from_context
                0x0800c3e4        0x4 d:/program files/armgnu~1/12977f~1.2mp/bin/../lib/gcc/arm-none-eabi/12.2.1/thumb/v7-m/nofp\libgcc.a(pr-support.o)
 .text.__gnu_unwind_execute
                0x0800c3e8      0x2fc d:/program files/armgnu~1/12977f~1.2mp/bin/../lib/gcc/arm-none-eabi/12.2.1/thumb/v7-m/nofp\libgcc.a(pr-support.o)
                0x0800c3e8                __gnu_unwind_execute
 .text.__gnu_unwind_frame
                0x0800c6e4       0x30 d:/program files/armgnu~1/12977f~1.2mp/bin/../lib/gcc/arm-none-eabi/12.2.1/thumb/v7-m/nofp\libgcc.a(pr-support.o)
                0x0800c6e4                __gnu_unwind_frame
 .text._Unwind_GetRegionStart
                0x0800c714        0xc d:/program files/armgnu~1/12977f~1.2mp/bin/../lib/gcc/arm-none-eabi/12.2.1/thumb/v7-m/nofp\libgcc.a(pr-support.o)
                0x0800c714                _Unwind_GetRegionStart
 .text._Unwind_GetLanguageSpecificData
                0x0800c720       0x14 d:/program files/armgnu~1/12977f~1.2mp/bin/../lib/gcc/arm-none-eabi/12.2.1/thumb/v7-m/nofp\libgcc.a(pr-support.o)
                0x0800c720                _Unwind_GetLanguageSpecificData
 .text.unlikely._Unwind_GetDataRelBase
                0x0800c734        0x6 d:/program files/armgnu~1/12977f~1.2mp/bin/../lib/gcc/arm-none-eabi/12.2.1/thumb/v7-m/nofp\libgcc.a(pr-support.o)
                0x0800c734                _Unwind_GetDataRelBase
 .text.unlikely._Unwind_GetTextRelBase
                0x0800c73a        0x6 d:/program files/armgnu~1/12977f~1.2mp/bin/../lib/gcc/arm-none-eabi/12.2.1/thumb/v7-m/nofp\libgcc.a(pr-support.o)
                0x0800c73a                _Unwind_GetTextRelBase
 .text.abort    0x0800c740       0x10 d:/program files/armgnu~1/12977f~1.2mp/bin/../lib/gcc/arm-none-eabi/12.2.1/thumb/v7-m/nofp\libc.a(libc_a-abort.o)
                0x0800c740                abort
 .text.malloc   0x0800c750       0x10 d:/program files/armgnu~1/12977f~1.2mp/bin/../lib/gcc/arm-none-eabi/12.2.1/thumb/v7-m/nofp\libc.a(libc_a-malloc.o)
                0x0800c750                malloc
 .text.free     0x0800c760       0x10 d:/program files/armgnu~1/12977f~1.2mp/bin/../lib/gcc/arm-none-eabi/12.2.1/thumb/v7-m/nofp\libc.a(libc_a-malloc.o)
                0x0800c760                free
 .text._malloc_r
                0x0800c770      0x570 d:/program files/armgnu~1/12977f~1.2mp/bin/../lib/gcc/arm-none-eabi/12.2.1/thumb/v7-m/nofp\libc.a(libc_a-mallocr.o)
                0x0800c770                _malloc_r
 .text.__malloc_lock
                0x0800cce0        0xc d:/program files/armgnu~1/12977f~1.2mp/bin/../lib/gcc/arm-none-eabi/12.2.1/thumb/v7-m/nofp\libc.a(libc_a-mlock.o)
                0x0800cce0                __malloc_lock
 .text.__malloc_unlock
                0x0800ccec        0xc d:/program files/armgnu~1/12977f~1.2mp/bin/../lib/gcc/arm-none-eabi/12.2.1/thumb/v7-m/nofp\libc.a(libc_a-mlock.o)
                0x0800ccec                __malloc_unlock
 .text.realloc  0x0800ccf8       0x14 d:/program files/armgnu~1/12977f~1.2mp/bin/../lib/gcc/arm-none-eabi/12.2.1/thumb/v7-m/nofp\libc.a(libc_a-realloc.o)
                0x0800ccf8                realloc
 .text._realloc_r
                0x0800cd0c      0x34c d:/program files/armgnu~1/12977f~1.2mp/bin/../lib/gcc/arm-none-eabi/12.2.1/thumb/v7-m/nofp\libc.a(libc_a-reallocr.o)
                0x0800cd0c                _realloc_r
 .text.__cxa_atexit
                0x0800d058       0x18 d:/program files/armgnu~1/12977f~1.2mp/bin/../lib/gcc/arm-none-eabi/12.2.1/thumb/v7-m/nofp\libc.a(libc_a-cxa_atexit.o)
                0x0800d058                __cxa_atexit
 .text.stdio_exit_handler
                0x0800d070       0x18 d:/program files/armgnu~1/12977f~1.2mp/bin/../lib/gcc/arm-none-eabi/12.2.1/thumb/v7-m/nofp\libc.a(libc_a-findfp.o)
 .text.cleanup_stdio
                0x0800d088       0x40 d:/program files/armgnu~1/12977f~1.2mp/bin/../lib/gcc/arm-none-eabi/12.2.1/thumb/v7-m/nofp\libc.a(libc_a-findfp.o)
 .text.global_stdio_init.part.0
                0x0800d0c8       0xf0 d:/program files/armgnu~1/12977f~1.2mp/bin/../lib/gcc/arm-none-eabi/12.2.1/thumb/v7-m/nofp\libc.a(libc_a-findfp.o)
 .text.__sinit  0x0800d1b8       0x3c d:/program files/armgnu~1/12977f~1.2mp/bin/../lib/gcc/arm-none-eabi/12.2.1/thumb/v7-m/nofp\libc.a(libc_a-findfp.o)
                0x0800d1b8                __sinit
 .text.__sfp_lock_acquire
                0x0800d1f4        0xc d:/program files/armgnu~1/12977f~1.2mp/bin/../lib/gcc/arm-none-eabi/12.2.1/thumb/v7-m/nofp\libc.a(libc_a-findfp.o)
                0x0800d1f4                __sfp_lock_acquire
 .text.__sfp_lock_release
                0x0800d200        0xc d:/program files/armgnu~1/12977f~1.2mp/bin/../lib/gcc/arm-none-eabi/12.2.1/thumb/v7-m/nofp\libc.a(libc_a-findfp.o)
                0x0800d200                __sfp_lock_release
 .text.fputc    0x0800d20c       0x58 d:/program files/armgnu~1/12977f~1.2mp/bin/../lib/gcc/arm-none-eabi/12.2.1/thumb/v7-m/nofp\libc.a(libc_a-fputc.o)
                0x0800d20c                fputc
 .text._fputs_r
                0x0800d264       0x80 d:/program files/armgnu~1/12977f~1.2mp/bin/../lib/gcc/arm-none-eabi/12.2.1/thumb/v7-m/nofp\libc.a(libc_a-fputs.o)
                0x0800d264                _fputs_r
 .text.fputs    0x0800d2e4       0x14 d:/program files/armgnu~1/12977f~1.2mp/bin/../lib/gcc/arm-none-eabi/12.2.1/thumb/v7-m/nofp\libc.a(libc_a-fputs.o)
                0x0800d2e4                fputs
 .text.__sfvwrite_r
                0x0800d2f8      0x2ec d:/program files/armgnu~1/12977f~1.2mp/bin/../lib/gcc/arm-none-eabi/12.2.1/thumb/v7-m/nofp\libc.a(libc_a-fvwrite.o)
                0x0800d2f8                __sfvwrite_r
 .text._fwalk_sglue
                0x0800d5e4       0x44 d:/program files/armgnu~1/12977f~1.2mp/bin/../lib/gcc/arm-none-eabi/12.2.1/thumb/v7-m/nofp\libc.a(libc_a-fwalk.o)
                0x0800d5e4                _fwalk_sglue
 .text._fwrite_r
                0x0800d628       0xa0 d:/program files/armgnu~1/12977f~1.2mp/bin/../lib/gcc/arm-none-eabi/12.2.1/thumb/v7-m/nofp\libc.a(libc_a-fwrite.o)
                0x0800d628                _fwrite_r
 .text.fwrite   0x0800d6c8       0x24 d:/program files/armgnu~1/12977f~1.2mp/bin/../lib/gcc/arm-none-eabi/12.2.1/thumb/v7-m/nofp\libc.a(libc_a-fwrite.o)
                0x0800d6c8                fwrite
 .text._putc_r  0x0800d6ec       0x78 d:/program files/armgnu~1/12977f~1.2mp/bin/../lib/gcc/arm-none-eabi/12.2.1/thumb/v7-m/nofp\libc.a(libc_a-putc.o)
                0x0800d6ec                _putc_r
 .text.sprintf  0x0800d764       0x44 d:/program files/armgnu~1/12977f~1.2mp/bin/../lib/gcc/arm-none-eabi/12.2.1/thumb/v7-m/nofp\libc.a(libc_a-sprintf.o)
                0x0800d764                sprintf
 .text.__sread  0x0800d7a8       0x24 d:/program files/armgnu~1/12977f~1.2mp/bin/../lib/gcc/arm-none-eabi/12.2.1/thumb/v7-m/nofp\libc.a(libc_a-stdio.o)
                0x0800d7a8                __sread
 .text.__swrite
                0x0800d7cc       0x40 d:/program files/armgnu~1/12977f~1.2mp/bin/../lib/gcc/arm-none-eabi/12.2.1/thumb/v7-m/nofp\libc.a(libc_a-stdio.o)
                0x0800d7cc                __swrite
 .text.__sseek  0x0800d80c       0x24 d:/program files/armgnu~1/12977f~1.2mp/bin/../lib/gcc/arm-none-eabi/12.2.1/thumb/v7-m/nofp\libc.a(libc_a-stdio.o)
                0x0800d80c                __sseek
 .text.__sclose
                0x0800d830        0x8 d:/program files/armgnu~1/12977f~1.2mp/bin/../lib/gcc/arm-none-eabi/12.2.1/thumb/v7-m/nofp\libc.a(libc_a-stdio.o)
                0x0800d830                __sclose
 .text.__swbuf_r
                0x0800d838       0xac d:/program files/armgnu~1/12977f~1.2mp/bin/../lib/gcc/arm-none-eabi/12.2.1/thumb/v7-m/nofp\libc.a(libc_a-wbuf.o)
                0x0800d838                __swbuf_r
 .text.__swsetup_r
                0x0800d8e4       0xc0 d:/program files/armgnu~1/12977f~1.2mp/bin/../lib/gcc/arm-none-eabi/12.2.1/thumb/v7-m/nofp\libc.a(libc_a-wsetup.o)
                0x0800d8e4                __swsetup_r
 .text.memcmp   0x0800d9a4       0x60 d:/program files/armgnu~1/12977f~1.2mp/bin/../lib/gcc/arm-none-eabi/12.2.1/thumb/v7-m/nofp\libc.a(libc_a-memcmp.o)
                0x0800d9a4                memcmp
 .text.memmove  0x0800da04       0xfc d:/program files/armgnu~1/12977f~1.2mp/bin/../lib/gcc/arm-none-eabi/12.2.1/thumb/v7-m/nofp\libc.a(libc_a-memmove.o)
                0x0800da04                memmove
 .text.memset   0x0800db00       0xa0 d:/program files/armgnu~1/12977f~1.2mp/bin/../lib/gcc/arm-none-eabi/12.2.1/thumb/v7-m/nofp\libc.a(libc_a-memset.o)
                0x0800db00                memset
 .text.strncmp  0x0800dba0       0x84 d:/program files/armgnu~1/12977f~1.2mp/bin/../lib/gcc/arm-none-eabi/12.2.1/thumb/v7-m/nofp\libc.a(libc_a-strncmp.o)
                0x0800dba0                strncmp
 .text.raise    0x0800dc24       0x58 d:/program files/armgnu~1/12977f~1.2mp/bin/../lib/gcc/arm-none-eabi/12.2.1/thumb/v7-m/nofp\libc.a(libc_a-signal.o)
                0x0800dc24                raise
 .text._close_r
                0x0800dc7c       0x24 d:/program files/armgnu~1/12977f~1.2mp/bin/../lib/gcc/arm-none-eabi/12.2.1/thumb/v7-m/nofp\libc.a(libc_a-closer.o)
                0x0800dc7c                _close_r
 .text._lseek_r
                0x0800dca0       0x2c d:/program files/armgnu~1/12977f~1.2mp/bin/../lib/gcc/arm-none-eabi/12.2.1/thumb/v7-m/nofp\libc.a(libc_a-lseekr.o)
                0x0800dca0                _lseek_r
 .text._read_r  0x0800dccc       0x2c d:/program files/armgnu~1/12977f~1.2mp/bin/../lib/gcc/arm-none-eabi/12.2.1/thumb/v7-m/nofp\libc.a(libc_a-readr.o)
                0x0800dccc                _read_r
 .text._kill_r  0x0800dcf8       0x28 d:/program files/armgnu~1/12977f~1.2mp/bin/../lib/gcc/arm-none-eabi/12.2.1/thumb/v7-m/nofp\libc.a(libc_a-signalr.o)
                0x0800dcf8                _kill_r
 .text._getpid_r
                0x0800dd20        0x4 d:/program files/armgnu~1/12977f~1.2mp/bin/../lib/gcc/arm-none-eabi/12.2.1/thumb/v7-m/nofp\libc.a(libc_a-signalr.o)
                0x0800dd20                _getpid_r
 .text._sbrk_r  0x0800dd24       0x24 d:/program files/armgnu~1/12977f~1.2mp/bin/../lib/gcc/arm-none-eabi/12.2.1/thumb/v7-m/nofp\libc.a(libc_a-sbrkr.o)
                0x0800dd24                _sbrk_r
 .text._write_r
                0x0800dd48       0x2c d:/program files/armgnu~1/12977f~1.2mp/bin/../lib/gcc/arm-none-eabi/12.2.1/thumb/v7-m/nofp\libc.a(libc_a-writer.o)
                0x0800dd48                _write_r
 .text.__errno  0x0800dd74        0xc d:/program files/armgnu~1/12977f~1.2mp/bin/../lib/gcc/arm-none-eabi/12.2.1/thumb/v7-m/nofp\libc.a(libc_a-errno.o)
                0x0800dd74                __errno
 .text.__libc_init_array
                0x0800dd80       0x50 d:/program files/armgnu~1/12977f~1.2mp/bin/../lib/gcc/arm-none-eabi/12.2.1/thumb/v7-m/nofp\libc.a(libc_a-init.o)
                0x0800dd80                __libc_init_array
 .text.__retarget_lock_init_recursive
                0x0800ddd0        0x4 d:/program files/armgnu~1/12977f~1.2mp/bin/../lib/gcc/arm-none-eabi/12.2.1/thumb/v7-m/nofp\libc.a(libc_a-lock.o)
                0x0800ddd0                __retarget_lock_init_recursive
 .text.__retarget_lock_close_recursive
                0x0800ddd4        0x4 d:/program files/armgnu~1/12977f~1.2mp/bin/../lib/gcc/arm-none-eabi/12.2.1/thumb/v7-m/nofp\libc.a(libc_a-lock.o)
                0x0800ddd4                __retarget_lock_close_recursive
 .text.__retarget_lock_acquire_recursive
                0x0800ddd8        0x4 d:/program files/armgnu~1/12977f~1.2mp/bin/../lib/gcc/arm-none-eabi/12.2.1/thumb/v7-m/nofp\libc.a(libc_a-lock.o)
                0x0800ddd8                __retarget_lock_acquire_recursive
 .text.__retarget_lock_release_recursive
                0x0800dddc        0x4 d:/program files/armgnu~1/12977f~1.2mp/bin/../lib/gcc/arm-none-eabi/12.2.1/thumb/v7-m/nofp\libc.a(libc_a-lock.o)
                0x0800dddc                __retarget_lock_release_recursive
 .text.sysconf  0x0800dde0       0x1c d:/program files/armgnu~1/12977f~1.2mp/bin/../lib/gcc/arm-none-eabi/12.2.1/thumb/v7-m/nofp\libc.a(libc_a-sysconf.o)
                0x0800dde0                sysconf
 .text.memchr   0x0800ddfc       0x98 d:/program files/armgnu~1/12977f~1.2mp/bin/../lib/gcc/arm-none-eabi/12.2.1/thumb/v7-m/nofp\libc.a(libc_a-memchr-stub.o)
                0x0800ddfc                memchr
 .text.strlen   0x0800de94       0x5c d:/program files/armgnu~1/12977f~1.2mp/bin/../lib/gcc/arm-none-eabi/12.2.1/thumb/v7-m/nofp\libc.a(libc_a-strlen-stub.o)
                0x0800de94                strlen
 .text.__register_exitproc
                0x0800def0       0x80 d:/program files/armgnu~1/12977f~1.2mp/bin/../lib/gcc/arm-none-eabi/12.2.1/thumb/v7-m/nofp\libc.a(libc_a-__atexit.o)
                0x0800def0                __register_exitproc
 .text.startup.register_fini
                0x0800df70       0x14 d:/program files/armgnu~1/12977f~1.2mp/bin/../lib/gcc/arm-none-eabi/12.2.1/thumb/v7-m/nofp\libc.a(libc_a-__call_atexit.o)
 .text.atexit   0x0800df84        0xc d:/program files/armgnu~1/12977f~1.2mp/bin/../lib/gcc/arm-none-eabi/12.2.1/thumb/v7-m/nofp\libc.a(libc_a-atexit.o)
                0x0800df84                atexit
 .text._malloc_trim_r
                0x0800df90       0xb8 d:/program files/armgnu~1/12977f~1.2mp/bin/../lib/gcc/arm-none-eabi/12.2.1/thumb/v7-m/nofp\libc.a(libc_a-freer.o)
                0x0800df90                _malloc_trim_r
 .text._free_r  0x0800e048      0x1fc d:/program files/armgnu~1/12977f~1.2mp/bin/../lib/gcc/arm-none-eabi/12.2.1/thumb/v7-m/nofp\libc.a(libc_a-freer.o)
                0x0800e048                _free_r
 .text._svfprintf_r
                0x0800e244     0x1bb8 d:/program files/armgnu~1/12977f~1.2mp/bin/../lib/gcc/arm-none-eabi/12.2.1/thumb/v7-m/nofp\libc.a(libc_a-svfprintf.o)
                0x0800e244                _svfprintf_r
 .text._fclose_r
                0x0800fdfc       0xc0 d:/program files/armgnu~1/12977f~1.2mp/bin/../lib/gcc/arm-none-eabi/12.2.1/thumb/v7-m/nofp\libc.a(libc_a-fclose.o)
                0x0800fdfc                _fclose_r
 .text.__sflush_r
                0x0800febc      0x128 d:/program files/armgnu~1/12977f~1.2mp/bin/../lib/gcc/arm-none-eabi/12.2.1/thumb/v7-m/nofp\libc.a(libc_a-fflush.o)
                0x0800febc                __sflush_r
 .text._fflush_r
                0x0800ffe4       0x54 d:/program files/armgnu~1/12977f~1.2mp/bin/../lib/gcc/arm-none-eabi/12.2.1/thumb/v7-m/nofp\libc.a(libc_a-fflush.o)
                0x0800ffe4                _fflush_r
 .text.__smakebuf_r
                0x08010038       0xdc d:/program files/armgnu~1/12977f~1.2mp/bin/../lib/gcc/arm-none-eabi/12.2.1/thumb/v7-m/nofp\libc.a(libc_a-makebuf.o)
                0x08010038                __smakebuf_r
 .text.strncpy  0x08010114       0x6c d:/program files/armgnu~1/12977f~1.2mp/bin/../lib/gcc/arm-none-eabi/12.2.1/thumb/v7-m/nofp\libc.a(libc_a-strncpy.o)
                0x08010114                strncpy
 .text.__locale_mb_cur_max
                0x08010180        0xc d:/program files/armgnu~1/12977f~1.2mp/bin/../lib/gcc/arm-none-eabi/12.2.1/thumb/v7-m/nofp\libc.a(libc_a-locale.o)
                0x08010180                __locale_mb_cur_max
 .text._localeconv_r
                0x0801018c        0x8 d:/program files/armgnu~1/12977f~1.2mp/bin/../lib/gcc/arm-none-eabi/12.2.1/thumb/v7-m/nofp\libc.a(libc_a-localeconv.o)
                0x0801018c                _localeconv_r
 .text._fstat_r
                0x08010194       0x28 d:/program files/armgnu~1/12977f~1.2mp/bin/../lib/gcc/arm-none-eabi/12.2.1/thumb/v7-m/nofp\libc.a(libc_a-fstatr.o)
                0x08010194                _fstat_r
 .text._isatty_r
                0x080101bc       0x24 d:/program files/armgnu~1/12977f~1.2mp/bin/../lib/gcc/arm-none-eabi/12.2.1/thumb/v7-m/nofp\libc.a(libc_a-isattyr.o)
                0x080101bc                _isatty_r
 .text.__libc_fini_array
                0x080101e0       0x28 d:/program files/armgnu~1/12977f~1.2mp/bin/../lib/gcc/arm-none-eabi/12.2.1/thumb/v7-m/nofp\libc.a(libc_a-fini.o)
                0x080101e0                __libc_fini_array
 .text.frexp    0x08010208       0x70 d:/program files/armgnu~1/12977f~1.2mp/bin/../lib/gcc/arm-none-eabi/12.2.1/thumb/v7-m/nofp\libc.a(libm_a-s_frexp.o)
                0x08010208                frexp
 .text.quorem   0x08010278      0x13c d:/program files/armgnu~1/12977f~1.2mp/bin/../lib/gcc/arm-none-eabi/12.2.1/thumb/v7-m/nofp\libc.a(libc_a-dtoa.o)
 *fill*         0x080103b4        0x4 
 .text._dtoa_r  0x080103b8      0xe54 d:/program files/armgnu~1/12977f~1.2mp/bin/../lib/gcc/arm-none-eabi/12.2.1/thumb/v7-m/nofp\libc.a(libc_a-dtoa.o)
                0x080103b8                _dtoa_r
 .text.__ascii_mbtowc
                0x0801120c       0x2c d:/program files/armgnu~1/12977f~1.2mp/bin/../lib/gcc/arm-none-eabi/12.2.1/thumb/v7-m/nofp\libc.a(libc_a-mbtowc_r.o)
                0x0801120c                __ascii_mbtowc
 .text._Balloc  0x08011238       0x4c d:/program files/armgnu~1/12977f~1.2mp/bin/../lib/gcc/arm-none-eabi/12.2.1/thumb/v7-m/nofp\libc.a(libc_a-mprec.o)
                0x08011238                _Balloc
 .text._Bfree   0x08011284       0x14 d:/program files/armgnu~1/12977f~1.2mp/bin/../lib/gcc/arm-none-eabi/12.2.1/thumb/v7-m/nofp\libc.a(libc_a-mprec.o)
                0x08011284                _Bfree
 .text.__multadd
                0x08011298       0xa4 d:/program files/armgnu~1/12977f~1.2mp/bin/../lib/gcc/arm-none-eabi/12.2.1/thumb/v7-m/nofp\libc.a(libc_a-mprec.o)
                0x08011298                __multadd
 .text.__hi0bits
                0x0801133c       0x44 d:/program files/armgnu~1/12977f~1.2mp/bin/../lib/gcc/arm-none-eabi/12.2.1/thumb/v7-m/nofp\libc.a(libc_a-mprec.o)
                0x0801133c                __hi0bits
 .text.__lo0bits
                0x08011380       0x5c d:/program files/armgnu~1/12977f~1.2mp/bin/../lib/gcc/arm-none-eabi/12.2.1/thumb/v7-m/nofp\libc.a(libc_a-mprec.o)
                0x08011380                __lo0bits
 .text.__i2b    0x080113dc       0x5c d:/program files/armgnu~1/12977f~1.2mp/bin/../lib/gcc/arm-none-eabi/12.2.1/thumb/v7-m/nofp\libc.a(libc_a-mprec.o)
                0x080113dc                __i2b
 .text.__multiply
                0x08011438      0x164 d:/program files/armgnu~1/12977f~1.2mp/bin/../lib/gcc/arm-none-eabi/12.2.1/thumb/v7-m/nofp\libc.a(libc_a-mprec.o)
                0x08011438                __multiply
 .text.__pow5mult
                0x0801159c       0xb4 d:/program files/armgnu~1/12977f~1.2mp/bin/../lib/gcc/arm-none-eabi/12.2.1/thumb/v7-m/nofp\libc.a(libc_a-mprec.o)
                0x0801159c                __pow5mult
 .text.__lshift
                0x08011650       0xec d:/program files/armgnu~1/12977f~1.2mp/bin/../lib/gcc/arm-none-eabi/12.2.1/thumb/v7-m/nofp\libc.a(libc_a-mprec.o)
                0x08011650                __lshift
 .text.__mcmp   0x0801173c       0x40 d:/program files/armgnu~1/12977f~1.2mp/bin/../lib/gcc/arm-none-eabi/12.2.1/thumb/v7-m/nofp\libc.a(libc_a-mprec.o)
                0x0801173c                __mcmp
 .text.__mdiff  0x0801177c      0x160 d:/program files/armgnu~1/12977f~1.2mp/bin/../lib/gcc/arm-none-eabi/12.2.1/thumb/v7-m/nofp\libc.a(libc_a-mprec.o)
                0x0801177c                __mdiff
 .text.__d2b    0x080118dc       0xbc d:/program files/armgnu~1/12977f~1.2mp/bin/../lib/gcc/arm-none-eabi/12.2.1/thumb/v7-m/nofp\libc.a(libc_a-mprec.o)
                0x080118dc                __d2b
 .text.__ascii_wctomb
                0x08011998       0x1c d:/program files/armgnu~1/12977f~1.2mp/bin/../lib/gcc/arm-none-eabi/12.2.1/thumb/v7-m/nofp\libc.a(libc_a-wctomb_r.o)
                0x08011998                __ascii_wctomb
 .text._wcrtomb_r
                0x080119b4       0x4c d:/program files/armgnu~1/12977f~1.2mp/bin/../lib/gcc/arm-none-eabi/12.2.1/thumb/v7-m/nofp\libc.a(libc_a-wcrtomb.o)
                0x080119b4                _wcrtomb_r
 .text._wcsrtombs_r
                0x08011a00       0x18 d:/program files/armgnu~1/12977f~1.2mp/bin/../lib/gcc/arm-none-eabi/12.2.1/thumb/v7-m/nofp\libc.a(libc_a-wcsrtombs.o)
                0x08011a00                _wcsrtombs_r
 .text.__ssprint_r
                0x08011a18      0x110 d:/program files/armgnu~1/12977f~1.2mp/bin/../lib/gcc/arm-none-eabi/12.2.1/thumb/v7-m/nofp\libc.a(libc_a-svfiprintf.o)
                0x08011a18                __ssprint_r
 .text.__assert_func
                0x08011b28       0x40 d:/program files/armgnu~1/12977f~1.2mp/bin/../lib/gcc/arm-none-eabi/12.2.1/thumb/v7-m/nofp\libc.a(libc_a-assert.o)
                0x08011b28                __assert_func
 .text._calloc_r