Archive member included to satisfy reference by file (symbol)

d:/program files/armgnu~1/12977f~1.2mp/bin/../lib/gcc/arm-none-eabi/12.2.1/thumb/v7-m/nofp\libg.a(libc_a-exit.o)
                              d:/program files/armgnu~1/12977f~1.2mp/bin/../lib/gcc/arm-none-eabi/12.2.1/thumb/v7-m/nofp/crt0.o (exit)
d:/program files/armgnu~1/12977f~1.2mp/bin/../lib/gcc/arm-none-eabi/12.2.1/thumb/v7-m/nofp\libg.a(libc_a-findfp.o)
                              d:/program files/armgnu~1/12977f~1.2mp/bin/../lib/gcc/arm-none-eabi/12.2.1/thumb/v7-m/nofp\libg.a(libc_a-exit.o) (__stdio_exit_handler)
d:/program files/armgnu~1/12977f~1.2mp/bin/../lib/gcc/arm-none-eabi/12.2.1/thumb/v7-m/nofp\libg.a(libc_a-fwalk.o)
                              d:/program files/armgnu~1/12977f~1.2mp/bin/../lib/gcc/arm-none-eabi/12.2.1/thumb/v7-m/nofp\libg.a(libc_a-findfp.o) (_fwalk_sglue)
d:/program files/armgnu~1/12977f~1.2mp/bin/../lib/gcc/arm-none-eabi/12.2.1/thumb/v7-m/nofp\libg.a(libc_a-stdio.o)
                              d:/program files/armgnu~1/12977f~1.2mp/bin/../lib/gcc/arm-none-eabi/12.2.1/thumb/v7-m/nofp\libg.a(libc_a-findfp.o) (__sread)
d:/program files/armgnu~1/12977f~1.2mp/bin/../lib/gcc/arm-none-eabi/12.2.1/thumb/v7-m/nofp\libg.a(libc_a-memset.o)
                              d:/program files/armgnu~1/12977f~1.2mp/bin/../lib/gcc/arm-none-eabi/12.2.1/thumb/v7-m/nofp/crt0.o (memset)
d:/program files/armgnu~1/12977f~1.2mp/bin/../lib/gcc/arm-none-eabi/12.2.1/thumb/v7-m/nofp\libg.a(libc_a-closer.o)
                              d:/program files/armgnu~1/12977f~1.2mp/bin/../lib/gcc/arm-none-eabi/12.2.1/thumb/v7-m/nofp\libg.a(libc_a-stdio.o) (_close_r)
d:/program files/armgnu~1/12977f~1.2mp/bin/../lib/gcc/arm-none-eabi/12.2.1/thumb/v7-m/nofp\libg.a(libc_a-reent.o)
                              d:/program files/armgnu~1/12977f~1.2mp/bin/../lib/gcc/arm-none-eabi/12.2.1/thumb/v7-m/nofp\libg.a(libc_a-closer.o) (errno)
d:/program files/armgnu~1/12977f~1.2mp/bin/../lib/gcc/arm-none-eabi/12.2.1/thumb/v7-m/nofp\libg.a(libc_a-impure.o)
                              d:/program files/armgnu~1/12977f~1.2mp/bin/../lib/gcc/arm-none-eabi/12.2.1/thumb/v7-m/nofp\libg.a(libc_a-reent.o) (_impure_ptr)
d:/program files/armgnu~1/12977f~1.2mp/bin/../lib/gcc/arm-none-eabi/12.2.1/thumb/v7-m/nofp\libg.a(libc_a-lseekr.o)
                              d:/program files/armgnu~1/12977f~1.2mp/bin/../lib/gcc/arm-none-eabi/12.2.1/thumb/v7-m/nofp\libg.a(libc_a-stdio.o) (_lseek_r)
d:/program files/armgnu~1/12977f~1.2mp/bin/../lib/gcc/arm-none-eabi/12.2.1/thumb/v7-m/nofp\libg.a(libc_a-readr.o)
                              d:/program files/armgnu~1/12977f~1.2mp/bin/../lib/gcc/arm-none-eabi/12.2.1/thumb/v7-m/nofp\libg.a(libc_a-stdio.o) (_read_r)
d:/program files/armgnu~1/12977f~1.2mp/bin/../lib/gcc/arm-none-eabi/12.2.1/thumb/v7-m/nofp\libg.a(libc_a-writer.o)
                              d:/program files/armgnu~1/12977f~1.2mp/bin/../lib/gcc/arm-none-eabi/12.2.1/thumb/v7-m/nofp\libg.a(libc_a-stdio.o) (_write_r)
d:/program files/armgnu~1/12977f~1.2mp/bin/../lib/gcc/arm-none-eabi/12.2.1/thumb/v7-m/nofp\libg.a(libc_a-errno.o)
                              CMakeFiles/com.elf.dir/Core/Src/syscalls.c.obj (__errno)
d:/program files/armgnu~1/12977f~1.2mp/bin/../lib/gcc/arm-none-eabi/12.2.1/thumb/v7-m/nofp\libg.a(libc_a-init.o)
                              d:/program files/armgnu~1/12977f~1.2mp/bin/../lib/gcc/arm-none-eabi/12.2.1/thumb/v7-m/nofp/crt0.o (__libc_init_array)
d:/program files/armgnu~1/12977f~1.2mp/bin/../lib/gcc/arm-none-eabi/12.2.1/thumb/v7-m/nofp\libg.a(libc_a-lock.o)
                              d:/program files/armgnu~1/12977f~1.2mp/bin/../lib/gcc/arm-none-eabi/12.2.1/thumb/v7-m/nofp\libg.a(libc_a-findfp.o) (__retarget_lock_init_recursive)
d:/program files/armgnu~1/12977f~1.2mp/bin/../lib/gcc/arm-none-eabi/12.2.1/thumb/v7-m/nofp\libg.a(libc_a-__call_atexit.o)
                              d:/program files/armgnu~1/12977f~1.2mp/bin/../lib/gcc/arm-none-eabi/12.2.1/thumb/v7-m/nofp\libg.a(libc_a-exit.o) (__call_exitprocs)
d:/program files/armgnu~1/12977f~1.2mp/bin/../lib/gcc/arm-none-eabi/12.2.1/thumb/v7-m/nofp\libg.a(libc_a-atexit.o)
                              d:/program files/armgnu~1/12977f~1.2mp/bin/../lib/gcc/arm-none-eabi/12.2.1/thumb/v7-m/nofp\libg.a(libc_a-__call_atexit.o) (atexit)
d:/program files/armgnu~1/12977f~1.2mp/bin/../lib/gcc/arm-none-eabi/12.2.1/thumb/v7-m/nofp\libg.a(libc_a-freer.o)
                              d:/program files/armgnu~1/12977f~1.2mp/bin/../lib/gcc/arm-none-eabi/12.2.1/thumb/v7-m/nofp\libg.a(libc_a-reent.o) (_free_r)
d:/program files/armgnu~1/12977f~1.2mp/bin/../lib/gcc/arm-none-eabi/12.2.1/thumb/v7-m/nofp\libg.a(libc_a-mallocr.o)
                              d:/program files/armgnu~1/12977f~1.2mp/bin/../lib/gcc/arm-none-eabi/12.2.1/thumb/v7-m/nofp\libg.a(libc_a-findfp.o) (_malloc_r)
d:/program files/armgnu~1/12977f~1.2mp/bin/../lib/gcc/arm-none-eabi/12.2.1/thumb/v7-m/nofp\libg.a(libc_a-mlock.o)
[...]
Memory Configuration

Name             Origin             Length             Attributes
RAM              0x20000000         0x00010000         xrw
FLASH            0x08000000         0x00080000         xr
*default*        0x00000000         0xffffffff

Linker script and memory map

LOAD d:/program files/armgnu~1/12977f~1.2mp/bin/../lib/gcc/arm-none-eabi/12.2.1/thumb/v7-m/nofp/crti.o
LOAD d:/program files/armgnu~1/12977f~1.2mp/bin/../lib/gcc/arm-none-eabi/12.2.1/thumb/v7-m/nofp/crtbegin.o
LOAD d:/program files/armgnu~1/12977f~1.2mp/bin/../lib/gcc/arm-none-eabi/12.2.1/thumb/v7-m/nofp/crt0.o
LOAD CMakeFiles/com.elf.dir/Core/Src/gpio.c.obj
LOAD CMakeFiles/com.elf.dir/Core/Src/main.c.obj
LOAD CMakeFiles/com.elf.dir/Core/Src/stm32f1xx_hal_msp.c.obj
LOAD CMakeFiles/com.elf.dir/Core/Src/stm32f1xx_it.c.obj
LOAD CMakeFiles/com.elf.dir/Core/Src/syscalls.c.obj
LOAD CMakeFiles/com.elf.dir/Core/Src/sysmem.c.obj
LOAD CMakeFiles/com.elf.dir/Core/Src/system_stm32f1xx.c.obj
LOAD CMakeFiles/com.elf.dir/Core/Src/usart.c.obj
LOAD CMakeFiles/com.elf.dir/Core/Startup/startup_stm32f103zetx.s.obj
LOAD CMakeFiles/com.elf.dir/Drivers/STM32F1xx_HAL_Driver/Src/stm32f1xx_hal.c.obj
LOAD CMakeFiles/com.elf.dir/Drivers/STM32F1xx_HAL_Driver/Src/stm32f1xx_hal_cortex.c.obj
LOAD CMakeFiles/com.elf.dir/Drivers/STM32F1xx_HAL_Driver/Src/stm32f1xx_hal_dma.c.obj
LOAD CMakeFiles/com.elf.dir/Drivers/STM32F1xx_HAL_Driver/Src/stm32f1xx_hal_exti.c.obj
LOAD CMakeFiles/com.elf.dir/Drivers/STM32F1xx_HAL_Driver/Src/stm32f1xx_hal_flash.c.obj
LOAD CMakeFiles/com.elf.dir/Drivers/STM32F1xx_HAL_Driver/Src/stm32f1xx_hal_flash_ex.c.obj
LOAD CMakeFiles/com.elf.dir/Drivers/STM32F1xx_HAL_Driver/Src/stm32f1xx_hal_gpio.c.obj
LOAD CMakeFiles/com.elf.dir/Drivers/STM32F1xx_HAL_Driver/Src/stm32f1xx_hal_gpio_ex.c.obj
LOAD CMakeFiles/com.elf.dir/Drivers/STM32F1xx_HAL_Driver/Src/stm32f1xx_hal_pwr.c.obj
LOAD CMakeFiles/com.elf.dir/Drivers/STM32F1xx_HAL_Driver/Src/stm32f1xx_hal_rcc.c.obj
LOAD CMakeFiles/com.elf.dir/Drivers/STM32F1xx_HAL_Driver/Src/stm32f1xx_hal_rcc_ex.c.obj
LOAD CMakeFiles/com.elf.dir/Drivers/STM32F1xx_HAL_Driver/Src/stm32f1xx_hal_tim.c.obj
LOAD CMakeFiles/com.elf.dir/Drivers/STM32F1xx_HAL_Driver/Src/stm32f1xx_hal_tim_ex.c.obj
LOAD CMakeFiles/com.elf.dir/Drivers/STM32F1xx_HAL_Driver/Src/stm32f1xx_hal_uart.c.obj
START GROUP
LOAD d:/program files/armgnu~1/12977f~1.2mp/bin/../lib/gcc/arm-none-eabi/12.2.1/thumb/v7-m/nofp\libgcc.a
LOAD d:/program files/armgnu~1/12977f~1.2mp/bin/../lib/gcc/arm-none-eabi/12.2.1/thumb/v7-m/nofp\libg.a
LOAD d:/program files/armgnu~1/12977f~1.2mp/bin/../lib/gcc/arm-none-eabi/12.2.1/thumb/v7-m/nofp\libc.a
END GROUP
LOAD d:/program files/armgnu~1/12977f~1.2mp/bin/../lib/gcc/arm-none-eabi/12.2.1/thumb/v7-m/nofp/crtend.o
LOAD d:/program files/armgnu~1/12977f~1.2mp/bin/../lib/gcc/arm-none-eabi/12.2.1/thumb/v7-m/nofp/crtn.o
                0x20010000                        _estack = (ORIGIN (RAM) + LENGTH (RAM))
                0x00000200                        _Min_Heap_Size = 0x200
                0x00000400                        _Min_Stack_Size = 0x400

.isr_vector     0x08000000      0x1e4
                0x08000000                        . = ALIGN (0x4)
 *(.isr_vector)
 .isr_vector    0x08000000      0x1e4 CMakeFiles/com.elf.dir/Core/Startup/startup_stm32f103zetx.s.obj
                0x08000000                g_pfnVectors
                0x080001e4                        . = ALIGN (0x4)

.text           0x080001e4     0x189c
                0x080001e4                        . = ALIGN (0x4)
 *(.text)
 *(.text*)
 .text.deregister_tm_clones
                0x080001e4       0x1c d:/program files/armgnu~1/12977f~1.2mp/bin/../lib/gcc/arm-none-eabi/12.2.1/thumb/v7-m/nofp/crtbegin.o
 .text.register_tm_clones
                0x08000200       0x24 d:/program files/armgnu~1/12977f~1.2mp/bin/../lib/gcc/arm-none-eabi/12.2.1/thumb/v7-m/nofp/crtbegin.o
 .text.__do_global_dtors_aux
                0x08000224       0x28 d:/program files/armgnu~1/12977f~1.2mp/bin/../lib/gcc/arm-none-eabi/12.2.1/thumb/v7-m/nofp/crtbegin.o
 .text.frame_dummy
                0x0800024c       0x24 d:/program files/armgnu~1/12977f~1.2mp/bin/../lib/gcc/arm-none-eabi/12.2.1/thumb/v7-m/nofp/crtbegin.o
 .text.MX_GPIO_Init
                0x08000270       0xa0 CMakeFiles/com.elf.dir/Core/Src/gpio.c.obj
                0x08000270                MX_GPIO_Init
 .text.Error_Handler
                0x08000310        0x4 CMakeFiles/com.elf.dir/Core/Src/main.c.obj
                0x08000310                Error_Handler
 .text.SystemClock_Config
                0x08000314       0x64 CMakeFiles/com.elf.dir/Core/Src/main.c.obj
                0x08000314                SystemClock_Config
 .text.main     0x08000378       0x30 CMakeFiles/com.elf.dir/Core/Src/main.c.obj
                0x08000378                main
 .text.HAL_MspInit
                0x080003a8       0x44 CMakeFiles/com.elf.dir/Core/Src/stm32f1xx_hal_msp.c.obj
                0x080003a8                HAL_MspInit
 .text.NMI_Handler
                0x080003ec        0x2 CMakeFiles/com.elf.dir/Core/Src/stm32f1xx_it.c.obj
                0x080003ec                NMI_Handler
 .text.HardFault_Handler
                0x080003ee        0x2 CMakeFiles/com.elf.dir/Core/Src/stm32f1xx_it.c.obj
                0x080003ee                HardFault_Handler
 .text.MemManage_Handler
                0x080003f0        0x2 CMakeFiles/com.elf.dir/Core/Src/stm32f1xx_it.c.obj
                0x080003f0                MemManage_Handler
 .text.BusFault_Handler
                0x080003f2        0x2 CMakeFiles/com.elf.dir/Core/Src/stm32f1xx_it.c.obj
                0x080003f2                BusFault_Handler
 .text.UsageFault_Handler
                0x080003f4        0x2 CMakeFiles/com.elf.dir/Core/Src/stm32f1xx_it.c.obj
                0x080003f4                UsageFault_Handler
 .text.SVC_Handler
                0x080003f6        0x2 CMakeFiles/com.elf.dir/Core/Src/stm32f1xx_it.c.obj
                0x080003f6                SVC_Handler
 .text.DebugMon_Handler
                0x080003f8        0x2 CMakeFiles/com.elf.dir/Core/Src/stm32f1xx_it.c.obj
                0x080003f8                DebugMon_Handler
 .text.PendSV_Handler
                0x080003fa        0x2 CMakeFiles/com.elf.dir/Core/Src/stm32f1xx_it.c.obj
                0x080003fa                PendSV_Handler
 .text.SysTick_Handler
                0x080003fc        0x8 CMakeFiles/com.elf.dir/Core/Src/stm32f1xx_it.c.obj
                0x080003fc                SysTick_Handler
 .text.USART1_IRQHandler
                0x08000404       0x10 CMakeFiles/com.elf.dir/Core/Src/stm32f1xx_it.c.obj
                0x08000404                USART1_IRQHandler
 .text.SystemInit
                0x08000414        0x2 CMakeFiles/com.elf.dir/Core/Src/system_stm32f1xx.c.obj
                0x08000414                SystemInit
 *fill*         0x08000416        0x2 
 .text.MX_USART1_UART_Init
                0x08000418       0x44 CMakeFiles/com.elf.dir/Core/Src/usart.c.obj
                0x08000418                MX_USART1_UART_Init
 .text.HAL_UART_MspInit
                0x0800045c       0x88 CMakeFiles/com.elf.dir/Core/Src/usart.c.obj
                0x0800045c                HAL_UART_MspInit
 .text.HAL_UART_RxCpltCallback
                0x080004e4       0xb8 CMakeFiles/com.elf.dir/Core/Src/usart.c.obj
                0x080004e4                HAL_UART_RxCpltCallback
 .text.Reset_Handler
                0x0800059c       0x48 CMakeFiles/com.elf.dir/Core/Startup/startup_stm32f103zetx.s.obj
                0x0800059c                Reset_Handler
 .text.Default_Handler
                0x080005e4        0x2 CMakeFiles/com.elf.dir/Core/Startup/startup_stm32f103zetx.s.obj
                0x080005e4                RTC_Alarm_IRQHandler
                0x080005e4                EXTI2_IRQHandler
                0x080005e4                TIM8_TRG_COM_IRQHandler
                0x080005e4                TIM8_CC_IRQHandler
                0x080005e4                TIM1_CC_IRQHandler
                0x080005e4                TIM6_IRQHandler
                0x080005e4                PVD_IRQHandler
                0x080005e4                SDIO_IRQHandler
                0x080005e4                EXTI3_IRQHandler
                0x080005e4                EXTI0_IRQHandler
                0x080005e4                I2C2_EV_IRQHandler
                0x080005e4                ADC1_2_IRQHandler
                0x080005e4                SPI1_IRQHandler
                0x080005e4                TAMPER_IRQHandler
                0x080005e4                TIM8_UP_IRQHandler
                0x080005e4                DMA2_Channel2_IRQHandler
                0x080005e4                DMA1_Channel4_IRQHandler
                0x080005e4                USART3_IRQHandler
                0x080005e4                RTC_IRQHandler
                0x080005e4                DMA1_Channel7_IRQHandler
                0x080005e4                CAN1_RX1_IRQHandler
                0x080005e4                UART5_IRQHandler
                0x080005e4                ADC3_IRQHandler
                0x080005e4                TIM4_IRQHandler
                0x080005e4                DMA2_Channel1_IRQHandler
                0x080005e4                I2C1_EV_IRQHandler
                0x080005e4                DMA1_Channel6_IRQHandler
                0x080005e4                UART4_IRQHandler
                0x080005e4                TIM3_IRQHandler
                0x080005e4                RCC_IRQHandler
                0x080005e4                TIM1_TRG_COM_IRQHandler
                0x080005e4                DMA1_Channel1_IRQHandler
                0x080005e4                Default_Handler
                0x080005e4                EXTI15_10_IRQHandler
                0x080005e4                TIM7_IRQHandler
                0x080005e4                TIM5_IRQHandler
                0x080005e4                EXTI9_5_IRQHandler
                0x080005e4                SPI2_IRQHandler
                0x080005e4                DMA1_Channel5_IRQHandler
                0x080005e4                EXTI4_IRQHandler
                0x080005e4                USB_LP_CAN1_RX0_IRQHandler
                0x080005e4                USB_HP_CAN1_TX_IRQHandler
                0x080005e4                DMA1_Channel3_IRQHandler
                0x080005e4                FSMC_IRQHandler
                0x080005e4                TIM1_UP_IRQHandler
                0x080005e4                WWDG_IRQHandler
                0x080005e4                TIM2_IRQHandler
                0x080005e4                TIM1_BRK_IRQHandler
                0x080005e4                EXTI1_IRQHandler
                0x080005e4                DMA2_Channel4_5_IRQHandler
                0x080005e4                USART2_IRQHandler
                0x080005e4                I2C2_ER_IRQHandler
                0x080005e4                DMA1_Channel2_IRQHandler
                0x080005e4                TIM8_BRK_IRQHandler
                0x080005e4                CAN1_SCE_IRQHandler
                0x080005e4                FLASH_IRQHandler
                0x080005e4                SPI3_IRQHandler
                0x080005e4                I2C1_ER_IRQHandler
                0x080005e4                USBWakeUp_IRQHandler
                0x080005e4                DMA2_Channel3_IRQHandler
 *fill*         0x080005e6        0x2 
 .text.HAL_InitTick
                0x080005e8       0x4c CMakeFiles/com.elf.dir/Drivers/STM32F1xx_HAL_Driver/Src/stm32f1xx_hal.c.obj
                0x080005e8                HAL_InitTick
 .text.HAL_Init
                0x08000634       0x24 CMakeFiles/com.elf.dir/Drivers/STM32F1xx_HAL_Driver/Src/stm32f1xx_hal.c.obj
                0x08000634                HAL_Init
 .text.HAL_IncTick
                0x08000658       0x18 CMakeFiles/com.elf.dir/Drivers/STM32F1xx_HAL_Driver/Src/stm32f1xx_hal.c.obj
                0x08000658                HAL_IncTick
 .text.HAL_GetTick
                0x08000670        0xc CMakeFiles/com.elf.dir/Drivers/STM32F1xx_HAL_Driver/Src/stm32f1xx_hal.c.obj
                0x08000670                HAL_GetTick
 .text.__NVIC_SetPriority
                0x0800067c       0x28 CMakeFiles/com.elf.dir/Drivers/STM32F1xx_HAL_Driver/Src/stm32f1xx_hal_cortex.c.obj
 .text.NVIC_EncodePriority
                0x080006a4       0x3e CMakeFiles/com.elf.dir/Drivers/STM32F1xx_HAL_Driver/Src/stm32f1xx_hal_cortex.c.obj
 *fill*         0x080006e2        0x2 
 .text.HAL_NVIC_SetPriorityGrouping
                0x080006e4       0x24 CMakeFiles/com.elf.dir/Drivers/STM32F1xx_HAL_Driver/Src/stm32f1xx_hal_cortex.c.obj
                0x080006e4                HAL_NVIC_SetPriorityGrouping
 .text.HAL_NVIC_SetPriority
                0x08000708       0x20 CMakeFiles/com.elf.dir/Drivers/STM32F1xx_HAL_Driver/Src/stm32f1xx_hal_cortex.c.obj
                0x08000708                HAL_NVIC_SetPriority
 .text.HAL_NVIC_EnableIRQ
                0x08000728       0x1c CMakeFiles/com.elf.dir/Drivers/STM32F1xx_HAL_Driver/Src/stm32f1xx_hal_cortex.c.obj
                0x08000728                HAL_NVIC_EnableIRQ
 .text.HAL_SYSTICK_Config
                0x08000744       0x28 CMakeFiles/com.elf.dir/Drivers/STM32F1xx_HAL_Driver/Src/stm32f1xx_hal_cortex.c.obj
                0x08000744                HAL_SYSTICK_Config
 .text.HAL_DMA_Abort
                0x0800076c       0x46 CMakeFiles/com.elf.dir/Drivers/STM32F1xx_HAL_Driver/Src/stm32f1xx_hal_dma.c.obj
                0x0800076c                HAL_DMA_Abort
 *fill*         0x080007b2        0x2 
 .text.HAL_DMA_Abort_IT
                0x080007b4      0x16c CMakeFiles/com.elf.dir/Drivers/STM32F1xx_HAL_Driver/Src/stm32f1xx_hal_dma.c.obj
                0x080007b4                HAL_DMA_Abort_IT
 .text.HAL_GPIO_Init
                0x08000920      0x238 CMakeFiles/com.elf.dir/Drivers/STM32F1xx_HAL_Driver/Src/stm32f1xx_hal_gpio.c.obj
                0x08000920                HAL_GPIO_Init
 .text.HAL_GPIO_WritePin
                0x08000b58        0xc CMakeFiles/com.elf.dir/Drivers/STM32F1xx_HAL_Driver/Src/stm32f1xx_hal_gpio.c.obj
                0x08000b58                HAL_GPIO_WritePin
 .text.HAL_GPIO_TogglePin
                0x08000b64       0x12 CMakeFiles/com.elf.dir/Drivers/STM32F1xx_HAL_Driver/Src/stm32f1xx_hal_gpio.c.obj
                0x08000b64                HAL_GPIO_TogglePin
 *fill*         0x08000b76        0x2 
 .text.RCC_Delay
                0x08000b78       0x2c CMakeFiles/com.elf.dir/Drivers/STM32F1xx_HAL_Driver/Src/stm32f1xx_hal_rcc.c.obj
 .text.HAL_RCC_OscConfig
                0x08000ba4      0x410 CMakeFiles/com.elf.dir/Drivers/STM32F1xx_HAL_Driver/Src/stm32f1xx_hal_rcc.c.obj
                0x08000ba4                HAL_RCC_OscConfig
 .text.HAL_RCC_GetSysClockFreq
                0x08000fb4       0x54 CMakeFiles/com.elf.dir/Drivers/STM32F1xx_HAL_Driver/Src/stm32f1xx_hal_rcc.c.obj
                0x08000fb4                HAL_RCC_GetSysClockFreq
 .text.HAL_RCC_ClockConfig
                0x08001008      0x16c CMakeFiles/com.elf.dir/Drivers/STM32F1xx_HAL_Driver/Src/stm32f1xx_hal_rcc.c.obj
                0x08001008                HAL_RCC_ClockConfig
 .text.HAL_RCC_GetHCLKFreq
                0x08001174        0xc CMakeFiles/com.elf.dir/Drivers/STM32F1xx_HAL_Driver/Src/stm32f1xx_hal_rcc.c.obj
                0x08001174                HAL_RCC_GetHCLKFreq
 .text.HAL_RCC_GetPCLK1Freq
                0x08001180       0x20 CMakeFiles/com.elf.dir/Drivers/STM32F1xx_HAL_Driver/Src/stm32f1xx_hal_rcc.c.obj
                0x08001180                HAL_RCC_GetPCLK1Freq
 .text.HAL_RCC_GetPCLK2Freq
                0x080011a0       0x20 CMakeFiles/com.elf.dir/Drivers/STM32F1xx_HAL_Driver/Src/stm32f1xx_hal_rcc.c.obj
                0x080011a0                HAL_RCC_GetPCLK2Freq
 .text.UART_EndRxTransfer
                0x080011c0       0x5c CMakeFiles/com.elf.dir/Drivers/STM32F1xx_HAL_Driver/Src/stm32f1xx_hal_uart.c.obj
 .text.UART_Transmit_IT
                0x0800121c       0x60 CMakeFiles/com.elf.dir/Drivers/STM32F1xx_HAL_Driver/Src/stm32f1xx_hal_uart.c.obj
 .text.UART_SetConfig
                0x0800127c       0x94 CMakeFiles/com.elf.dir/Drivers/STM32F1xx_HAL_Driver/Src/stm32f1xx_hal_uart.c.obj
 .text.UART_WaitOnFlagUntilTimeout
                0x08001310       0x84 CMakeFiles/com.elf.dir/Drivers/STM32F1xx_HAL_Driver/Src/stm32f1xx_hal_uart.c.obj
 .text.HAL_UART_Init
                0x08001394       0x60 CMakeFiles/com.elf.dir/Drivers/STM32F1xx_HAL_Driver/Src/stm32f1xx_hal_uart.c.obj
                0x08001394                HAL_UART_Init
 .text.HAL_UART_Transmit
                0x080013f4       0xbe CMakeFiles/com.elf.dir/Drivers/STM32F1xx_HAL_Driver/Src/stm32f1xx_hal_uart.c.obj
                0x080013f4                HAL_UART_Transmit
 .text.HAL_UART_TxCpltCallback
                0x080014b2        0x2 CMakeFiles/com.elf.dir/Drivers/STM32F1xx_HAL_Driver/Src/stm32f1xx_hal_uart.c.obj
                0x080014b2                HAL_UART_TxCpltCallback
 .text.UART_EndTransmit_IT
                0x080014b4       0x1a CMakeFiles/com.elf.dir/Drivers/STM32F1xx_HAL_Driver/Src/stm32f1xx_hal_uart.c.obj
 .text.HAL_UART_ErrorCallback
                0x080014ce        0x2 CMakeFiles/com.elf.dir/Drivers/STM32F1xx_HAL_Driver/Src/stm32f1xx_hal_uart.c.obj
                0x080014ce                HAL_UART_ErrorCallback
 .text.UART_DMAAbortOnError
                0x080014d0       0x10 CMakeFiles/com.elf.dir/Drivers/STM32F1xx_HAL_Driver/Src/stm32f1xx_hal_uart.c.obj
 .text.HAL_UARTEx_RxEventCallback
                0x080014e0        0x2 CMakeFiles/com.elf.dir/Drivers/STM32F1xx_HAL_Driver/Src/stm32f1xx_hal_uart.c.obj
                0x080014e0                HAL_UARTEx_RxEventCallback
 .text.UART_Receive_IT
                0x080014e2       0xe6 CMakeFiles/com.elf.dir/Drivers/STM32F1xx_HAL_Driver/Src/stm32f1xx_hal_uart.c.obj
 .text.HAL_UART_IRQHandler
                0x080015c8      0x284 CMakeFiles/com.elf.dir/Drivers/STM32F1xx_HAL_Driver/Src/stm32f1xx_hal_uart.c.obj
                0x080015c8                HAL_UART_IRQHandler
 .text.UART_Start_Receive_IT
                0x0800184c       0x36 CMakeFiles/com.elf.dir/Drivers/STM32F1xx_HAL_Driver/Src/stm32f1xx_hal_uart.c.obj
                0x0800184c                UART_Start_Receive_IT
 .text.HAL_UART_Receive_IT
                0x08001882       0x26 CMakeFiles/com.elf.dir/Drivers/STM32F1xx_HAL_Driver/Src/stm32f1xx_hal_uart.c.obj
                0x08001882                HAL_UART_Receive_IT
 .text.memset   0x080018a8       0xa0 d:/program files/armgnu~1/12977f~1.2mp/bin/../lib/gcc/arm-none-eabi/12.2.1/thumb/v7-m/nofp\libg.a(libc_a-memset.o)
                0x080018a8                memset
 .text.__libc_init_array
                0x08001948       0x50 d:/program files/armgnu~1/12977f~1.2mp/bin/../lib/gcc/arm-none-eabi/12.2.1/thumb/v7-m/nofp\libg.a(libc_a-init.o)
                0x08001948                __libc_init_array
 .text.__retarget_lock_acquire_recursive
                0x08001998        0x4 d:/program files/armgnu~1/12977f~1.2mp/bin/../lib/gcc/arm-none-eabi/12.2.1/thumb/v7-m/nofp\libg.a(libc_a-lock.o)
                0x08001998                __retarget_lock_acquire_recursive
 .text.__retarget_lock_release_recursive
                0x0800199c        0x4 d:/program files/armgnu~1/12977f~1.2mp/bin/../lib/gcc/arm-none-eabi/12.2.1/thumb/v7-m/nofp\libg.a(libc_a-lock.o)
                0x0800199c                __retarget_lock_release_recursive
 .text.startup.register_fini
                0x080019a0       0x14 d:/program files/armgnu~1/12977f~1.2mp/bin/../lib/gcc/arm-none-eabi/12.2.1/thumb/v7-m/nofp\libg.a(libc_a-__call_atexit.o)
 .text.atexit   0x080019b4        0xc d:/program files/armgnu~1/12977f~1.2mp/bin/../lib/gcc/arm-none-eabi/12.2.1/thumb/v7-m/nofp\libg.a(libc_a-atexit.o)
                0x080019b4                atexit
 .text.__libc_fini_array
                0x080019c0       0x28 d:/program files/armgnu~1/12977f~1.2mp/bin/../lib/gcc/arm-none-eabi/12.2.1/thumb/v7-m/nofp\libg.a(libc_a-fini.o)
                0x080019c0                __libc_fini_array
 .text.__register_exitproc
                0x080019e8       0x80 d:/program files/armgnu~1/12977f~1.2mp/bin/../lib/gcc/arm-none-eabi/12.2.1/thumb/v7-m/nofp\libg.a(libc_a-__atexit.o)
                0x080019e8                __register_exitproc
 *(.glue_7)
 .glue_7        0x08001a68        0x0 linker stubs
 *(.glue_7t)
 .glue_7t       0x08001a68        0x0 linker stubs
 *(.eh_frame)
 .eh_frame      0x08001a68        0x0 d:/program files/armgnu~1/12977f~1.2mp/bin/../lib/gcc/arm-none-eabi/12.2.1/thumb/v7-m/nofp/crtbegin.o
 *(.init)
 .init          0x08001a68        0x4 d:/program files/armgnu~1/12977f~1.2mp/bin/../lib/gcc/arm-none-eabi/12.2.1/thumb/v7-m/nofp/crti.o
                0x08001a68                _init
 .init          0x08001a6c        0x8 d:/program files/armgnu~1/12977f~1.2mp/bin/../lib/gcc/arm-none-eabi/12.2.1/thumb/v7-m/nofp/crtn.o
 *(.fini)
 .fini          0x08001a74        0x4 d:/program files/armgnu~1/12977f~1.2mp/bin/../lib/gcc/arm-none-eabi/12.2.1/thumb/v7-m/nofp/crti.o
                0x08001a74                _fini
 .fini          0x08001a78        0x8 d:/program files/armgnu~1/12977f~1.2mp/bin/../lib/gcc/arm-none-eabi/12.2.1/thumb/v7-m/nofp/crtn.o
                0x08001a80                        . = ALIGN (0x4)
                0x08001a80                        _etext = .

.vfp11_veneer   0x08001a80        0x0
 .vfp11_veneer  0x08001a80        0x0 linker stubs

.v4_bx          0x08001a80        0x0
 .v4_bx         0x08001a80        0x0 linker stubs

.iplt           0x08001a80        0x0
 .iplt          0x08001a80        0x0 d:/program files/armgnu~1/12977f~1.2mp/bin/../lib/gcc/arm-none-eabi/12.2.1/thumb/v7-m/nofp/crtbegin.o

.rodata         0x08001a80       0x64
                0x08001a80                        . = ALIGN (0x4)
 *(.rodata)
 *(.rodata*)
 .rodata.APBPrescTable
                0x08001a80        0x8 CMakeFiles/com.elf.dir/Core/Src/system_stm32f1xx.c.obj
                0x08001a80                APBPrescTable
 .rodata.AHBPrescTable
                0x08001a88       0x10 CMakeFiles/com.elf.dir/Core/Src/system_stm32f1xx.c.obj
                0x08001a88                AHBPrescTable
 .rodata.MX_USART1_UART_Init.str1.4
                0x08001a98        0x9 CMakeFiles/com.elf.dir/Core/Src/usart.c.obj
 *fill*         0x08001aa1        0x3 
 .rodata.HAL_UART_RxCpltCallback.str1.4
                0x08001aa4       0x29 CMakeFiles/com.elf.dir/Core/Src/usart.c.obj
 *fill*         0x08001acd        0x3 
 .rodata.aPredivFactorTable.0
                0x08001ad0        0x2 CMakeFiles/com.elf.dir/Drivers/STM32F1xx_HAL_Driver/Src/stm32f1xx_hal_rcc.c.obj
 *fill*         0x08001ad2        0x2 
 .rodata.aPLLMULFactorTable.1
                0x08001ad4       0x10 CMakeFiles/com.elf.dir/Drivers/STM32F1xx_HAL_Driver/Src/stm32f1xx_hal_rcc.c.obj
                0x08001ae4                        . = ALIGN (0x4)

.rel.dyn        0x08001ae4        0x0
 .rel.iplt      0x08001ae4        0x0 d:/program files/armgnu~1/12977f~1.2mp/bin/../lib/gcc/arm-none-eabi/12.2.1/thumb/v7-m/nofp/crtbegin.o

.ARM.extab      0x08001ae4        0x0
                0x08001ae4                        . = ALIGN (0x4)
 *(.ARM.extab* .gnu.linkonce.armextab.*)
                0x08001ae4                        . = ALIGN (0x4)

.ARM            0x08001ae4        0x0
                0x08001ae4                        . = ALIGN (0x4)
                0x08001ae4                        __exidx_start = .
 *(.ARM.exidx*)
                0x08001ae4                        __exidx_end = .
                0x08001ae4                        . = ALIGN (0x4)

.preinit_array  0x08001ae4        0x0
                0x08001ae4                        . = ALIGN (0x4)
                0x08001ae4                        PROVIDE (__preinit_array_start = .)
 *(.preinit_array*)
                0x08001ae4                        PROVIDE (__preinit_array_end = .)
                0x08001ae4                        . = ALIGN (0x4)

.init_array     0x08001ae4        0x8
                0x08001ae4                        . = ALIGN (0x4)
                0x08001ae4                        PROVIDE (__init_array_start = .)
 *(SORT_BY_NAME(.init_array.*))
 .init_array.00000
                0x08001ae4        0x4 d:/program files/armgnu~1/12977f~1.2mp/bin/../lib/gcc/arm-none-eabi/12.2.1/thumb/v7-m/nofp\libg.a(libc_a-__call_atexit.o)
 *(.init_array*)
 .init_array    0x08001ae8        0x4 d:/program files/armgnu~1/12977f~1.2mp/bin/../lib/gcc/arm-none-eabi/12.2.1/thumb/v7-m/nofp/crtbegin.o
                0x08001aec                        PROVIDE (__init_array_end = .)
                0x08001aec                        . = ALIGN (0x4)

.fini_array     0x08001aec        0x4
                0x08001aec                        . = ALIGN (0x4)
                0x08001aec                        PROVIDE (__fini_array_start = .)
 *(SORT_BY_NAME(.fini_array.*))
 *(.fini_array*)
 .fini_array    0x08001aec        0x4 d:/program files/armgnu~1/12977f~1.2mp/bin/../lib/gcc/arm-none-eabi/12.2.1/thumb/v7-m/nofp/crtbegin.o
                0x08001af0                        PROVIDE (__fini_array_end = .)
                0x08001af0                        . = ALIGN (0x4)
                0x08001af0                        _sidata = LOADADDR (.data)

.data           0x20000000       0x14 load address 0x08001af0
                0x20000000                        . = ALIGN (0x4)
                0x20000000                        _sdata = .
 *(.data)
 *(.data*)
 .data.SystemCoreClock
                0x20000000        0x4 CMakeFiles/com.elf.dir/Core/Src/system_stm32f1xx.c.obj
                0x20000000                SystemCoreClock
 .data.receivedString2
                0x20000004        0x2 CMakeFiles/com.elf.dir/Core/Src/usart.c.obj
                0x20000004                receivedString2
 *fill*         0x20000006        0x2 
 .data.receivedString1
                0x20000008        0x2 CMakeFiles/com.elf.dir/Core/Src/usart.c.obj
                0x20000008                receivedString1
 .data.uwTickFreq
                0x2000000a        0x1 CMakeFiles/com.elf.dir/Drivers/STM32F1xx_HAL_Driver/Src/stm32f1xx_hal.c.obj
                0x2000000a                uwTickFreq
 *fill*         0x2000000b        0x1 
 .data.uwTickPrio
                0x2000000c        0x4 CMakeFiles/com.elf.dir/Drivers/STM32F1xx_HAL_Driver/Src/stm32f1xx_hal.c.obj
                0x2000000c                uwTickPrio
 .data.__atexit_recursive_mutex
                0x20000010        0x4 d:/program files/armgnu~1/12977f~1.2mp/bin/../lib/gcc/arm-none-eabi/12.2.1/thumb/v7-m/nofp\libg.a(libc_a-__call_atexit.o)
                0x20000010                __atexit_recursive_mutex
 *(.RamFunc)
 *(.RamFunc*)
                0x20000014                        . = ALIGN (0x4)
                0x20000014                        _edata = .

.tm_clone_table
                0x20000014        0x0 load address 0x08001b04
 .tm_clone_table
                0x20000014        0x0 d:/program files/armgnu~1/12977f~1.2mp/bin/../lib/gcc/arm-none-eabi/12.2.1/thumb/v7-m/nofp/crtbegin.o
 .tm_clone_table
                0x20000014        0x0 d:/program files/armgnu~1/12977f~1.2mp/bin/../lib/gcc/arm-none-eabi/12.2.1/thumb/v7-m/nofp/crtend.o

.igot.plt       0x20000014        0x0 load address 0x08001b04
 .igot.plt      0x20000014        0x0 d:/program files/armgnu~1/12977f~1.2mp/bin/../lib/gcc/arm-none-eabi/12.2.1/thumb/v7-m/nofp/crtbegin.o
                0x20000014                        . = ALIGN (0x4)

.bss            0x20000014      0x268 load address 0x08001b04
                0x20000014                        _sbss = .
                0x20000014                        __bss_start__ = _sbss
 *(.bss)
 *(.bss*)
 .bss.completed.1
                0x20000014        0x1 d:/program files/armgnu~1/12977f~1.2mp/bin/../lib/gcc/arm-none-eabi/12.2.1/thumb/v7-m/nofp/crtbegin.o
 *fill*         0x20000015        0x3 
 .bss.object.0  0x20000018       0x18 d:/program files/armgnu~1/12977f~1.2mp/bin/../lib/gcc/arm-none-eabi/12.2.1/thumb/v7-m/nofp/crtbegin.o
 .bss.huart1    0x20000030       0x48 CMakeFiles/com.elf.dir/Core/Src/usart.c.obj
                0x20000030                huart1
 .bss.receivedIndex
                0x20000078        0x1 CMakeFiles/com.elf.dir/Core/Src/usart.c.obj
                0x20000078                receivedIndex
 *fill*         0x20000079        0x3 
 .bss.rxBuffer  0x2000007c       0x64 CMakeFiles/com.elf.dir/Core/Src/usart.c.obj
                0x2000007c                rxBuffer
 .bss.uwTick    0x200000e0        0x4 CMakeFiles/com.elf.dir/Drivers/STM32F1xx_HAL_Driver/Src/stm32f1xx_hal.c.obj
                0x200000e0                uwTick
 .bss.__lock___atexit_recursive_mutex
                0x200000e4        0x1 d:/program files/armgnu~1/12977f~1.2mp/bin/../lib/gcc/arm-none-eabi/12.2.1/thumb/v7-m/nofp\libg.a(libc_a-lock.o)
                0x200000e4                __lock___atexit_recursive_mutex
 *fill*         0x200000e5        0x3 
 .bss.__atexit  0x200000e8        0x4 d:/program files/armgnu~1/12977f~1.2mp/bin/../lib/gcc/arm-none-eabi/12.2.1/thumb/v7-m/nofp\libg.a(libc_a-__call_atexit.o)
                0x200000e8                __atexit
 .bss.__atexit0
                0x200000ec      0x190 d:/program files/armgnu~1/12977f~1.2mp/bin/../lib/gcc/arm-none-eabi/12.2.1/thumb/v7-m/nofp\libg.a(libc_a-__atexit.o)
                0x200000ec                __atexit0
 *(COMMON)
                0x2000027c                        . = ALIGN (0x4)
                0x2000027c                        _ebss = .
                0x2000027c                        __bss_end__ = _ebss

._user_heap_stack
                0x2000027c      0x604 load address 0x08001b04
                0x20000280                        . = ALIGN (0x8)
 *fill*         0x2000027c        0x4 
                [!provide]                        PROVIDE (end = .)
                0x20000280                        PROVIDE (_end = .)
                0x20000480                        . = (. + _Min_Heap_Size)
 *fill*         0x20000280      0x200 
                0x20000880                        . = (. + _Min_Stack_Size)
 *fill*         0x20000480      0x400 
                0x20000880                        . = ALIGN (0x8)

/DISCARD/
 libc.a(*)
 libm.a(*)
 libgcc.a(*)

.ARM.attributes
                0x00000000       0x29
 *(.ARM.attributes)
 .ARM.attributes
                0x00000000       0x1d d:/program files/armgnu~1/12977f~1.2mp/bin/../lib/gcc/arm-none-eabi/12.2.1/thumb/v7-m/nofp/crti.o
 .ARM.attributes
                0x0000001d       0x2d d:/program files/armgnu~1/12977f~1.2mp/bin/../lib/gcc/arm-none-eabi/12.2.1/thumb/v7-m/nofp/crtbegin.o
 .ARM.attributes
                0x0000004a       0x2d CMakeFiles/com.elf.dir/Core/Src/gpio.c.obj
 .ARM.attributes
                0x00000077       0x2d CMakeFiles/com.elf.dir/Core/Src/main.c.obj
 .ARM.attributes
                0x000000a4       0x2d CMakeFiles/com.elf.dir/Core/Src/stm32f1xx_hal_msp.c.obj
 .ARM.attributes
                0x000000d1       0x2d CMakeFiles/com.elf.dir/Core/Src/stm32f1xx_it.c.obj
 .ARM.attributes
                0x000000fe       0x2d CMakeFiles/com.elf.dir/Core/Src/system_stm32f1xx.c.obj
 .ARM.attributes
                0x0000012b       0x2d CMakeFiles/com.elf.dir/Core/Src/usart.c.obj
 .ARM.attributes
                0x00000158       0x21 CMakeFiles/com.elf.dir/Core/Startup/startup_stm32f103zetx.s.obj
 .ARM.attributes
                0x00000179       0x2d CMakeFiles/com.elf.dir/Drivers/STM32F1xx_HAL_Driver/Src/stm32f1xx_hal.c.obj
 .ARM.attributes
                0x000001a6       0x2d CMakeFiles/com.elf.dir/Drivers/STM32F1xx_HAL_Driver/Src/stm32f1xx_hal_cortex.c.obj
 .ARM.attributes
                0x000001d3       0x2d CMakeFiles/com.elf.dir/Drivers/STM32F1xx_HAL_Driver/Src/stm32f1xx_hal_dma.c.obj
 .ARM.attributes
                0x00000200       0x2d CMakeFiles/com.elf.dir/Drivers/STM32F1xx_HAL_Driver/Src/stm32f1xx_hal_gpio.c.obj
 .ARM.attributes
                0x0000022d       0x2d CMakeFiles/com.elf.dir/Drivers/STM32F1xx_HAL_Driver/Src/stm32f1xx_hal_rcc.c.obj
 .ARM.attributes
                0x0000025a       0x2d CMakeFiles/com.elf.dir/Drivers/STM32F1xx_HAL_Driver/Src/stm32f1xx_hal_uart.c.obj
 .ARM.attributes
                0x00000287       0x2d d:/program files/armgnu~1/12977f~1.2mp/bin/../lib/gcc/arm-none-eabi/12.2.1/thumb/v7-m/nofp\libg.a(libc_a-memset.o)
 .ARM.attributes
                0x000002b4       0x2d d:/program files/armgnu~1/12977f~1.2mp/bin/../lib/gcc/arm-none-eabi/12.2.1/thumb/v7-m/nofp\libg.a(libc_a-init.o)
 .ARM.attributes
                0x000002e1       0x2d d:/program files/armgnu~1/12977f~1.2mp/bin/../lib/gcc/arm-none-eabi/12.2.1/thumb/v7-m/nofp\libg.a(libc_a-lock.o)
 .ARM.attributes
                0x0000030e       0x2d d:/program files/armgnu~1/12977f~1.2mp/bin/../lib/gcc/arm-none-eabi/12.2.1/thumb/v7-m/nofp\libg.a(libc_a-__call_atexit.o)
 .ARM.attributes
                0x0000033b       0x2d d:/program files/armgnu~1/12977f~1.2mp/bin/../lib/gcc/arm-none-eabi/12.2.1/thumb/v7-m/nofp\libg.a(libc_a-atexit.o)
 .ARM.attributes
                0x00000368       0x2d d:/program files/armgnu~1/12977f~1.2mp/bin/../lib/gcc/arm-none-eabi/12.2.1/thumb/v7-m/nofp\libg.a(libc_a-fini.o)
 .ARM.attributes
                0x00000395       0x2d d:/program files/armgnu~1/12977f~1.2mp/bin/../lib/gcc/arm-none-eabi/12.2.1/thumb/v7-m/nofp\libg.a(libc_a-__atexit.o)
 .ARM.attributes
                0x000003c2       0x2d d:/program files/armgnu~1/12977f~1.2mp/bin/../lib/gcc/arm-none-eabi/12.2.1/thumb/v7-m/nofp/crtend.o
 .ARM.attributes
                0x000003ef       0x1d d:/program files/armgnu~1/12977f~1.2mp/bin/../lib/gcc/arm-none-eabi/12.2.1/thumb/v7-m/nofp/crtn.o
OUTPUT(com.elf elf32-littlearm)
LOAD linker stubs
LOAD d:/program files/armgnu~1/12977f~1.2mp/bin/../lib/gcc/arm-none-eabi/12.2.1/thumb/v7-m/nofp\libc.a
LOAD d:/program files/armgnu~1/12977f~1.2mp/bin/../lib/gcc/arm-none-eabi/12.2.1/thumb/v7-m/nofp\libm.a
LOAD d:/program files/armgnu~1/12977f~1.2mp/bin/../lib/gcc/arm-none-eabi/12.2.1/thumb/v7-m/nofp\libgcc.a

.debug_info     0x00000000     0x8ed6
 .debug_info    0x00000000      0x327 CMakeFiles/com.elf.dir/Core/Src/gpio.c.obj
 .debug_info    0x00000327      0x828 CMakeFiles/com.elf.dir/Core/Src/main.c.obj
 .debug_info    0x00000b4f      0x1f4 CMakeFiles/com.elf.dir/Core/Src/stm32f1xx_hal_msp.c.obj
 .debug_info    0x00000d43      0x603 CMakeFiles/com.elf.dir/Core/Src/stm32f1xx_it.c.obj
 .debug_info    0x00001346      0x22d CMakeFiles/com.elf.dir/Core/Src/system_stm32f1xx.c.obj
 .debug_info    0x00001573      0xc27 CMakeFiles/com.elf.dir/Core/Src/usart.c.obj
 .debug_info    0x0000219a       0x30 CMakeFiles/com.elf.dir/Core/Startup/startup_stm32f103zetx.s.obj
 .debug_info    0x000021ca      0x808 CMakeFiles/com.elf.dir/Drivers/STM32F1xx_HAL_Driver/Src/stm32f1xx_hal.c.obj
 .debug_info    0x000029d2      0xd13 CMakeFiles/com.elf.dir/Drivers/STM32F1xx_HAL_Driver/Src/stm32f1xx_hal_cortex.c.obj
 .debug_info    0x000036e5      0x7da CMakeFiles/com.elf.dir/Drivers/STM32F1xx_HAL_Driver/Src/stm32f1xx_hal_dma.c.obj
 .debug_info    0x00003ebf      0x604 CMakeFiles/com.elf.dir/Drivers/STM32F1xx_HAL_Driver/Src/stm32f1xx_hal_gpio.c.obj
 .debug_info    0x000044c3      0x9c7 CMakeFiles/com.elf.dir/Drivers/STM32F1xx_HAL_Driver/Src/stm32f1xx_hal_rcc.c.obj
 .debug_info    0x00004e8a     0x404c CMakeFiles/com.elf.dir/Drivers/STM32F1xx_HAL_Driver/Src/stm32f1xx_hal_uart.c.obj

.debug_abbrev   0x00000000     0x1923
 .debug_abbrev  0x00000000      0x151 CMakeFiles/com.elf.dir/Core/Src/gpio.c.obj
 .debug_abbrev  0x00000151      0x223 CMakeFiles/com.elf.dir/Core/Src/main.c.obj
 .debug_abbrev  0x00000374       0xed CMakeFiles/com.elf.dir/Core/Src/stm32f1xx_hal_msp.c.obj
 .debug_abbrev  0x00000461      0x17f CMakeFiles/com.elf.dir/Core/Src/stm32f1xx_it.c.obj
 .debug_abbrev  0x000005e0      0x143 CMakeFiles/com.elf.dir/Core/Src/system_stm32f1xx.c.obj
 .debug_abbrev  0x00000723      0x24b CMakeFiles/com.elf.dir/Core/Src/usart.c.obj
 .debug_abbrev  0x0000096e       0x24 CMakeFiles/com.elf.dir/Core/Startup/startup_stm32f103zetx.s.obj
 .debug_abbrev  0x00000992      0x22d CMakeFiles/com.elf.dir/Drivers/STM32F1xx_HAL_Driver/Src/stm32f1xx_hal.c.obj
 .debug_abbrev  0x00000bbf      0x36d CMakeFiles/com.elf.dir/Drivers/STM32F1xx_HAL_Driver/Src/stm32f1xx_hal_cortex.c.obj
 .debug_abbrev  0x00000f2c      0x244 CMakeFiles/com.elf.dir/Drivers/STM32F1xx_HAL_Driver/Src/stm32f1xx_hal_dma.c.obj
 .debug_abbrev  0x00001170      0x1f7 CMakeFiles/com.elf.dir/Drivers/STM32F1xx_HAL_Driver/Src/stm32f1xx_hal_gpio.c.obj
 .debug_abbrev  0x00001367      0x2a0 CMakeFiles/com.elf.dir/Drivers/STM32F1xx_HAL_Driver/Src/stm32f1xx_hal_rcc.c.obj
 .debug_abbrev  0x00001607      0x31c CMakeFiles/com.elf.dir/Drivers/STM32F1xx_HAL_Driver/Src/stm32f1xx_hal_uart.c.obj

.debug_aranges  0x00000000      0x670
 .debug_aranges
                0x00000000       0x20 CMakeFiles/com.elf.dir/Core/Src/gpio.c.obj
 .debug_aranges
                0x00000020       0x30 CMakeFiles/com.elf.dir/Core/Src/main.c.obj
 .debug_aranges
                0x00000050       0x20 CMakeFiles/com.elf.dir/Core/Src/stm32f1xx_hal_msp.c.obj
 .debug_aranges
                0x00000070       0x68 CMakeFiles/com.elf.dir/Core/Src/stm32f1xx_it.c.obj
 .debug_aranges
                0x000000d8       0x28 CMakeFiles/com.elf.dir/Core/Src/system_stm32f1xx.c.obj
 .debug_aranges
                0x00000100       0x38 CMakeFiles/com.elf.dir/Core/Src/usart.c.obj
 .debug_aranges
                0x00000138       0x28 CMakeFiles/com.elf.dir/Core/Startup/startup_stm32f103zetx.s.obj
 .debug_aranges
                0x00000160       0xe0 CMakeFiles/com.elf.dir/Drivers/STM32F1xx_HAL_Driver/Src/stm32f1xx_hal.c.obj
 .debug_aranges
                0x00000240       0xc0 CMakeFiles/com.elf.dir/Drivers/STM32F1xx_HAL_Driver/Src/stm32f1xx_hal_cortex.c.obj
 .debug_aranges
                0x00000300       0x80 CMakeFiles/com.elf.dir/Drivers/STM32F1xx_HAL_Driver/Src/stm32f1xx_hal_dma.c.obj
 .debug_aranges
                0x00000380       0x58 CMakeFiles/com.elf.dir/Drivers/STM32F1xx_HAL_Driver/Src/stm32f1xx_hal_gpio.c.obj
 .debug_aranges
                0x000003d8       0x90 CMakeFiles/com.elf.dir/Drivers/STM32F1xx_HAL_Driver/Src/stm32f1xx_hal_rcc.c.obj
 .debug_aranges
                0x00000468      0x208 CMakeFiles/com.elf.dir/Drivers/STM32F1xx_HAL_Driver/Src/stm32f1xx_hal_uart.c.obj

.debug_rnglists
                0x00000000      0x4d4
 .debug_rnglists
                0x00000000       0x14 CMakeFiles/com.elf.dir/Core/Src/gpio.c.obj
 .debug_rnglists
                0x00000014       0x1f CMakeFiles/com.elf.dir/Core/Src/main.c.obj
 .debug_rnglists
                0x00000033       0x13 CMakeFiles/com.elf.dir/Core/Src/stm32f1xx_hal_msp.c.obj
 .debug_rnglists
                0x00000046       0x49 CMakeFiles/com.elf.dir/Core/Src/stm32f1xx_it.c.obj
 .debug_rnglists
                0x0000008f       0x1a CMakeFiles/com.elf.dir/Core/Src/system_stm32f1xx.c.obj
 .debug_rnglists
                0x000000a9       0x27 CMakeFiles/com.elf.dir/Core/Src/usart.c.obj
 .debug_rnglists
                0x000000d0       0x19 CMakeFiles/com.elf.dir/Core/Startup/startup_stm32f103zetx.s.obj
 .debug_rnglists
                0x000000e9       0xa3 CMakeFiles/com.elf.dir/Drivers/STM32F1xx_HAL_Driver/Src/stm32f1xx_hal.c.obj
 .debug_rnglists
                0x0000018c       0x8b CMakeFiles/com.elf.dir/Drivers/STM32F1xx_HAL_Driver/Src/stm32f1xx_hal_cortex.c.obj
 .debug_rnglists
                0x00000217       0x60 CMakeFiles/com.elf.dir/Drivers/STM32F1xx_HAL_Driver/Src/stm32f1xx_hal_dma.c.obj
 .debug_rnglists
                0x00000277       0x3f CMakeFiles/com.elf.dir/Drivers/STM32F1xx_HAL_Driver/Src/stm32f1xx_hal_gpio.c.obj
 .debug_rnglists
                0x000002b6       0x7d CMakeFiles/com.elf.dir/Drivers/STM32F1xx_HAL_Driver/Src/stm32f1xx_hal_rcc.c.obj
 .debug_rnglists
                0x00000333      0x1a1 CMakeFiles/com.elf.dir/Drivers/STM32F1xx_HAL_Driver/Src/stm32f1xx_hal_uart.c.obj

.debug_line     0x00000000     0x7f01
 .debug_line    0x00000000      0x1fc CMakeFiles/com.elf.dir/Core/Src/gpio.c.obj
 .debug_line    0x000001fc      0x37a CMakeFiles/com.elf.dir/Core/Src/main.c.obj
 .debug_line    0x00000576      0x170 CMakeFiles/com.elf.dir/Core/Src/stm32f1xx_hal_msp.c.obj
 .debug_line    0x000006e6      0x2f4 CMakeFiles/com.elf.dir/Core/Src/stm32f1xx_it.c.obj
 .debug_line    0x000009da      0x23a CMakeFiles/com.elf.dir/Core/Src/system_stm32f1xx.c.obj
 .debug_line    0x00000c14      0x3ac CMakeFiles/com.elf.dir/Core/Src/usart.c.obj
 .debug_line    0x00000fc0       0x79 CMakeFiles/com.elf.dir/Core/Startup/startup_stm32f103zetx.s.obj
 .debug_line    0x00001039      0x54a CMakeFiles/com.elf.dir/Drivers/STM32F1xx_HAL_Driver/Src/stm32f1xx_hal.c.obj
 .debug_line    0x00001583      0x6d9 CMakeFiles/com.elf.dir/Drivers/STM32F1xx_HAL_Driver/Src/stm32f1xx_hal_cortex.c.obj
 .debug_line    0x00001c5c      0xcf8 CMakeFiles/com.elf.dir/Drivers/STM32F1xx_HAL_Driver/Src/stm32f1xx_hal_dma.c.obj
 .debug_line    0x00002954      0x5c7 CMakeFiles/com.elf.dir/Drivers/STM32F1xx_HAL_Driver/Src/stm32f1xx_hal_gpio.c.obj
 .debug_line    0x00002f1b      0xc1e CMakeFiles/com.elf.dir/Drivers/STM32F1xx_HAL_Driver/Src/stm32f1xx_hal_rcc.c.obj
 .debug_line    0x00003b39     0x43c8 CMakeFiles/com.elf.dir/Drivers/STM32F1xx_HAL_Driver/Src/stm32f1xx_hal_uart.c.obj

.debug_str      0x00000000     0x2114
 .debug_str     0x00000000      0x256 CMakeFiles/com.elf.dir/Core/Src/gpio.c.obj
                                0x2a1 (size before relaxing)
 .debug_str     0x00000256      0x5ba CMakeFiles/com.elf.dir/Core/Src/main.c.obj
                                0x7b8 (size before relaxing)
 .debug_str     0x00000810       0x6b CMakeFiles/com.elf.dir/Core/Src/stm32f1xx_hal_msp.c.obj
                                0x235 (size before relaxing)
 .debug_str     0x0000087b       0xee CMakeFiles/com.elf.dir/Core/Src/stm32f1xx_it.c.obj
                                0x673 (size before relaxing)
 .debug_str     0x00000969       0x8f CMakeFiles/com.elf.dir/Core/Src/system_stm32f1xx.c.obj
                                0x26a (size before relaxing)
 .debug_str     0x000009f8      0x4d4 CMakeFiles/com.elf.dir/Core/Src/usart.c.obj
                                0xb75 (size before relaxing)
 .debug_str     0x00000ecc       0x55 CMakeFiles/com.elf.dir/Core/Startup/startup_stm32f103zetx.s.obj
                                 0x7b (size before relaxing)
 .debug_str     0x00000f21      0x30d CMakeFiles/com.elf.dir/Drivers/STM32F1xx_HAL_Driver/Src/stm32f1xx_hal.c.obj
                                0x928 (size before relaxing)
 .debug_str     0x0000122e      0x3a5 CMakeFiles/com.elf.dir/Drivers/STM32F1xx_HAL_Driver/Src/stm32f1xx_hal_cortex.c.obj
                                0x9cd (size before relaxing)
 .debug_str     0x000015d3      0x255 CMakeFiles/com.elf.dir/Drivers/STM32F1xx_HAL_Driver/Src/stm32f1xx_hal_dma.c.obj
                                0x613 (size before relaxing)
 .debug_str     0x00001828      0x105 CMakeFiles/com.elf.dir/Drivers/STM32F1xx_HAL_Driver/Src/stm32f1xx_hal_gpio.c.obj
                                0x416 (size before relaxing)
 .debug_str     0x0000192d      0x205 CMakeFiles/com.elf.dir/Drivers/STM32F1xx_HAL_Driver/Src/stm32f1xx_hal_rcc.c.obj
                                0x641 (size before relaxing)
 .debug_str     0x00001b32      0x5e2 CMakeFiles/com.elf.dir/Drivers/STM32F1xx_HAL_Driver/Src/stm32f1xx_hal_uart.c.obj
                                0xd0a (size before relaxing)

.comment        0x00000000       0x55
 .comment       0x00000000       0x55 CMakeFiles/com.elf.dir/Core/Src/gpio.c.obj
                                 0x56 (size before relaxing)
 .comment       0x00000055       0x56 CMakeFiles/com.elf.dir/Core/Src/main.c.obj
 .comment       0x00000055       0x56 CMakeFiles/com.elf.dir/Core/Src/stm32f1xx_hal_msp.c.obj
 .comment       0x00000055       0x56 CMakeFiles/com.elf.dir/Core/Src/stm32f1xx_it.c.obj
 .comment       0x00000055       0x56 CMakeFiles/com.elf.dir/Core/Src/system_stm32f1xx.c.obj
 .comment       0x00000055       0x56 CMakeFiles/com.elf.dir/Core/Src/usart.c.obj
 .comment       0x00000055       0x56 CMakeFiles/com.elf.dir/Drivers/STM32F1xx_HAL_Driver/Src/stm32f1xx_hal.c.obj
 .comment       0x00000055       0x56 CMakeFiles/com.elf.dir/Drivers/STM32F1xx_HAL_Driver/Src/stm32f1xx_hal_cortex.c.obj
 .comment       0x00000055       0x56 CMakeFiles/com.elf.dir/Drivers/STM32F1xx_HAL_Driver/Src/stm32f1xx_hal_dma.c.obj
 .comment       0x00000055       0x56 CMakeFiles/com.elf.dir/Drivers/STM32F1xx_HAL_Driver/Src/stm32f1xx_hal_gpio.c.obj
 .comment       0x00000055       0x56 CMakeFiles/com.elf.dir/Drivers/STM32F1xx_HAL_Driver/Src/stm32f1xx_hal_rcc.c.obj
 .comment       0x00000055       0x56 CMakeFiles/com.elf.dir/Drivers/STM32F1xx_HAL_Driver/Src/stm32f1xx_hal_uart.c.obj

.debug_frame    0x00000000     0x10f4
 .debug_frame   0x00000000       0x38 CMakeFiles/com.elf.dir/Core/Src/gpio.c.obj
 .debug_frame   0x00000038       0x58 CMakeFiles/com.elf.dir/Core/Src/main.c.obj
 .debug_frame   0x00000090       0x28 CMakeFiles/com.elf.dir/Core/Src/stm32f1xx_hal_msp.c.obj
 .debug_frame   0x000000b8       0xc0 CMakeFiles/com.elf.dir/Core/Src/stm32f1xx_it.c.obj
 .debug_frame   0x00000178       0x30 CMakeFiles/com.elf.dir/Core/Src/system_stm32f1xx.c.obj
 .debug_frame   0x000001a8       0x7c CMakeFiles/com.elf.dir/Core/Src/usart.c.obj
 .debug_frame   0x00000224      0x1cc CMakeFiles/com.elf.dir/Drivers/STM32F1xx_HAL_Driver/Src/stm32f1xx_hal.c.obj
 .debug_frame   0x000003f0      0x19c CMakeFiles/com.elf.dir/Drivers/STM32F1xx_HAL_Driver/Src/stm32f1xx_hal_cortex.c.obj
 .debug_frame   0x0000058c      0x140 CMakeFiles/com.elf.dir/Drivers/STM32F1xx_HAL_Driver/Src/stm32f1xx_hal_dma.c.obj
 .debug_frame   0x000006cc       0xe4 CMakeFiles/com.elf.dir/Drivers/STM32F1xx_HAL_Driver/Src/stm32f1xx_hal_gpio.c.obj
 .debug_frame   0x000007b0      0x184 CMakeFiles/com.elf.dir/Drivers/STM32F1xx_HAL_Driver/Src/stm32f1xx_hal_rcc.c.obj
 .debug_frame   0x00000934      0x5d4 CMakeFiles/com.elf.dir/Drivers/STM32F1xx_HAL_Driver/Src/stm32f1xx_hal_uart.c.obj
 .debug_frame   0x00000f08       0x2c d:/program files/armgnu~1/12977f~1.2mp/bin/../lib/gcc/arm-none-eabi/12.2.1/thumb/v7-m/nofp\libg.a(libc_a-memset.o)
 .debug_frame   0x00000f34       0x2c d:/program files/armgnu~1/12977f~1.2mp/bin/../lib/gcc/arm-none-eabi/12.2.1/thumb/v7-m/nofp\libg.a(libc_a-init.o)
 .debug_frame   0x00000f60       0xb0 d:/program files/armgnu~1/12977f~1.2mp/bin/../lib/gcc/arm-none-eabi/12.2.1/thumb/v7-m/nofp\libg.a(libc_a-lock.o)
 .debug_frame   0x00001010       0x5c d:/program files/armgnu~1/12977f~1.2mp/bin/../lib/gcc/arm-none-eabi/12.2.1/thumb/v7-m/nofp\libg.a(libc_a-__call_atexit.o)
 .debug_frame   0x0000106c       0x20 d:/program files/armgnu~1/12977f~1.2mp/bin/../lib/gcc/arm-none-eabi/12.2.1/thumb/v7-m/nofp\libg.a(libc_a-atexit.o)
 .debug_frame   0x0000108c       0x34 d:/program files/armgnu~1/12977f~1.2mp/bin/../lib/gcc/arm-none-eabi/12.2.1/thumb/v7-m/nofp\libg.a(libc_a-fini.o)
 .debug_frame   0x000010c0       0x34 d:/program files/armgnu~1/12977f~1.2mp/bin/../lib/gcc/arm-none-eabi/12.2.1/thumb/v7-m/nofp\libg.a(libc_a-__atexit.o)

.debug_loclists
                0x00000000     0x3d02
 .debug_loclists
                0x00000000       0x17 CMakeFiles/com.elf.dir/Core/Src/stm32f1xx_hal_msp.c.obj
 .debug_loclists
                0x00000017       0xa5 CMakeFiles/com.elf.dir/Core/Src/system_stm32f1xx.c.obj
 .debug_loclists
                0x000000bc       0xa8 CMakeFiles/com.elf.dir/Core/Src/usart.c.obj
 .debug_loclists
                0x00000164       0xc9 CMakeFiles/com.elf.dir/Drivers/STM32F1xx_HAL_Driver/Src/stm32f1xx_hal.c.obj
 .debug_loclists
                0x0000022d      0x422 CMakeFiles/com.elf.dir/Drivers/STM32F1xx_HAL_Driver/Src/stm32f1xx_hal_cortex.c.obj
 .debug_loclists
                0x0000064f      0x4d4 CMakeFiles/com.elf.dir/Drivers/STM32F1xx_HAL_Driver/Src/stm32f1xx_hal_dma.c.obj
 .debug_loclists
                0x00000b23      0x2ee CMakeFiles/com.elf.dir/Drivers/STM32F1xx_HAL_Driver/Src/stm32f1xx_hal_gpio.c.obj
 .debug_loclists
                0x00000e11      0x3f8 CMakeFiles/com.elf.dir/Drivers/STM32F1xx_HAL_Driver/Src/stm32f1xx_hal_rcc.c.obj
 .debug_loclists
                0x00001209     0x2af9 CMakeFiles/com.elf.dir/Drivers/STM32F1xx_HAL_Driver/Src/stm32f1xx_hal_uart.c.obj

.debug_line_str
                0x00000000       0x5f
 .debug_line_str
                0x00000000       0x5f CMakeFiles/com.elf.dir/Core/Startup/startup_stm32f103zetx.s.obj
