Component: ARM Compiler 5.05 update 1 (build 106) Tool: armlink [4d0efa]

==============================================================================

Section Cross References

    startup_stm32f103xe.o(STACK) refers (Special) to heapauxi.o(.text) for __use_two_region_memory
    startup_stm32f103xe.o(HEAP) refers (Special) to heapauxi.o(.text) for __use_two_region_memory
    startup_stm32f103xe.o(RESET) refers (Special) to heapauxi.o(.text) for __use_two_region_memory
    startup_stm32f103xe.o(RESET) refers to startup_stm32f103xe.o(STACK) for __initial_sp
    startup_stm32f103xe.o(RESET) refers to startup_stm32f103xe.o(.text) for Reset_Handler
    startup_stm32f103xe.o(RESET) refers to stm32f1xx_it.o(i.NMI_Handler) for NMI_Handler
    startup_stm32f103xe.o(RESET) refers to stm32f1xx_it.o(i.HardFault_Handler) for HardFault_Handler
    startup_stm32f103xe.o(RESET) refers to stm32f1xx_it.o(i.MemManage_Handler) for MemManage_Handler
    startup_stm32f103xe.o(RESET) refers to stm32f1xx_it.o(i.BusFault_Handler) for BusFault_Handler
    startup_stm32f103xe.o(RESET) refers to stm32f1xx_it.o(i.UsageFault_Handler) for UsageFault_Handler
    startup_stm32f103xe.o(RESET) refers to stm32f1xx_it.o(i.SVC_Handler) for SVC_Handler
    startup_stm32f103xe.o(RESET) refers to stm32f1xx_it.o(i.DebugMon_Handler) for DebugMon_Handler
    startup_stm32f103xe.o(RESET) refers to stm32f1xx_it.o(i.PendSV_Handler) for PendSV_Handler
    startup_stm32f103xe.o(RESET) refers to stm32f1xx_it.o(i.SysTick_Handler) for SysTick_Handler
    startup_stm32f103xe.o(RESET) refers to stm32f1xx_it.o(i.TIM2_IRQHandler) for TIM2_IRQHandler
    startup_stm32f103xe.o(RESET) refers to stm32f1xx_it.o(i.TIM3_IRQHandler) for TIM3_IRQHandler
    startup_stm32f103xe.o(RESET) refers to stm32f1xx_it.o(i.TIM4_IRQHandler) for TIM4_IRQHandler
    startup_stm32f103xe.o(RESET) refers to stm32f1xx_it.o(i.USART1_IRQHandler) for USART1_IRQHandler
    startup_stm32f103xe.o(RESET) refers to stm32f1xx_it.o(i.TIM5_IRQHandler) for TIM5_IRQHandler
    startup_stm32f103xe.o(RESET) refers to stm32f1xx_it.o(i.TIM6_IRQHandler) for TIM6_IRQHandler
    startup_stm32f103xe.o(.text) refers (Special) to heapauxi.o(.text) for __use_two_region_memory
    startup_stm32f103xe.o(.text) refers to system_stm32f1xx.o(i.SystemInit) for SystemInit
    startup_stm32f103xe.o(.text) refers to __main.o(!!!main) for __main
    startup_stm32f103xe.o(.text) refers to startup_stm32f103xe.o(HEAP) for Heap_Mem
    startup_stm32f103xe.o(.text) refers to startup_stm32f103xe.o(STACK) for Stack_Mem
    main.o(i.HAL_TIM_PeriodElapsedCallback) refers to motor.o(i.Forward) for Forward
    main.o(i.HAL_TIM_PeriodElapsedCallback) refers to tim.o(.bss) for htim3
    main.o(i.HAL_TIM_PeriodElapsedCallback) refers to pid.o(.data) for EncoderOverflowCnt
    main.o(i.SystemClock_Config) refers to rt_memclr_w.o(.text) for __aeabi_memclr4
    main.o(i.SystemClock_Config) refers to stm32f1xx_hal_rcc.o(i.HAL_RCC_OscConfig) for HAL_RCC_OscConfig
    main.o(i.SystemClock_Config) refers to stm32f1xx_hal_rcc.o(i.HAL_RCC_ClockConfig) for HAL_RCC_ClockConfig
    main.o(i.SystemClock_Config) refers to stm32f1xx_hal_rcc_ex.o(i.HAL_RCCEx_PeriphCLKConfig) for HAL_RCCEx_PeriphCLKConfig
    main.o(i.main) refers to stm32f1xx_hal.o(i.HAL_Init) for HAL_Init
    main.o(i.main) refers to pid.o(i.PID_param_init) for PID_param_init
    main.o(i.main) refers to main.o(i.SystemClock_Config) for SystemClock_Config
    main.o(i.main) refers to gpio.o(i.MX_GPIO_Init) for MX_GPIO_Init
    main.o(i.main) refers to adc.o(i.MX_ADC1_Init) for MX_ADC1_Init
    main.o(i.main) refers to tim.o(i.MX_TIM1_Init) for MX_TIM1_Init
    main.o(i.main) refers to tim.o(i.MX_TIM2_Init) for MX_TIM2_Init
    main.o(i.main) refers to tim.o(i.MX_TIM3_Init) for MX_TIM3_Init
    main.o(i.main) refers to tim.o(i.MX_TIM4_Init) for MX_TIM4_Init
    main.o(i.main) refers to tim.o(i.MX_TIM5_Init) for MX_TIM5_Init
    main.o(i.main) refers to tim.o(i.MX_TIM6_Init) for MX_TIM6_Init
    main.o(i.main) refers to tim.o(i.MX_TIM8_Init) for MX_TIM8_Init
    main.o(i.main) refers to usart.o(i.MX_USART1_UART_Init) for MX_USART1_UART_Init
    main.o(i.main) refers to stm32f1xx_hal_tim.o(i.HAL_TIM_Encoder_Start) for HAL_TIM_Encoder_Start
    main.o(i.main) refers to stm32f1xx_hal_tim.o(i.HAL_TIM_PWM_Start) for HAL_TIM_PWM_Start
    main.o(i.main) refers to stm32f1xx_hal_tim.o(i.HAL_TIM_Base_Start_IT) for HAL_TIM_Base_Start_IT
    main.o(i.main) refers to tim.o(.bss) for htim2
    adc.o(i.HAL_ADC_MspDeInit) refers to stm32f1xx_hal_gpio.o(i.HAL_GPIO_DeInit) for HAL_GPIO_DeInit
    adc.o(i.HAL_ADC_MspInit) refers to stm32f1xx_hal_gpio.o(i.HAL_GPIO_Init) for HAL_GPIO_Init
    adc.o(i.MX_ADC1_Init) refers to stm32f1xx_hal_adc.o(i.HAL_ADC_Init) for HAL_ADC_Init
    adc.o(i.MX_ADC1_Init) refers to main.o(i.Error_Handler) for Error_Handler
    adc.o(i.MX_ADC1_Init) refers to stm32f1xx_hal_adc.o(i.HAL_ADC_ConfigChannel) for HAL_ADC_ConfigChannel
[...]
    .text                                    0x08000542   Section        0  flsbuf.o(.text)
    .text                                    0x08000718   Section        0  setvbuf.o(.text)
    .text                                    0x08000760   Section        0  fopen.o(.text)
    _freopen_locked                          0x08000761   Thumb Code     0  fopen.o(.text)
    .text                                    0x0800084c   Section        0  fclose.o(.text)
    .text                                    0x08000898   Section        0  exit.o(.text)
    .text                                    0x080008a4   Section        0  defsig_rtred_outer.o(.text)
    .text                                    0x080008b4   Section        8  libspace.o(.text)
    .text                                    0x080008bc   Section        2  use_no_semi.o(.text)
    .text                                    0x080008be   Section        0  indicate_semi.o(.text)
    .text                                    0x080008c0   Section        8  rt_heap_descriptor_intlibspace.o(.text)
    .text                                    0x080008c8   Section        0  hguard.o(.text)
    .text                                    0x080008cc   Section        0  init_alloc.o(.text)
    .text                                    0x08000956   Section        0  h1_alloc.o(.text)
    .text                                    0x080009b4   Section        0  fseek.o(.text)
    .text                                    0x08000aac   Section        0  stdio.o(.text)
    .text                                    0x08000b9c   Section        0  defsig_exit.o(.text)
    .text                                    0x08000ba8   Section        0  defsig_rtred_inner.o(.text)
    .text                                    0x08000bdc   Section        0  strlen.o(.text)
    .text                                    0x08000c1c   Section        0  sys_exit.o(.text)
    .text                                    0x08000c28   Section        0  h1_init.o(.text)
    .text                                    0x08000c36   Section        0  h1_extend.o(.text)
    .text                                    0x08000c6a   Section        0  ftell.o(.text)
    .text                                    0x08000cac   Section        0  defsig_general.o(.text)
    .text                                    0x08000cde   Section        0  defsig_rtmem_outer.o(.text)
    .text                                    0x08000cec   Section        0  sys_wrch.o(.text)
    .text                                    0x08000cfc   Section        8  rt_errno_addr_intlibspace.o(.text)
    .text                                    0x08000d04   Section        0  defsig_rtmem_inner.o(.text)
    i.ADC_ConversionStop_Disable             0x08000d54   Section        0  stm32f1xx_hal_adc.o(i.ADC_ConversionStop_Disable)
    i.AutoReloadCallback                     0x08000dac   Section        0  pid.o(i.AutoReloadCallback)
    i.BusFault_Handler                       0x08000de8   Section        0  stm32f1xx_it.o(i.BusFault_Handler)
    i.DebugMon_Handler                       0x08000dea   Section        0  stm32f1xx_it.o(i.DebugMon_Handler)
    i.Error_Handler                          0x08000dec   Section        0  main.o(i.Error_Handler)
    i.Forward                                0x08000df0   Section        0  motor.o(i.Forward)
    i.HAL_ADC_ConfigChannel                  0x08000e38   Section        0  stm32f1xx_hal_adc.o(i.HAL_ADC_ConfigChannel)
    i.HAL_ADC_Init                           0x08000f34   Section        0  stm32f1xx_hal_adc.o(i.HAL_ADC_Init)
    i.HAL_ADC_MspInit                        0x08001058   Section        0  adc.o(i.HAL_ADC_MspInit)
    i.HAL_DMA_Abort                          0x080010b0   Section        0  stm32f1xx_hal_dma.o(i.HAL_DMA_Abort)
    i.HAL_DMA_Abort_IT                       0x080010f8   Section        0  stm32f1xx_hal_dma.o(i.HAL_DMA_Abort_IT)
    i.HAL_GPIO_Init                          0x08001228   Section        0  stm32f1xx_hal_gpio.o(i.HAL_GPIO_Init)
    i.HAL_GetTick                            0x08001420   Section        0  stm32f1xx_hal.o(i.HAL_GetTick)
    i.HAL_IncTick                            0x0800142c   Section        0  stm32f1xx_hal.o(i.HAL_IncTick)
    i.HAL_Init                               0x0800143c   Section        0  stm32f1xx_hal.o(i.HAL_Init)
    i.HAL_InitTick                           0x08001460   Section        0  stm32f1xx_hal.o(i.HAL_InitTick)
    i.HAL_MspInit                            0x080014a0   Section        0  stm32f1xx_hal_msp.o(i.HAL_MspInit)
    i.HAL_NVIC_EnableIRQ                     0x080014dc   Section        0  stm32f1xx_hal_cortex.o(i.HAL_NVIC_EnableIRQ)
    i.HAL_NVIC_SetPriority                   0x080014f8   Section        0  stm32f1xx_hal_cortex.o(i.HAL_NVIC_SetPriority)
    i.HAL_NVIC_SetPriorityGrouping           0x08001538   Section        0  stm32f1xx_hal_cortex.o(i.HAL_NVIC_SetPriorityGrouping)
    i.HAL_RCCEx_PeriphCLKConfig              0x0800155c   Section        0  stm32f1xx_hal_rcc_ex.o(i.HAL_RCCEx_PeriphCLKConfig)
    i.HAL_RCC_ClockConfig                    0x08001648   Section        0  stm32f1xx_hal_rcc.o(i.HAL_RCC_ClockConfig)
    i.HAL_RCC_GetPCLK1Freq                   0x08001774   Section        0  stm32f1xx_hal_rcc.o(i.HAL_RCC_GetPCLK1Freq)
    i.HAL_RCC_GetPCLK2Freq                   0x08001794   Section        0  stm32f1xx_hal_rcc.o(i.HAL_RCC_GetPCLK2Freq)
    i.HAL_RCC_GetSysClockFreq                0x080017b4   Section        0  stm32f1xx_hal_rcc.o(i.HAL_RCC_GetSysClockFreq)
    i.HAL_RCC_OscConfig                      0x08001800   Section        0  stm32f1xx_hal_rcc.o(i.HAL_RCC_OscConfig)
    i.HAL_SYSTICK_Config                     0x08001b20   Section        0  stm32f1xx_hal_cortex.o(i.HAL_SYSTICK_Config)
    i.HAL_TIMEx_BreakCallback                0x08001b48   Section        0  stm32f1xx_hal_tim_ex.o(i.HAL_TIMEx_BreakCallback)
    i.HAL_TIMEx_CommutCallback               0x08001b4a   Section        0  stm32f1xx_hal_tim_ex.o(i.HAL_TIMEx_CommutCallback)
    i.HAL_TIMEx_ConfigBreakDeadTime          0x08001b4c   Section        0  stm32f1xx_hal_tim_ex.o(i.HAL_TIMEx_ConfigBreakDeadTime)
    i.HAL_TIMEx_MasterConfigSynchronization  0x08001ba0   Section        0  stm32f1xx_hal_tim_ex.o(i.HAL_TIMEx_MasterConfigSynchronization)
    i.HAL_TIM_Base_Init                      0x08001c1c   Section        0  stm32f1xx_hal_tim.o(i.HAL_TIM_Base_Init)
    i.HAL_TIM_Base_MspInit                   0x08001c78   Section        0  tim.o(i.HAL_TIM_Base_MspInit)
    i.HAL_TIM_Base_Start_IT                  0x08001ce8   Section        0  stm32f1xx_hal_tim.o(i.HAL_TIM_Base_Start_IT)
    i.HAL_TIM_ConfigClockSource              0x08001d54   Section        0  stm32f1xx_hal_tim.o(i.HAL_TIM_ConfigClockSource)
    i.HAL_TIM_Encoder_Init                   0x08001e30   Section        0  stm32f1xx_hal_tim.o(i.HAL_TIM_Encoder_Init)
    i.HAL_TIM_Encoder_MspInit                0x08001ed4   Section        0  tim.o(i.HAL_TIM_Encoder_MspInit)
    i.HAL_TIM_Encoder_Start                  0x0800204c   Section        0  stm32f1xx_hal_tim.o(i.HAL_TIM_Encoder_Start)
    i.HAL_TIM_IC_CaptureCallback             0x080020da   Section        0  stm32f1xx_hal_tim.o(i.HAL_TIM_IC_CaptureCallback)
    i.HAL_TIM_IRQHandler                     0x080020dc   Section        0  stm32f1xx_hal_tim.o(i.HAL_TIM_IRQHandler)
    i.HAL_TIM_MspPostInit                    0x08002244   Section        0  tim.o(i.HAL_TIM_MspPostInit)
    i.HAL_TIM_OC_DelayElapsedCallback        0x080022d8   Section        0  stm32f1xx_hal_tim.o(i.HAL_TIM_OC_DelayElapsedCallback)
    i.HAL_TIM_PWM_ConfigChannel              0x080022da   Section        0  stm32f1xx_hal_tim.o(i.HAL_TIM_PWM_ConfigChannel)
    i.HAL_TIM_PWM_Init                       0x080023a6   Section        0  stm32f1xx_hal_tim.o(i.HAL_TIM_PWM_Init)
    i.HAL_TIM_PWM_MspInit                    0x08002400   Section        0  stm32f1xx_hal_tim.o(i.HAL_TIM_PWM_MspInit)
    i.HAL_TIM_PWM_PulseFinishedCallback      0x08002402   Section        0  stm32f1xx_hal_tim.o(i.HAL_TIM_PWM_PulseFinishedCallback)
    i.HAL_TIM_PWM_Start                      0x08002404   Section        0  stm32f1xx_hal_tim.o(i.HAL_TIM_PWM_Start)
    i.HAL_TIM_PeriodElapsedCallback          0x080024b8   Section        0  main.o(i.HAL_TIM_PeriodElapsedCallback)
    i.HAL_TIM_TriggerCallback                0x080024f0   Section        0  stm32f1xx_hal_tim.o(i.HAL_TIM_TriggerCallback)
    i.HAL_UARTEx_RxEventCallback             0x080024f2   Section        0  stm32f1xx_hal_uart.o(i.HAL_UARTEx_RxEventCallback)
    i.HAL_UART_ErrorCallback                 0x080024f4   Section        0  stm32f1xx_hal_uart.o(i.HAL_UART_ErrorCallback)
    i.HAL_UART_IRQHandler                    0x080024f8   Section        0  stm32f1xx_hal_uart.o(i.HAL_UART_IRQHandler)
    i.HAL_UART_Init                          0x08002764   Section        0  stm32f1xx_hal_uart.o(i.HAL_UART_Init)
    i.HAL_UART_MspInit                       0x080027c8   Section        0  usart.o(i.HAL_UART_MspInit)
    i.HAL_UART_RxCpltCallback                0x08002848   Section        0  stm32f1xx_hal_uart.o(i.HAL_UART_RxCpltCallback)
    i.HAL_UART_TxCpltCallback                0x0800284a   Section        0  stm32f1xx_hal_uart.o(i.HAL_UART_TxCpltCallback)
    i.HardFault_Handler                      0x0800284c   Section        0  stm32f1xx_it.o(i.HardFault_Handler)
    i.MX_ADC1_Init                           0x08002850   Section        0  adc.o(i.MX_ADC1_Init)
    i.MX_GPIO_Init                           0x080028a0   Section        0  gpio.o(i.MX_GPIO_Init)
    i.MX_TIM1_Init                           0x080028fc   Section        0  tim.o(i.MX_TIM1_Init)
    i.MX_TIM2_Init                           0x080029f8   Section        0  tim.o(i.MX_TIM2_Init)
    i.MX_TIM3_Init                           0x08002a60   Section        0  tim.o(i.MX_TIM3_Init)
    i.MX_TIM4_Init                           0x08002acc   Section        0  tim.o(i.MX_TIM4_Init)
    i.MX_TIM5_Init                           0x08002b38   Section        0  tim.o(i.MX_TIM5_Init)
    i.MX_TIM6_Init                           0x08002ba4   Section        0  tim.o(i.MX_TIM6_Init)
    i.MX_TIM8_Init                           0x08002bec   Section        0  tim.o(i.MX_TIM8_Init)
    i.MX_USART1_UART_Init                    0x08002cf4   Section        0  usart.o(i.MX_USART1_UART_Init)
    i.MemManage_Handler                      0x08002d2c   Section        0  stm32f1xx_it.o(i.MemManage_Handler)
    i.Motor_Backward                         0x08002d30   Section        0  motor.o(i.Motor_Backward)
    i.Motor_Forward                          0x08002d70   Section        0  motor.o(i.Motor_Forward)
    i.NMI_Handler                            0x08002db0   Section        0  stm32f1xx_it.o(i.NMI_Handler)
    i.PID_param_init                         0x08002db4   Section        0  pid.o(i.PID_param_init)
    i.PID_realize                            0x08002dfc   Section        0  pid.o(i.PID_realize)
    i.PendSV_Handler                         0x08002e54   Section        0  stm32f1xx_it.o(i.PendSV_Handler)
    i.SVC_Handler                            0x08002e56   Section        0  stm32f1xx_it.o(i.SVC_Handler)
    i.SysTick_Handler                        0x08002e58   Section        0  stm32f1xx_it.o(i.SysTick_Handler)
    i.SystemClock_Config                     0x08002e5c   Section        0  main.o(i.SystemClock_Config)
    i.SystemInit                             0x08002ed6   Section        0  system_stm32f1xx.o(i.SystemInit)
    i.TIM2_IRQHandler                        0x08002ed8   Section        0  stm32f1xx_it.o(i.TIM2_IRQHandler)
    i.TIM3_IRQHandler                        0x08002ee4   Section        0  stm32f1xx_it.o(i.TIM3_IRQHandler)
    i.TIM4_IRQHandler                        0x08002ef0   Section        0  stm32f1xx_it.o(i.TIM4_IRQHandler)
    i.TIM5_IRQHandler                        0x08002efc   Section        0  stm32f1xx_it.o(i.TIM5_IRQHandler)
    i.TIM6_IRQHandler                        0x08002f08   Section        0  stm32f1xx_it.o(i.TIM6_IRQHandler)
    i.TIM_Base_SetConfig                     0x08002f14   Section        0  stm32f1xx_hal_tim.o(i.TIM_Base_SetConfig)
    i.TIM_CCxChannelCmd                      0x08002fa0   Section        0  stm32f1xx_hal_tim.o(i.TIM_CCxChannelCmd)
    i.TIM_ETR_SetConfig                      0x08002fba   Section        0  stm32f1xx_hal_tim.o(i.TIM_ETR_SetConfig)
    i.TIM_ITRx_SetConfig                     0x08002fce   Section        0  stm32f1xx_hal_tim.o(i.TIM_ITRx_SetConfig)
    TIM_ITRx_SetConfig                       0x08002fcf   Thumb Code    16  stm32f1xx_hal_tim.o(i.TIM_ITRx_SetConfig)
    i.TIM_OC1_SetConfig                      0x08002fe0   Section        0  stm32f1xx_hal_tim.o(i.TIM_OC1_SetConfig)
    TIM_OC1_SetConfig                        0x08002fe1   Thumb Code    88  stm32f1xx_hal_tim.o(i.TIM_OC1_SetConfig)
    i.TIM_OC2_SetConfig                      0x08003040   Section        0  stm32f1xx_hal_tim.o(i.TIM_OC2_SetConfig)
    i.TIM_OC3_SetConfig                      0x080030ac   Section        0  stm32f1xx_hal_tim.o(i.TIM_OC3_SetConfig)
    TIM_OC3_SetConfig                        0x080030ad   Thumb Code    96  stm32f1xx_hal_tim.o(i.TIM_OC3_SetConfig)
    i.TIM_OC4_SetConfig                      0x08003114   Section        0  stm32f1xx_hal_tim.o(i.TIM_OC4_SetConfig)
    TIM_OC4_SetConfig                        0x08003115   Thumb Code    70  stm32f1xx_hal_tim.o(i.TIM_OC4_SetConfig)
    i.TIM_TI1_ConfigInputStage               0x08003164   Section        0  stm32f1xx_hal_tim.o(i.TIM_TI1_ConfigInputStage)
    TIM_TI1_ConfigInputStage                 0x08003165   Thumb Code    34  stm32f1xx_hal_tim.o(i.TIM_TI1_ConfigInputStage)
    i.TIM_TI2_ConfigInputStage               0x08003186   Section        0  stm32f1xx_hal_tim.o(i.TIM_TI2_ConfigInputStage)
    TIM_TI2_ConfigInputStage                 0x08003187   Thumb Code    36  stm32f1xx_hal_tim.o(i.TIM_TI2_ConfigInputStage)
    i.UART_DMAAbortOnError                   0x080031aa   Section        0  stm32f1xx_hal_uart.o(i.UART_DMAAbortOnError)
    UART_DMAAbortOnError                     0x080031ab   Thumb Code    16  stm32f1xx_hal_uart.o(i.UART_DMAAbortOnError)
    i.UART_EndRxTransfer                     0x080031ba   Section        0  stm32f1xx_hal_uart.o(i.UART_EndRxTransfer)
    UART_EndRxTransfer                       0x080031bb   Thumb Code    78  stm32f1xx_hal_uart.o(i.UART_EndRxTransfer)
    i.UART_Receive_IT                        0x08003208   Section        0  stm32f1xx_hal_uart.o(i.UART_Receive_IT)
    UART_Receive_IT                          0x08003209   Thumb Code   194  stm32f1xx_hal_uart.o(i.UART_Receive_IT)
    i.UART_SetConfig                         0x080032cc   Section        0  stm32f1xx_hal_uart.o(i.UART_SetConfig)
    UART_SetConfig                           0x080032cd   Thumb Code   178  stm32f1xx_hal_uart.o(i.UART_SetConfig)
    i.USART1_IRQHandler                      0x08003384   Section        0  stm32f1xx_it.o(i.USART1_IRQHandler)
    i.UsageFault_Handler                     0x08003390   Section        0  stm32f1xx_it.o(i.UsageFault_Handler)
    i.__NVIC_SetPriority                     0x08003392   Section        0  stm32f1xx_hal_cortex.o(i.__NVIC_SetPriority)
    __NVIC_SetPriority                       0x08003393   Thumb Code    32  stm32f1xx_hal_cortex.o(i.__NVIC_SetPriority)
    i.distance                               0x080033b4   Section        0  motor.o(i.distance)
    i.fputc                                  0x080033e8   Section        0  fputc.o(i.fputc)
    i.main                                   0x08003404   Section        0  main.o(i.main)
    i.pwm_val_protect                        0x080034bc   Section        0  motor.o(i.pwm_val_protect)
    i.read_encoder                           0x080034e0   Section        0  encoder.o(i.read_encoder)
    i.set_motor_rotate                       0x080034ec   Section        0  motor.o(i.set_motor_rotate)
    i.set_pid_target                         0x08003500   Section        0  pid.o(i.set_pid_target)
    x$fpl$d2f                                0x0800350c   Section       98  d2f.o(x$fpl$d2f)
    x$fpl$dcmpinf                            0x0800356e   Section       24  dcmpi.o(x$fpl$dcmpinf)
    x$fpl$dfix                               0x08003588   Section       94  dfix.o(x$fpl$dfix)
    x$fpl$dfixu                              0x080035e8   Section       90  dfixu.o(x$fpl$dfixu)
    x$fpl$dflt                               0x08003642   Section       46  dflt_clz.o(x$fpl$dflt)
    x$fpl$dleqf                              0x08003670   Section      120  dleqf.o(x$fpl$dleqf)
    x$fpl$dmul                               0x080036e8   Section      340  dmul.o(x$fpl$dmul)
    x$fpl$dnaninf                            0x0800383c   Section      156  dnaninf.o(x$fpl$dnaninf)
    x$fpl$dretinf                            0x080038d8   Section       12  dretinf.o(x$fpl$dretinf)
    x$fpl$drleqf                             0x080038e4   Section      108  drleqf.o(x$fpl$drleqf)
    x$fpl$f2d                                0x08003950   Section       86  f2d.o(x$fpl$f2d)
    x$fpl$fadd                               0x080039a8   Section      196  faddsub_clz.o(x$fpl$fadd)
    _fadd1                                   0x080039b7   Thumb Code     0  faddsub_clz.o(x$fpl$fadd)
    x$fpl$fdiv                               0x08003a6c   Section      388  fdiv.o(x$fpl$fdiv)
    _fdiv1                                   0x08003a6d   Thumb Code     0  fdiv.o(x$fpl$fdiv)
    x$fpl$ffix                               0x08003bf0   Section       54  ffix.o(x$fpl$ffix)
    x$fpl$fflt                               0x08003c28   Section       48  fflt_clz.o(x$fpl$fflt)
    x$fpl$fmul                               0x08003c58   Section      258  fmul.o(x$fpl$fmul)
    x$fpl$fnaninf                            0x08003d5a   Section      140  fnaninf.o(x$fpl$fnaninf)
    x$fpl$fretinf                            0x08003de6   Section       10  fretinf.o(x$fpl$fretinf)
    x$fpl$frsb                               0x08003df0   Section       20  faddsub_clz.o(x$fpl$frsb)
    x$fpl$fsub                               0x08003e04   Section      234  faddsub_clz.o(x$fpl$fsub)
    _fsub1                                   0x08003e13   Thumb Code     0  faddsub_clz.o(x$fpl$fsub)
    .constdata                               0x08003eee   Section       18  stm32f1xx_hal_rcc.o(.constdata)
    x$fpl$usenofp                            0x08003eee   Section        0  usenofp.o(x$fpl$usenofp)
    aPredivFactorTable                       0x08003eee   Data           2  stm32f1xx_hal_rcc.o(.constdata)
    aPLLMULFactorTable                       0x08003ef0   Data          16  stm32f1xx_hal_rcc.o(.constdata)
    .constdata                               0x08003f00   Section       16  system_stm32f1xx.o(.constdata)
    .constdata                               0x08003f10   Section        8  system_stm32f1xx.o(.constdata)
    .constdata                               0x08003f18   Section        4  sys_io.o(.constdata)
    .constdata                               0x08003f1c   Section        4  sys_io.o(.constdata)
    .constdata                               0x08003f20   Section        4  sys_io.o(.constdata)
    .data                                    0x20000000   Section       12  pid.o(.data)
    encoderNow                               0x20000004   Data           4  pid.o(.data)
    encoderLast                              0x20000008   Data           4  pid.o(.data)
    .data                                    0x2000000c   Section       12  stm32f1xx_hal.o(.data)
    .data                                    0x20000018   Section        4  system_stm32f1xx.o(.data)
    .data                                    0x2000001c   Section        4  stdio_streams.o(.data)
    .data                                    0x20000020   Section        4  stdio_streams.o(.data)
    .data                                    0x20000024   Section        4  stdio_streams.o(.data)
    .bss                                     0x20000028   Section       48  adc.o(.bss)
    .bss                                     0x20000058   Section      504  tim.o(.bss)
    .bss                                     0x20000250   Section       72  usart.o(.bss)
    .bss                                     0x20000298   Section       32  pid.o(.bss)
    .bss                                     0x200002b8   Section       16  motor.o(.bss)
    .bss                                     0x200002c8   Section       84  stdio_streams.o(.bss)
    .bss                                     0x2000031c   Section       84  stdio_streams.o(.bss)
    .bss                                     0x20000370   Section       84  stdio_streams.o(.bss)
    .bss                                     0x200003c4   Section       96  libspace.o(.bss)
    HEAP                                     0x20000428   Section      512  startup_stm32f103xe.o(HEAP)
    Heap_Mem                                 0x20000428   Data         512  startup_stm32f103xe.o(HEAP)
    STACK                                    0x20000628   Section     1024  startup_stm32f103xe.o(STACK)
    Stack_Mem                                0x20000628   Data        1024  startup_stm32f103xe.o(STACK)
    __initial_sp                             0x20000a28   Data           0  startup_stm32f103xe.o(STACK)

    Global Symbols

    Symbol Name                              Value     Ov Type        Size  Object(Section)

    BuildAttributes$$THM_ISAv4$P$D$K$B$S$PE$A:L22UL41UL21$X:L11$S22US41US21$IEEE1$IW$USESV6$~STKCKD$USESV7$~SHL$OTIME$ROPI$EBA8$UX$STANDARDLIB$REQ8$PRES8$EABIv2 0x00000000   Number         0  anon$$obj.o ABSOLUTE
    __ARM_use_no_argv                        0x00000000   Number         0  main.o ABSOLUTE
    __ARM_exceptions_init                     - Undefined Weak Reference
    __alloca_initialize                       - Undefined Weak Reference
    __arm_preinit_                            - Undefined Weak Reference
    __cpp_initialize__aeabi_                  - Undefined Weak Reference
    __cxa_finalize                            - Undefined Weak Reference
    __rt_locale                               - Undefined Weak Reference
    __sigvec_lookup                           - Undefined Weak Reference
    __user_heap_extent                        - Undefined Weak Reference
    _atexit_init                              - Undefined Weak Reference
    _call_atexit_fns                          - Undefined Weak Reference
    _clock_init                               - Undefined Weak Reference
    _fp_trap_init                             - Undefined Weak Reference
    _fp_trap_shutdown                         - Undefined Weak Reference
    _get_lc_collate                           - Undefined Weak Reference
    _get_lc_ctype                             - Undefined Weak Reference
    _get_lc_monetary                          - Undefined Weak Reference
    _get_lc_numeric                           - Undefined Weak Reference
    _get_lc_time                              - Undefined Weak Reference
    _getenv_init                              - Undefined Weak Reference
    _handle_redirection                       - Undefined Weak Reference
    _mutex_acquire                            - Undefined Weak Reference
    _mutex_free                               - Undefined Weak Reference
    _mutex_release                            - Undefined Weak Reference
    _rand_init                                - Undefined Weak Reference
    _signal_finish                            - Undefined Weak Reference
    _signal_init                              - Undefined Weak Reference
    __Vectors_Size                           0x00000130   Number         0  startup_stm32f103xe.o ABSOLUTE
    __Vectors                                0x08000000   Data           4  startup_stm32f103xe.o(RESET)
    __Vectors_End                            0x08000130   Data           0  startup_stm32f103xe.o(RESET)
    __main                                   0x08000131   Thumb Code     8  __main.o(!!!main)
    __scatterload                            0x08000139   Thumb Code     0  __scatter.o(!!!scatter)
    __scatterload_rt2                        0x08000139   Thumb Code    44  __scatter.o(!!!scatter)
    __scatterload_rt2_thumb_only             0x08000139   Thumb Code     0  __scatter.o(!!!scatter)
    __scatterload_null                       0x08000147   Thumb Code     0  __scatter.o(!!!scatter)
    __scatterload_copy                       0x0800016d   Thumb Code    26  __scatter_copy.o(!!handler_copy)
    __scatterload_zeroinit                   0x08000189   Thumb Code    28  __scatter_zi.o(!!handler_zi)
    __rt_lib_init                            0x080001a5   Thumb Code     0  libinit.o(.ARM.Collect$$libinit$$00000000)
    __rt_lib_init_fp_1                       0x080001a7   Thumb Code     0  libinit2.o(.ARM.Collect$$libinit$$00000002)
    __rt_lib_init_heap_2                     0x080001a7   Thumb Code     0  libinit2.o(.ARM.Collect$$libinit$$00000005)
    __rt_lib_init_preinit_1                  0x080001a7   Thumb Code     0  libinit2.o(.ARM.Collect$$libinit$$00000004)
    __rt_lib_init_atexit_1                   0x080001af   Thumb Code     0  libinit2.o(.ARM.Collect$$libinit$$0000001B)
    __rt_lib_init_clock_1                    0x080001af   Thumb Code     0  libinit2.o(.ARM.Collect$$libinit$$00000021)
    __rt_lib_init_fp_trap_1                  0x080001af   Thumb Code     0  libinit2.o(.ARM.Collect$$libinit$$0000001F)
    __rt_lib_init_getenv_1                   0x080001af   Thumb Code     0  libinit2.o(.ARM.Collect$$libinit$$00000023)
    __rt_lib_init_heap_1                     0x080001af   Thumb Code     0  libinit2.o(.ARM.Collect$$libinit$$0000000A)
    __rt_lib_init_lc_collate_1               0x080001af   Thumb Code     0  libinit2.o(.ARM.Collect$$libinit$$00000011)
    __rt_lib_init_lc_ctype_1                 0x080001af   Thumb Code     0  libinit2.o(.ARM.Collect$$libinit$$00000013)
    __rt_lib_init_lc_monetary_1              0x080001af   Thumb Code     0  libinit2.o(.ARM.Collect$$libinit$$00000015)
    __rt_lib_init_lc_numeric_1               0x080001af   Thumb Code     0  libinit2.o(.ARM.Collect$$libinit$$00000017)
    __rt_lib_init_lc_time_1                  0x080001af   Thumb Code     0  libinit2.o(.ARM.Collect$$libinit$$00000019)
    __rt_lib_init_rand_1                     0x080001af   Thumb Code     0  libinit2.o(.ARM.Collect$$libinit$$0000000E)
    __rt_lib_init_signal_1                   0x080001af   Thumb Code     0  libinit2.o(.ARM.Collect$$libinit$$0000001D)
    __rt_lib_init_stdio_2                    0x080001af   Thumb Code     0  libinit2.o(.ARM.Collect$$libinit$$00000024)
    __rt_lib_init_user_alloc_1               0x080001af   Thumb Code     0  libinit2.o(.ARM.Collect$$libinit$$0000000C)
    __rt_lib_init_alloca_1                   0x080001b3   Thumb Code     0  libinit2.o(.ARM.Collect$$libinit$$0000002E)
    __rt_lib_init_argv_1                     0x080001b3   Thumb Code     0  libinit2.o(.ARM.Collect$$libinit$$0000002C)
    __rt_lib_init_cpp_1                      0x080001b3   Thumb Code     0  libinit2.o(.ARM.Collect$$libinit$$00000032)
    __rt_lib_init_exceptions_1               0x080001b3   Thumb Code     0  libinit2.o(.ARM.Collect$$libinit$$00000030)
    __rt_lib_init_return                     0x080001b3   Thumb Code     0  libinit2.o(.ARM.Collect$$libinit$$00000033)
    __rt_lib_init_stdio_1                    0x080001b3   Thumb Code     0  libinit2.o(.ARM.Collect$$libinit$$00000025)
    __rt_lib_shutdown                        0x080001b5   Thumb Code     0  libshutdown.o(.ARM.Collect$$libshutdown$$00000000)
    __rt_lib_shutdown_stdio_2                0x080001b7   Thumb Code     0  libshutdown2.o(.ARM.Collect$$libshutdown$$00000002)
    __rt_lib_shutdown_fp_trap_1              0x080001bb   Thumb Code     0  libshutdown2.o(.ARM.Collect$$libshutdown$$00000006)
    __rt_lib_shutdown_heap_1                 0x080001bb   Thumb Code     0  libshutdown2.o(.ARM.Collect$$libshutdown$$0000000E)
    __rt_lib_shutdown_return                 0x080001bb   Thumb Code     0  libshutdown2.o(.ARM.Collect$$libshutdown$$0000000F)
    __rt_lib_shutdown_signal_1               0x080001bb   Thumb Code     0  libshutdown2.o(.ARM.Collect$$libshutdown$$00000009)
    __rt_lib_shutdown_stdio_1                0x080001bb   Thumb Code     0  libshutdown2.o(.ARM.Collect$$libshutdown$$00000003)
    __rt_lib_shutdown_user_alloc_1           0x080001bb   Thumb Code     0  libshutdown2.o(.ARM.Collect$$libshutdown$$0000000B)
    __rt_entry                               0x080001bd   Thumb Code     0  __rtentry.o(.ARM.Collect$$rtentry$$00000000)
    __rt_entry_presh_1                       0x080001bd   Thumb Code     0  __rtentry2.o(.ARM.Collect$$rtentry$$00000002)
    __rt_entry_sh                            0x080001bd   Thumb Code     0  __rtentry4.o(.ARM.Collect$$rtentry$$00000004)
    __rt_entry_li                            0x080001c3   Thumb Code     0  __rtentry2.o(.ARM.Collect$$rtentry$$0000000A)
    __rt_entry_postsh_1                      0x080001c3   Thumb Code     0  __rtentry2.o(.ARM.Collect$$rtentry$$00000009)
    __rt_entry_main                          0x080001c7   Thumb Code     0  __rtentry2.o(.ARM.Collect$$rtentry$$0000000D)
    __rt_entry_postli_1                      0x080001c7   Thumb Code     0  __rtentry2.o(.ARM.Collect$$rtentry$$0000000C)
    __rt_exit                                0x080001cf   Thumb Code     0  rtexit.o(.ARM.Collect$$rtexit$$00000000)
    __rt_exit_ls                             0x080001d1   Thumb Code     0  rtexit2.o(.ARM.Collect$$rtexit$$00000003)
    __rt_exit_prels_1                        0x080001d1   Thumb Code     0  rtexit2.o(.ARM.Collect$$rtexit$$00000002)
    __rt_exit_exit                           0x080001d5   Thumb Code     0  rtexit2.o(.ARM.Collect$$rtexit$$00000004)
    Reset_Handler                            0x080001dd   Thumb Code     8  startup_stm32f103xe.o(.text)
    _maybe_terminate_alloc                   0x080001dd   Thumb Code     0  maybetermalloc1.o(.emb_text)
    ADC1_2_IRQHandler                        0x080001f7   Thumb Code     0  startup_stm32f103xe.o(.text)
    ADC3_IRQHandler                          0x080001f7   Thumb Code     0  startup_stm32f103xe.o(.text)
    CAN1_RX1_IRQHandler                      0x080001f7   Thumb Code     0  startup_stm32f103xe.o(.text)
    CAN1_SCE_IRQHandler                      0x080001f7   Thumb Code     0  startup_stm32f103xe.o(.text)
    DMA1_Channel1_IRQHandler                 0x080001f7   Thumb Code     0  startup_stm32f103xe.o(.text)
    DMA1_Channel2_IRQHandler                 0x080001f7   Thumb Code     0  startup_stm32f103xe.o(.text)
    DMA1_Channel3_IRQHandler                 0x080001f7   Thumb Code     0  startup_stm32f103xe.o(.text)
    DMA1_Channel4_IRQHandler                 0x080001f7   Thumb Code     0  startup_stm32f103xe.o(.text)
    DMA1_Channel5_IRQHandler                 0x080001f7   Thumb Code     0  startup_stm32f103xe.o(.text)
    DMA1_Channel6_IRQHandler                 0x080001f7   Thumb Code     0  startup_stm32f103xe.o(.text)
    DMA1_Channel7_IRQHandler                 0x080001f7   Thumb Code     0  startup_stm32f103xe.o(.text)
    DMA2_Channel1_IRQHandler                 0x080001f7   Thumb Code     0  startup_stm32f103xe.o(.text)
    DMA2_Channel2_IRQHandler                 0x080001f7   Thumb Code     0  startup_stm32f103xe.o(.text)
    DMA2_Channel3_IRQHandler                 0x080001f7   Thumb Code     0  startup_stm32f103xe.o(.text)
    DMA2_Channel4_5_IRQHandler               0x080001f7   Thumb Code     0  startup_stm32f103xe.o(.text)
    EXTI0_IRQHandler                         0x080001f7   Thumb Code     0  startup_stm32f103xe.o(.text)
    EXTI15_10_IRQHandler                     0x080001f7   Thumb Code     0  startup_stm32f103xe.o(.text)
    EXTI1_IRQHandler                         0x080001f7   Thumb Code     0  startup_stm32f103xe.o(.text)
    EXTI2_IRQHandler                         0x080001f7   Thumb Code     0  startup_stm32f103xe.o(.text)
    EXTI3_IRQHandler                         0x080001f7   Thumb Code     0  startup_stm32f103xe.o(.text)
    EXTI4_IRQHandler                         0x080001f7   Thumb Code     0  startup_stm32f103xe.o(.text)
    EXTI9_5_IRQHandler                       0x080001f7   Thumb Code     0  startup_stm32f103xe.o(.text)
    FLASH_IRQHandler                         0x080001f7   Thumb Code     0  startup_stm32f103xe.o(.text)
    FSMC_IRQHandler                          0x080001f7   Thumb Code     0  startup_stm32f103xe.o(.text)
    I2C1_ER_IRQHandler                       0x080001f7   Thumb Code     0  startup_stm32f103xe.o(.text)
    I2C1_EV_IRQHandler                       0x080001f7   Thumb Code     0  startup_stm32f103xe.o(.text)
    I2C2_ER_IRQHandler                       0x080001f7   Thumb Code     0  startup_stm32f103xe.o(.text)
    I2C2_EV_IRQHandler                       0x080001f7   Thumb Code     0  startup_stm32f103xe.o(.text)
    PVD_IRQHandler                           0x080001f7   Thumb Code     0  startup_stm32f103xe.o(.text)
    RCC_IRQHandler                           0x080001f7   Thumb Code     0  startup_stm32f103xe.o(.text)
    RTC_Alarm_IRQHandler                     0x080001f7   Thumb Code     0  startup_stm32f103xe.o(.text)
    RTC_IRQHandler                           0x080001f7   Thumb Code     0  startup_stm32f103xe.o(.text)
    SDIO_IRQHandler                          0x080001f7   Thumb Code     0  startup_stm32f103xe.o(.text)
    SPI1_IRQHandler                          0x080001f7   Thumb Code     0  startup_stm32f103xe.o(.text)
    SPI2_IRQHandler                          0x080001f7   Thumb Code     0  startup_stm32f103xe.o(.text)
    SPI3_IRQHandler                          0x080001f7   Thumb Code     0  startup_stm32f103xe.o(.text)
    TAMPER_IRQHandler                        0x080001f7   Thumb Code     0  startup_stm32f103xe.o(.text)
    TIM1_BRK_IRQHandler                      0x080001f7   Thumb Code     0  startup_stm32f103xe.o(.text)
    TIM1_CC_IRQHandler                       0x080001f7   Thumb Code     0  startup_stm32f103xe.o(.text)
    TIM1_TRG_COM_IRQHandler                  0x080001f7   Thumb Code     0  startup_stm32f103xe.o(.text)
    TIM1_UP_IRQHandler                       0x080001f7   Thumb Code     0  startup_stm32f103xe.o(.text)
    TIM7_IRQHandler                          0x080001f7   Thumb Code     0  startup_stm32f103xe.o(.text)
    TIM8_BRK_IRQHandler                      0x080001f7   Thumb Code     0  startup_stm32f103xe.o(.text)
    TIM8_CC_IRQHandler                       0x080001f7   Thumb Code     0  startup_stm32f103xe.o(.text)
    TIM8_TRG_COM_IRQHandler                  0x080001f7   Thumb Code     0  startup_stm32f103xe.o(.text)
    TIM8_UP_IRQHandler                       0x080001f7   Thumb Code     0  startup_stm32f103xe.o(.text)
    UART4_IRQHandler                         0x080001f7   Thumb Code     0  startup_stm32f103xe.o(.text)
    UART5_IRQHandler                         0x080001f7   Thumb Code     0  startup_stm32f103xe.o(.text)
    USART2_IRQHandler                        0x080001f7   Thumb Code     0  startup_stm32f103xe.o(.text)
    USART3_IRQHandler                        0x080001f7   Thumb Code     0  startup_stm32f103xe.o(.text)
    USBWakeUp_IRQHandler                     0x080001f7   Thumb Code     0  startup_stm32f103xe.o(.text)
    USB_HP_CAN1_TX_IRQHandler                0x080001f7   Thumb Code     0  startup_stm32f103xe.o(.text)
    USB_LP_CAN1_RX0_IRQHandler               0x080001f7   Thumb Code     0  startup_stm32f103xe.o(.text)
    WWDG_IRQHandler                          0x080001f7   Thumb Code     0  startup_stm32f103xe.o(.text)
    __user_initial_stackheap                 0x080001f9   Thumb Code     0  startup_stm32f103xe.o(.text)
    __2printf                                0x0800021d   Thumb Code    20  noretval__2printf.o(.text)
    __aeabi_memclr4                          0x08000235   Thumb Code     0  rt_memclr_w.o(.text)
    __aeabi_memclr8                          0x08000235   Thumb Code     0  rt_memclr_w.o(.text)
    __rt_memclr_w                            0x08000235   Thumb Code    78  rt_memclr_w.o(.text)
    _memset_w                                0x08000239   Thumb Code     0  rt_memclr_w.o(.text)
    __use_two_region_memory                  0x08000283   Thumb Code     2  heapauxi.o(.text)
    __rt_heap_escrow                         0x08000285   Thumb Code     2  heapauxi.o(.text)
    __rt_heap_expand                         0x08000287   Thumb Code     2  heapauxi.o(.text)
    _printf_char_file                        0x08000289   Thumb Code    32  _printf_char_file.o(.text)
    _printf_char_common                      0x080002b7   Thumb Code    32  _printf_char_common.o(.text)
    ferror                                   0x080002dd   Thumb Code     8  ferror.o(.text)
    _initio                                  0x080002e5   Thumb Code   210  initio.o(.text)
    _terminateio                             0x080003b7   Thumb Code    56  initio.o(.text)
    _sys_open                                0x0800041d   Thumb Code    20  sys_io.o(.text)
    _sys_close                               0x08000431   Thumb Code    12  sys_io.o(.text)
    _sys_write                               0x0800043d   Thumb Code    16  sys_io.o(.text)
    _sys_read                                0x0800044d   Thumb Code    14  sys_io.o(.text)
    _sys_istty                               0x0800045b   Thumb Code    12  sys_io.o(.text)
    _sys_seek                                0x08000467   Thumb Code    14  sys_io.o(.text)
    _sys_ensure                              0x08000475   Thumb Code     2  sys_io.o(.text)
    _sys_flen                                0x08000477   Thumb Code    12  sys_io.o(.text)
    __user_setup_stackheap                   0x08000483   Thumb Code    74  sys_stackheap_outer.o(.text)
    free                                     0x080004cd   Thumb Code    78  h1_free.o(.text)
    __printf                                 0x0800051b   Thumb Code    40  __printf_nopercent.o(.text)
    __flsbuf                                 0x08000543   Thumb Code   470  flsbuf.o(.text)
    __flsbuf_byte                            0x08000543   Thumb Code     0  flsbuf.o(.text)
    __flsbuf_wide                            0x08000543   Thumb Code     0  flsbuf.o(.text)
    setvbuf                                  0x08000719   Thumb Code    70  setvbuf.o(.text)
    freopen                                  0x08000761   Thumb Code   158  fopen.o(.text)
    fopen                                    0x080007ff   Thumb Code    74  fopen.o(.text)
    _fclose_internal                         0x0800084d   Thumb Code    76  fclose.o(.text)
    fclose                                   0x0800084d   Thumb Code     0  fclose.o(.text)
    exit                                     0x08000899   Thumb Code    12  exit.o(.text)
    __rt_SIGRTRED                            0x080008a5   Thumb Code    14  defsig_rtred_outer.o(.text)
    __user_libspace                          0x080008b5   Thumb Code     8  libspace.o(.text)
    __user_perproc_libspace                  0x080008b5   Thumb Code     0  libspace.o(.text)
    __user_perthread_libspace                0x080008b5   Thumb Code     0  libspace.o(.text)
    __I$use$semihosting                      0x080008bd   Thumb Code     0  use_no_semi.o(.text)
    __use_no_semihosting_swi                 0x080008bd   Thumb Code     2  use_no_semi.o(.text)
    __semihosting_library_function           0x080008bf   Thumb Code     0  indicate_semi.o(.text)
    __rt_heap_descriptor                     0x080008c1   Thumb Code     8  rt_heap_descriptor_intlibspace.o(.text)
    __use_no_heap                            0x080008c9   Thumb Code     2  hguard.o(.text)
    __heap$guard                             0x080008cb   Thumb Code     2  hguard.o(.text)
    _terminate_user_alloc                    0x080008cd   Thumb Code     2  init_alloc.o(.text)
    _init_user_alloc                         0x080008cf   Thumb Code     2  init_alloc.o(.text)
    __Heap_Full                              0x080008d1   Thumb Code    34  init_alloc.o(.text)
    __Heap_Broken                            0x080008f3   Thumb Code     6  init_alloc.o(.text)
    _init_alloc                              0x080008f9   Thumb Code    94  init_alloc.o(.text)
    malloc                                   0x08000957   Thumb Code    94  h1_alloc.o(.text)
    _fseek                                   0x080009b5   Thumb Code   242  fseek.o(.text)
    fseek                                    0x080009b5   Thumb Code     0  fseek.o(.text)
    _seterr                                  0x08000aad   Thumb Code    20  stdio.o(.text)
    _writebuf                                0x08000ac1   Thumb Code    84  stdio.o(.text)
    _fflush                                  0x08000b15   Thumb Code    70  stdio.o(.text)
    _deferredlazyseek                        0x08000b5b   Thumb Code    60  stdio.o(.text)
    __sig_exit                               0x08000b9d   Thumb Code    10  defsig_exit.o(.text)
    __rt_SIGRTRED_inner                      0x08000ba9   Thumb Code    14  defsig_rtred_inner.o(.text)
    strlen                                   0x08000bdd   Thumb Code    62  strlen.o(.text)
    _sys_exit                                0x08000c1d   Thumb Code     8  sys_exit.o(.text)
    __Heap_Initialize                        0x08000c29   Thumb Code    10  h1_init.o(.text)
    __Heap_DescSize                          0x08000c33   Thumb Code     4  h1_init.o(.text)
    __Heap_ProvideMemory                     0x08000c37   Thumb Code    52  h1_extend.o(.text)
    _ftell_internal                          0x08000c6b   Thumb Code    66  ftell.o(.text)
    ftell                                    0x08000c6b   Thumb Code     0  ftell.o(.text)
    __default_signal_display                 0x08000cad   Thumb Code    50  defsig_general.o(.text)
    __rt_SIGRTMEM                            0x08000cdf   Thumb Code    14  defsig_rtmem_outer.o(.text)
    _ttywrch                                 0x08000ced   Thumb Code    14  sys_wrch.o(.text)
    __aeabi_errno_addr                       0x08000cfd   Thumb Code     8  rt_errno_addr_intlibspace.o(.text)
    __errno$intlibspace                      0x08000cfd   Thumb Code     0  rt_errno_addr_intlibspace.o(.text)
    __rt_errno_addr$intlibspace              0x08000cfd   Thumb Code     0  rt_errno_addr_intlibspace.o(.text)
    __rt_SIGRTMEM_inner                      0x08000d05   Thumb Code    22  defsig_rtmem_inner.o(.text)
    ADC_ConversionStop_Disable               0x08000d55   Thumb Code    86  stm32f1xx_hal_adc.o(i.ADC_ConversionStop_Disable)
    AutoReloadCallback                       0x08000dad   Thumb Code    54  pid.o(i.AutoReloadCallback)
    BusFault_Handler                         0x08000de9   Thumb Code     2  stm32f1xx_it.o(i.BusFault_Handler)
    DebugMon_Handler                         0x08000deb   Thumb Code     2  stm32f1xx_it.o(i.DebugMon_Handler)
    Error_Handler                            0x08000ded   Thumb Code     4  main.o(i.Error_Handler)
    Forward                                  0x08000df1   Thumb Code    66  motor.o(i.Forward)
    HAL_ADC_ConfigChannel                    0x08000e39   Thumb Code   240  stm32f1xx_hal_adc.o(i.HAL_ADC_ConfigChannel)
    HAL_ADC_Init                             0x08000f35   Thumb Code   276  stm32f1xx_hal_adc.o(i.HAL_ADC_Init)
    HAL_ADC_MspInit                          0x08001059   Thumb Code    76  adc.o(i.HAL_ADC_MspInit)
    HAL_DMA_Abort                            0x080010b1   Thumb Code    70  stm32f1xx_hal_dma.o(i.HAL_DMA_Abort)
    HAL_DMA_Abort_IT                         0x080010f9   Thumb Code   296  stm32f1xx_hal_dma.o(i.HAL_DMA_Abort_IT)
    HAL_GPIO_Init                            0x08001229   Thumb Code   462  stm32f1xx_hal_gpio.o(i.HAL_GPIO_Init)
    HAL_GetTick                              0x08001421   Thumb Code     6  stm32f1xx_hal.o(i.HAL_GetTick)
    HAL_IncTick                              0x0800142d   Thumb Code    12  stm32f1xx_hal.o(i.HAL_IncTick)
    HAL_Init                                 0x0800143d   Thumb Code    32  stm32f1xx_hal.o(i.HAL_Init)
    HAL_InitTick                             0x08001461   Thumb Code    54  stm32f1xx_hal.o(i.HAL_InitTick)
    HAL_MspInit                              0x080014a1   Thumb Code    52  stm32f1xx_hal_msp.o(i.HAL_MspInit)
    HAL_NVIC_EnableIRQ                       0x080014dd   Thumb Code    26  stm32f1xx_hal_cortex.o(i.HAL_NVIC_EnableIRQ)
    HAL_NVIC_SetPriority                     0x080014f9   Thumb Code    60  stm32f1xx_hal_cortex.o(i.HAL_NVIC_SetPriority)
    HAL_NVIC_SetPriorityGrouping             0x08001539   Thumb Code    26  stm32f1xx_hal_cortex.o(i.HAL_NVIC_SetPriorityGrouping)
    HAL_RCCEx_PeriphCLKConfig                0x0800155d   Thumb Code   224  stm32f1xx_hal_rcc_ex.o(i.HAL_RCCEx_PeriphCLKConfig)
    HAL_RCC_ClockConfig                      0x08001649   Thumb Code   280  stm32f1xx_hal_rcc.o(i.HAL_RCC_ClockConfig)
    HAL_RCC_GetPCLK1Freq                     0x08001775   Thumb Code    20  stm32f1xx_hal_rcc.o(i.HAL_RCC_GetPCLK1Freq)
    HAL_RCC_GetPCLK2Freq                     0x08001795   Thumb Code    20  stm32f1xx_hal_rcc.o(i.HAL_RCC_GetPCLK2Freq)
    HAL_RCC_GetSysClockFreq                  0x080017b5   Thumb Code    58  stm32f1xx_hal_rcc.o(i.HAL_RCC_GetSysClockFreq)
    HAL_RCC_OscConfig                        0x08001801   Thumb Code   778  stm32f1xx_hal_rcc.o(i.HAL_RCC_OscConfig)
    HAL_SYSTICK_Config                       0x08001b21   Thumb Code    40  stm32f1xx_hal_cortex.o(i.HAL_SYSTICK_Config)
    HAL_TIMEx_BreakCallback                  0x08001b49   Thumb Code     2  stm32f1xx_hal_tim_ex.o(i.HAL_TIMEx_BreakCallback)
    HAL_TIMEx_CommutCallback                 0x08001b4b   Thumb Code     2  stm32f1xx_hal_tim_ex.o(i.HAL_TIMEx_CommutCallback)
    HAL_TIMEx_ConfigBreakDeadTime            0x08001b4d   Thumb Code    84  stm32f1xx_hal_tim_ex.o(i.HAL_TIMEx_ConfigBreakDeadTime)
    HAL_TIMEx_MasterConfigSynchronization    0x08001ba1   Thumb Code   104  stm32f1xx_hal_tim_ex.o(i.HAL_TIMEx_MasterConfigSynchronization)
    HAL_TIM_Base_Init                        0x08001c1d   Thumb Code    90  stm32f1xx_hal_tim.o(i.HAL_TIM_Base_Init)
    HAL_TIM_Base_MspInit                     0x08001c79   Thumb Code    94  tim.o(i.HAL_TIM_Base_MspInit)
    HAL_TIM_Base_Start_IT                    0x08001ce9   Thumb Code    88  stm32f1xx_hal_tim.o(i.HAL_TIM_Base_Start_IT)
    HAL_TIM_ConfigClockSource                0x08001d55   Thumb Code   220  stm32f1xx_hal_tim.o(i.HAL_TIM_ConfigClockSource)
    HAL_TIM_Encoder_Init                     0x08001e31   Thumb Code   164  stm32f1xx_hal_tim.o(i.HAL_TIM_Encoder_Init)
    HAL_TIM_Encoder_MspInit                  0x08001ed5   Thumb Code   342  tim.o(i.HAL_TIM_Encoder_MspInit)
    HAL_TIM_Encoder_Start                    0x0800204d   Thumb Code   142  stm32f1xx_hal_tim.o(i.HAL_TIM_Encoder_Start)
    HAL_TIM_IC_CaptureCallback               0x080020db   Thumb Code     2  stm32f1xx_hal_tim.o(i.HAL_TIM_IC_CaptureCallback)
    HAL_TIM_IRQHandler                       0x080020dd   Thumb Code   358  stm32f1xx_hal_tim.o(i.HAL_TIM_IRQHandler)
    HAL_TIM_MspPostInit                      0x08002245   Thumb Code   124  tim.o(i.HAL_TIM_MspPostInit)
    HAL_TIM_OC_DelayElapsedCallback          0x080022d9   Thumb Code     2  stm32f1xx_hal_tim.o(i.HAL_TIM_OC_DelayElapsedCallback)
    HAL_TIM_PWM_ConfigChannel                0x080022db   Thumb Code   204  stm32f1xx_hal_tim.o(i.HAL_TIM_PWM_ConfigChannel)
    HAL_TIM_PWM_Init                         0x080023a7   Thumb Code    90  stm32f1xx_hal_tim.o(i.HAL_TIM_PWM_Init)
    HAL_TIM_PWM_MspInit                      0x08002401   Thumb Code     2  stm32f1xx_hal_tim.o(i.HAL_TIM_PWM_MspInit)
    HAL_TIM_PWM_PulseFinishedCallback        0x08002403   Thumb Code     2  stm32f1xx_hal_tim.o(i.HAL_TIM_PWM_PulseFinishedCallback)
    HAL_TIM_PWM_Start                        0x08002405   Thumb Code   160  stm32f1xx_hal_tim.o(i.HAL_TIM_PWM_Start)
    HAL_TIM_PeriodElapsedCallback            0x080024b9   Thumb Code    40  main.o(i.HAL_TIM_PeriodElapsedCallback)
    HAL_TIM_TriggerCallback                  0x080024f1   Thumb Code     2  stm32f1xx_hal_tim.o(i.HAL_TIM_TriggerCallback)
    HAL_UARTEx_RxEventCallback               0x080024f3   Thumb Code     2  stm32f1xx_hal_uart.o(i.HAL_UARTEx_RxEventCallback)
    HAL_UART_ErrorCallback                   0x080024f5   Thumb Code     2  stm32f1xx_hal_uart.o(i.HAL_UART_ErrorCallback)
    HAL_UART_IRQHandler                      0x080024f9   Thumb Code   616  stm32f1xx_hal_uart.o(i.HAL_UART_IRQHandler)
    HAL_UART_Init                            0x08002765   Thumb Code   100  stm32f1xx_hal_uart.o(i.HAL_UART_Init)
    HAL_UART_MspInit                         0x080027c9   Thumb Code   116  usart.o(i.HAL_UART_MspInit)
    HAL_UART_RxCpltCallback                  0x08002849   Thumb Code     2  stm32f1xx_hal_uart.o(i.HAL_UART_RxCpltCallback)
    HAL_UART_TxCpltCallback                  0x0800284b   Thumb Code     2  stm32f1xx_hal_uart.o(i.HAL_UART_TxCpltCallback)
    HardFault_Handler                        0x0800284d   Thumb Code     2  stm32f1xx_it.o(i.HardFault_Handler)
    MX_ADC1_Init                             0x08002851   Thumb Code    70  adc.o(i.MX_ADC1_Init)
    MX_GPIO_Init                             0x080028a1   Thumb Code    86  gpio.o(i.MX_GPIO_Init)
    MX_TIM1_Init                             0x080028fd   Thumb Code   242  tim.o(i.MX_TIM1_Init)
    MX_TIM2_Init                             0x080029f9   Thumb Code   100  tim.o(i.MX_TIM2_Init)
    MX_TIM3_Init                             0x08002a61   Thumb Code   100  tim.o(i.MX_TIM3_Init)
    MX_TIM4_Init                             0x08002acd   Thumb Code   100  tim.o(i.MX_TIM4_Init)
    MX_TIM5_Init                             0x08002b39   Thumb Code   100  tim.o(i.MX_TIM5_Init)
    MX_TIM6_Init                             0x08002ba5   Thumb Code    62  tim.o(i.MX_TIM6_Init)
    MX_TIM8_Init                             0x08002bed   Thumb Code   256  tim.o(i.MX_TIM8_Init)
    MX_USART1_UART_Init                      0x08002cf5   Thumb Code    48  usart.o(i.MX_USART1_UART_Init)
    MemManage_Handler                        0x08002d2d   Thumb Code     2  stm32f1xx_it.o(i.MemManage_Handler)
    Motor_Backward                           0x08002d31   Thumb Code    52  motor.o(i.Motor_Backward)
    Motor_Forward                            0x08002d71   Thumb Code    52  motor.o(i.Motor_Forward)
    NMI_Handler                              0x08002db1   Thumb Code     2  stm32f1xx_it.o(i.NMI_Handler)
    PID_param_init                           0x08002db5   Thumb Code    36  pid.o(i.PID_param_init)
    PID_realize                              0x08002dfd   Thumb Code    82  pid.o(i.PID_realize)
    PendSV_Handler                           0x08002e55   Thumb Code     2  stm32f1xx_it.o(i.PendSV_Handler)
    SVC_Handler                              0x08002e57   Thumb Code     2  stm32f1xx_it.o(i.SVC_Handler)
    SysTick_Handler                          0x08002e59   Thumb Code     4  stm32f1xx_it.o(i.SysTick_Handler)
    SystemClock_Config                       0x08002e5d   Thumb Code   122  main.o(i.SystemClock_Config)
    SystemInit                               0x08002ed7   Thumb Code     2  system_stm32f1xx.o(i.SystemInit)
    TIM2_IRQHandler                          0x08002ed9   Thumb Code     6  stm32f1xx_it.o(i.TIM2_IRQHandler)
    TIM3_IRQHandler                          0x08002ee5   Thumb Code     6  stm32f1xx_it.o(i.TIM3_IRQHandler)
    TIM4_IRQHandler                          0x08002ef1   Thumb Code     6  stm32f1xx_it.o(i.TIM4_IRQHandler)
    TIM5_IRQHandler                          0x08002efd   Thumb Code     6  stm32f1xx_it.o(i.TIM5_IRQHandler)
    TIM6_IRQHandler                          0x08002f09   Thumb Code     6  stm32f1xx_it.o(i.TIM6_IRQHandler)
    TIM_Base_SetConfig                       0x08002f15   Thumb Code   120  stm32f1xx_hal_tim.o(i.TIM_Base_SetConfig)
    TIM_CCxChannelCmd                        0x08002fa1   Thumb Code    26  stm32f1xx_hal_tim.o(i.TIM_CCxChannelCmd)
    TIM_ETR_SetConfig                        0x08002fbb   Thumb Code    20  stm32f1xx_hal_tim.o(i.TIM_ETR_SetConfig)
    TIM_OC2_SetConfig                        0x08003041   Thumb Code    98  stm32f1xx_hal_tim.o(i.TIM_OC2_SetConfig)
    USART1_IRQHandler                        0x08003385   Thumb Code     6  stm32f1xx_it.o(i.USART1_IRQHandler)
    UsageFault_Handler                       0x08003391   Thumb Code     2  stm32f1xx_it.o(i.UsageFault_Handler)
    distance                                 0x080033b5   Thumb Code    34  motor.o(i.distance)
    fputc                                    0x080033e9   Thumb Code    26  fputc.o(i.fputc)
    main                                     0x08003405   Thumb Code   156  main.o(i.main)
    pwm_val_protect                          0x080034bd   Thumb Code    34  motor.o(i.pwm_val_protect)
    read_encoder                             0x080034e1   Thumb Code     6  encoder.o(i.read_encoder)
    set_motor_rotate                         0x080034ed   Thumb Code    14  motor.o(i.set_motor_rotate)
    set_pid_target                           0x08003501   Thumb Code     6  pid.o(i.set_pid_target)
    __aeabi_d2f                              0x0800350d   Thumb Code     0  d2f.o(x$fpl$d2f)
    _d2f                                     0x0800350d   Thumb Code    98  d2f.o(x$fpl$d2f)
    __fpl_dcmp_Inf                           0x0800356f   Thumb Code    24  dcmpi.o(x$fpl$dcmpinf)
    __aeabi_d2iz                             0x08003589   Thumb Code     0  dfix.o(x$fpl$dfix)
    _dfix                                    0x08003589   Thumb Code    94  dfix.o(x$fpl$dfix)
    __aeabi_d2uiz                            0x080035e9   Thumb Code     0  dfixu.o(x$fpl$dfixu)
    _dfixu                                   0x080035e9   Thumb Code    90  dfixu.o(x$fpl$dfixu)
    __aeabi_i2d                              0x08003643   Thumb Code     0  dflt_clz.o(x$fpl$dflt)
    _dflt                                    0x08003643   Thumb Code    46  dflt_clz.o(x$fpl$dflt)
    __aeabi_cdcmple                          0x08003671   Thumb Code     0  dleqf.o(x$fpl$dleqf)
    _dcmple                                  0x08003671   Thumb Code   120  dleqf.o(x$fpl$dleqf)
    __fpl_dcmple_InfNaN                      0x080036d3   Thumb Code     0  dleqf.o(x$fpl$dleqf)
    __aeabi_dmul                             0x080036e9   Thumb Code     0  dmul.o(x$fpl$dmul)
    _dmul                                    0x080036e9   Thumb Code   332  dmul.o(x$fpl$dmul)
    __fpl_dnaninf                            0x0800383d   Thumb Code   156  dnaninf.o(x$fpl$dnaninf)
    __fpl_dretinf                            0x080038d9   Thumb Code    12  dretinf.o(x$fpl$dretinf)
    __aeabi_cdrcmple                         0x080038e5   Thumb Code     0  drleqf.o(x$fpl$drleqf)
    _drcmple                                 0x080038e5   Thumb Code   108  drleqf.o(x$fpl$drleqf)
    __aeabi_f2d                              0x08003951   Thumb Code     0  f2d.o(x$fpl$f2d)
    _f2d                                     0x08003951   Thumb Code    86  f2d.o(x$fpl$f2d)
    __aeabi_fadd                             0x080039a9   Thumb Code     0  faddsub_clz.o(x$fpl$fadd)
    _fadd                                    0x080039a9   Thumb Code   196  faddsub_clz.o(x$fpl$fadd)
    __aeabi_fdiv                             0x08003a6d   Thumb Code     0  fdiv.o(x$fpl$fdiv)
    _fdiv                                    0x08003a6d   Thumb Code   384  fdiv.o(x$fpl$fdiv)
    __aeabi_f2iz                             0x08003bf1   Thumb Code     0  ffix.o(x$fpl$ffix)
    _ffix                                    0x08003bf1   Thumb Code    54  ffix.o(x$fpl$ffix)
    __aeabi_i2f                              0x08003c29   Thumb Code     0  fflt_clz.o(x$fpl$fflt)
    _fflt                                    0x08003c29   Thumb Code    48  fflt_clz.o(x$fpl$fflt)
    __aeabi_fmul                             0x08003c59   Thumb Code     0  fmul.o(x$fpl$fmul)
    _fmul                                    0x08003c59   Thumb Code   258  fmul.o(x$fpl$fmul)
    __fpl_fnaninf                            0x08003d5b   Thumb Code   140  fnaninf.o(x$fpl$fnaninf)
    __fpl_fretinf                            0x08003de7   Thumb Code    10  fretinf.o(x$fpl$fretinf)
    __aeabi_frsub                            0x08003df1   Thumb Code     0  faddsub_clz.o(x$fpl$frsb)
    _frsb                                    0x08003df1   Thumb Code    20  faddsub_clz.o(x$fpl$frsb)
    __aeabi_fsub                             0x08003e05   Thumb Code     0  faddsub_clz.o(x$fpl$fsub)
    _fsub                                    0x08003e05   Thumb Code   234  faddsub_clz.o(x$fpl$fsub)
    __I$use$fp                               0x08003eee   Number         0  usenofp.o(x$fpl$usenofp)
    AHBPrescTable                            0x08003f00   Data          16  system_stm32f1xx.o(.constdata)
    APBPrescTable                            0x08003f10   Data           8  system_stm32f1xx.o(.constdata)
    __stdin_name                             0x08003f18   Data           4  sys_io.o(.constdata)
    __stdout_name                            0x08003f1c   Data           4  sys_io.o(.constdata)
    __stderr_name                            0x08003f20   Data           4  sys_io.o(.constdata)
    Region$$Table$$Base                      0x08003f24   Number         0  anon$$obj.o(Region$$Table)
    Region$$Table$$Limit                     0x08003f44   Number         0  anon$$obj.o(Region$$Table)
    EncoderOverflowCnt                       0x20000000   Data           2  pid.o(.data)
    uwTickFreq                               0x2000000c   Data           1  stm32f1xx_hal.o(.data)
    uwTickPrio                               0x20000010   Data           4  stm32f1xx_hal.o(.data)
    uwTick                                   0x20000014   Data           4  stm32f1xx_hal.o(.data)
    SystemCoreClock                          0x20000018   Data           4  system_stm32f1xx.o(.data)
    __aeabi_stdin                            0x2000001c   Data           4  stdio_streams.o(.data)
    __aeabi_stdout                           0x20000020   Data           4  stdio_streams.o(.data)
    __aeabi_stderr                           0x20000024   Data           4  stdio_streams.o(.data)
    hadc1                                    0x20000028   Data          48  adc.o(.bss)
    htim1                                    0x20000058   Data          72  tim.o(.bss)
    htim2                                    0x200000a0   Data          72  tim.o(.bss)
    htim3                                    0x200000e8   Data          72  tim.o(.bss)
    htim4                                    0x20000130   Data          72  tim.o(.bss)
    htim5                                    0x20000178   Data          72  tim.o(.bss)
    htim6                                    0x200001c0   Data          72  tim.o(.bss)
    htim8                                    0x20000208   Data          72  tim.o(.bss)
    huart1                                   0x20000250   Data          72  usart.o(.bss)
    pid                                      0x20000298   Data          32  pid.o(.bss)
    motor                                    0x200002b8   Data          16  motor.o(.bss)
    __stdin                                  0x200002c8   Data          84  stdio_streams.o(.bss)
    __stdout                                 0x2000031c   Data          84  stdio_streams.o(.bss)
    __stderr                                 0x20000370   Data          84  stdio_streams.o(.bss)
    __libspace_start                         0x200003c4   Data          96  libspace.o(.bss)
    __temporary_stack_top$libspace           0x20000424   Data           0  libspace.o(.bss)



==============================================================================

Memory Map of the image

  Image Entry point : 0x08000131

  Load Region LR_IROM1 (Base: 0x08000000, Size: 0x00003f6c, Max: 0x00080000, ABSOLUTE)

    Execution Region ER_IROM1 (Base: 0x08000000, Size: 0x00003f44, Max: 0x00080000, ABSOLUTE)

    Base Addr    Size         Type   Attr      Idx    E Section Name        Object

    0x08000000   0x00000130   Data   RO            3    RESET               startup_stm32f103xe.o
    0x08000130   0x00000008   Code   RO         3359  * !!!main             c_w.l(__main.o)
    0x08000138   0x00000034   Code   RO         3765    !!!scatter          c_w.l(__scatter.o)
    0x0800016c   0x0000001a   Code   RO         3767    !!handler_copy      c_w.l(__scatter_copy.o)
    0x08000186   0x00000002   PAD
    0x08000188   0x0000001c   Code   RO         3769    !!handler_zi        c_w.l(__scatter_zi.o)
    0x080001a4   0x00000002   Code   RO         3553    .ARM.Collect$$libinit$$00000000  c_w.l(libinit.o)
    0x080001a6   0x00000000   Code   RO         3555    .ARM.Collect$$libinit$$00000002  c_w.l(libinit2.o)
    0x080001a6   0x00000000   Code   RO         3557    .ARM.Collect$$libinit$$00000004  c_w.l(libinit2.o)
    0x080001a6   0x00000008   Code   RO         3558    .ARM.Collect$$libinit$$00000005  c_w.l(libinit2.o)
    0x080001ae   0x00000000   Code   RO         3560    .ARM.Collect$$libinit$$0000000A  c_w.l(libinit2.o)
    0x080001ae   0x00000000   Code   RO         3562    .ARM.Collect$$libinit$$0000000C  c_w.l(libinit2.o)
    0x080001ae   0x00000000   Code   RO         3564    .ARM.Collect$$libinit$$0000000E  c_w.l(libinit2.o)
    0x080001ae   0x00000000   Code   RO         3567    .ARM.Collect$$libinit$$00000011  c_w.l(libinit2.o)
    0x080001ae   0x00000000   Code   RO         3569    .ARM.Collect$$libinit$$00000013  c_w.l(libinit2.o)
    0x080001ae   0x00000000   Code   RO         3571    .ARM.Collect$$libinit$$00000015  c_w.l(libinit2.o)
    0x080001ae   0x00000000   Code   RO         3573    .ARM.Collect$$libinit$$00000017  c_w.l(libinit2.o)
    0x080001ae   0x00000000   Code   RO         3575    .ARM.Collect$$libinit$$00000019  c_w.l(libinit2.o)
    0x080001ae   0x00000000   Code   RO         3577    .ARM.Collect$$libinit$$0000001B  c_w.l(libinit2.o)
    0x080001ae   0x00000000   Code   RO         3579    .ARM.Collect$$libinit$$0000001D  c_w.l(libinit2.o)
    0x080001ae   0x00000000   Code   RO         3581    .ARM.Collect$$libinit$$0000001F  c_w.l(libinit2.o)
    0x080001ae   0x00000000   Code   RO         3583    .ARM.Collect$$libinit$$00000021  c_w.l(libinit2.o)
    0x080001ae   0x00000000   Code   RO         3585    .ARM.Collect$$libinit$$00000023  c_w.l(libinit2.o)
    0x080001ae   0x00000004   Code   RO         3586    .ARM.Collect$$libinit$$00000024  c_w.l(libinit2.o)
    0x080001b2   0x00000000   Code   RO         3587    .ARM.Collect$$libinit$$00000025  c_w.l(libinit2.o)
    0x080001b2   0x00000000   Code   RO         3591    .ARM.Collect$$libinit$$0000002C  c_w.l(libinit2.o)
    0x080001b2   0x00000000   Code   RO         3593    .ARM.Collect$$libinit$$0000002E  c_w.l(libinit2.o)
    0x080001b2   0x00000000   Code   RO         3595    .ARM.Collect$$libinit$$00000030  c_w.l(libinit2.o)
    0x080001b2   0x00000000   Code   RO         3597    .ARM.Collect$$libinit$$00000032  c_w.l(libinit2.o)
    0x080001b2   0x00000002   Code   RO         3598    .ARM.Collect$$libinit$$00000033  c_w.l(libinit2.o)
    0x080001b4   0x00000002   Code   RO         3744    .ARM.Collect$$libshutdown$$00000000  c_w.l(libshutdown.o)
    0x080001b6   0x00000004   Code   RO         3600    .ARM.Collect$$libshutdown$$00000002  c_w.l(libshutdown2.o)
    0x080001ba   0x00000000   Code   RO         3601    .ARM.Collect$$libshutdown$$00000003  c_w.l(libshutdown2.o)
    0x080001ba   0x00000000   Code   RO         3604    .ARM.Collect$$libshutdown$$00000006  c_w.l(libshutdown2.o)
    0x080001ba   0x00000000   Code   RO         3607    .ARM.Collect$$libshutdown$$00000009  c_w.l(libshutdown2.o)
    0x080001ba   0x00000000   Code   RO         3609    .ARM.Collect$$libshutdown$$0000000B  c_w.l(libshutdown2.o)
    0x080001ba   0x00000000   Code   RO         3612    .ARM.Collect$$libshutdown$$0000000E  c_w.l(libshutdown2.o)
    0x080001ba   0x00000002   Code   RO         3613    .ARM.Collect$$libshutdown$$0000000F  c_w.l(libshutdown2.o)
    0x080001bc   0x00000000   Code   RO         3409    .ARM.Collect$$rtentry$$00000000  c_w.l(__rtentry.o)
    0x080001bc   0x00000000   Code   RO         3430    .ARM.Collect$$rtentry$$00000002  c_w.l(__rtentry2.o)
    0x080001bc   0x00000006   Code   RO         3442    .ARM.Collect$$rtentry$$00000004  c_w.l(__rtentry4.o)
    0x080001c2   0x00000000   Code   RO         3432    .ARM.Collect$$rtentry$$00000009  c_w.l(__rtentry2.o)
    0x080001c2   0x00000004   Code   RO         3433    .ARM.Collect$$rtentry$$0000000A  c_w.l(__rtentry2.o)
    0x080001c6   0x00000000   Code   RO         3435    .ARM.Collect$$rtentry$$0000000C  c_w.l(__rtentry2.o)
    0x080001c6   0x00000008   Code   RO         3436    .ARM.Collect$$rtentry$$0000000D  c_w.l(__rtentry2.o)
    0x080001ce   0x00000002   Code   RO         3622    .ARM.Collect$$rtexit$$00000000  c_w.l(rtexit.o)
    0x080001d0   0x00000000   Code   RO         3680    .ARM.Collect$$rtexit$$00000002  c_w.l(rtexit2.o)
    0x080001d0   0x00000004   Code   RO         3681    .ARM.Collect$$rtexit$$00000003  c_w.l(rtexit2.o)
    0x080001d4   0x00000006   Code   RO         3682    .ARM.Collect$$rtexit$$00000004  c_w.l(rtexit2.o)
    0x080001da   0x00000002   PAD
    0x080001dc   0x00000000   Code   RO         3686    .emb_text           c_w.l(maybetermalloc1.o)
    0x080001dc   0x00000040   Code   RO            4    .text               startup_stm32f103xe.o
    0x0800021c   0x00000018   Code   RO         3353    .text               c_w.l(noretval__2printf.o)
    0x08000234   0x0000004e   Code   RO         3355    .text               c_w.l(rt_memclr_w.o)
    0x08000282   0x00000006   Code   RO         3357    .text               c_w.l(heapauxi.o)
    0x08000288   0x00000024   Code   RO         3410    .text               c_w.l(_printf_char_file.o)
    0x080002ac   0x00000030   Code   RO         3444    .text               c_w.l(_printf_char_common.o)
    0x080002dc   0x00000008   Code   RO         3446    .text               c_w.l(ferror.o)
    0x080002e4   0x00000138   Code   RO         3452    .text               c_w.l(initio.o)
    0x0800041c   0x00000066   Code   RO         3462    .text               c_w.l(sys_io.o)
    0x08000482   0x0000004a   Code   RO         3469    .text               c_w.l(sys_stackheap_outer.o)
    0x080004cc   0x0000004e   Code   RO         3473    .text               c_w.l(h1_free.o)
    0x0800051a   0x00000028   Code   RO         3527    .text               c_w.l(__printf_nopercent.o)
    0x08000542   0x000001d6   Code   RO         3529    .text               c_w.l(flsbuf.o)
    0x08000718   0x00000046   Code   RO         3531    .text               c_w.l(setvbuf.o)
    0x0800075e   0x00000002   PAD
    0x08000760   0x000000ec   Code   RO         3534    .text               c_w.l(fopen.o)
    0x0800084c   0x0000004c   Code   RO         3536    .text               c_w.l(fclose.o)
    0x08000898   0x0000000c   Code   RO         3542    .text               c_w.l(exit.o)
    0x080008a4   0x0000000e   Code   RO         3544    .text               c_w.l(defsig_rtred_outer.o)
    0x080008b2   0x00000002   PAD
    0x080008b4   0x00000008   Code   RO         3616    .text               c_w.l(libspace.o)
    0x080008bc   0x00000002   Code   RO         3619    .text               c_w.l(use_no_semi.o)
    0x080008be   0x00000000   Code   RO         3621    .text               c_w.l(indicate_semi.o)
    0x080008be   0x00000002   PAD
    0x080008c0   0x00000008   Code   RO         3629    .text               c_w.l(rt_heap_descriptor_intlibspace.o)
    0x080008c8   0x00000004   Code   RO         3631    .text               c_w.l(hguard.o)
    0x080008cc   0x0000008a   Code   RO         3633    .text               c_w.l(init_alloc.o)
    0x08000956   0x0000005e   Code   RO         3639    .text               c_w.l(h1_alloc.o)
    0x080009b4   0x000000f8   Code   RO         3655    .text               c_w.l(fseek.o)
    0x08000aac   0x000000f0   Code   RO         3657    .text               c_w.l(stdio.o)
    0x08000b9c   0x0000000a   Code   RO         3663    .text               c_w.l(defsig_exit.o)
    0x08000ba6   0x00000002   PAD
    0x08000ba8   0x00000034   Code   RO         3665    .text               c_w.l(defsig_rtred_inner.o)
    0x08000bdc   0x0000003e   Code   RO         3669    .text               c_w.l(strlen.o)
    0x08000c1a   0x00000002   PAD
    0x08000c1c   0x0000000c   Code   RO         3677    .text               c_w.l(sys_exit.o)
    0x08000c28   0x0000000e   Code   RO         3688    .text               c_w.l(h1_init.o)
    0x08000c36   0x00000034   Code   RO         3690    .text               c_w.l(h1_extend.o)
    0x08000c6a   0x00000042   Code   RO         3700    .text               c_w.l(ftell.o)
    0x08000cac   0x00000032   Code   RO         3708    .text               c_w.l(defsig_general.o)
    0x08000cde   0x0000000e   Code   RO         3710    .text               c_w.l(defsig_rtmem_outer.o)
    0x08000cec   0x0000000e   Code   RO         3725    .text               c_w.l(sys_wrch.o)
    0x08000cfa   0x00000002   PAD
    0x08000cfc   0x00000008   Code   RO         3732    .text               c_w.l(rt_errno_addr_intlibspace.o)
    0x08000d04   0x00000050   Code   RO         3738    .text               c_w.l(defsig_rtmem_inner.o)
    0x08000d54   0x00000056   Code   RO          723    i.ADC_ConversionStop_Disable  stm32f1xx_hal_adc.o
    0x08000daa   0x00000002   PAD
    0x08000dac   0x0000003c   Code   RO          524    i.AutoReloadCallback  pid.o
    0x08000de8   0x00000002   Code   RO          388    i.BusFault_Handler  stm32f1xx_it.o
    0x08000dea   0x00000002   Code   RO          389    i.DebugMon_Handler  stm32f1xx_it.o
    0x08000dec   0x00000004   Code   RO           13    i.Error_Handler     main.o
    0x08000df0   0x00000048   Code   RO          582    i.Forward           motor.o
    0x08000e38   0x000000fc   Code   RO          729    i.HAL_ADC_ConfigChannel  stm32f1xx_hal_adc.o
    0x08000f34   0x00000124   Code   RO          738    i.HAL_ADC_Init      stm32f1xx_hal_adc.o
    0x08001058   0x00000058   Code   RO          209    i.HAL_ADC_MspInit   adc.o
    0x080010b0   0x00000046   Code   RO         1380    i.HAL_DMA_Abort     stm32f1xx_hal_dma.o
    0x080010f6   0x00000002   PAD
    0x080010f8   0x00000130   Code   RO         1381    i.HAL_DMA_Abort_IT  stm32f1xx_hal_dma.o
    0x08001228   0x000001f8   Code   RO         1316    i.HAL_GPIO_Init     stm32f1xx_hal_gpio.o
    0x08001420   0x0000000c   Code   RO         1010    i.HAL_GetTick       stm32f1xx_hal.o
    0x0800142c   0x00000010   Code   RO         1016    i.HAL_IncTick       stm32f1xx_hal.o
    0x0800143c   0x00000024   Code   RO         1017    i.HAL_Init          stm32f1xx_hal.o
    0x08001460   0x00000040   Code   RO         1018    i.HAL_InitTick      stm32f1xx_hal.o
    0x080014a0   0x0000003c   Code   RO          500    i.HAL_MspInit       stm32f1xx_hal_msp.o
    0x080014dc   0x0000001a   Code   RO         1476    i.HAL_NVIC_EnableIRQ  stm32f1xx_hal_cortex.o
    0x080014f6   0x00000002   PAD
    0x080014f8   0x00000040   Code   RO         1482    i.HAL_NVIC_SetPriority  stm32f1xx_hal_cortex.o
    0x08001538   0x00000024   Code   RO         1483    i.HAL_NVIC_SetPriorityGrouping  stm32f1xx_hal_cortex.o
    0x0800155c   0x000000ec   Code   RO         1278    i.HAL_RCCEx_PeriphCLKConfig  stm32f1xx_hal_rcc_ex.o
    0x08001648   0x0000012c   Code   RO         1174    i.HAL_RCC_ClockConfig  stm32f1xx_hal_rcc.o
    0x08001774   0x00000020   Code   RO         1181    i.HAL_RCC_GetPCLK1Freq  stm32f1xx_hal_rcc.o
    0x08001794   0x00000020   Code   RO         1182    i.HAL_RCC_GetPCLK2Freq  stm32f1xx_hal_rcc.o
    0x080017b4   0x0000004c   Code   RO         1183    i.HAL_RCC_GetSysClockFreq  stm32f1xx_hal_rcc.o
    0x08001800   0x00000320   Code   RO         1186    i.HAL_RCC_OscConfig  stm32f1xx_hal_rcc.o
    0x08001b20   0x00000028   Code   RO         1487    i.HAL_SYSTICK_Config  stm32f1xx_hal_cortex.o
    0x08001b48   0x00000002   Code   RO         2682    i.HAL_TIMEx_BreakCallback  stm32f1xx_hal_tim_ex.o
    0x08001b4a   0x00000002   Code   RO         2683    i.HAL_TIMEx_CommutCallback  stm32f1xx_hal_tim_ex.o
    0x08001b4c   0x00000054   Code   RO         2685    i.HAL_TIMEx_ConfigBreakDeadTime  stm32f1xx_hal_tim_ex.o
    0x08001ba0   0x0000007c   Code   RO         2701    i.HAL_TIMEx_MasterConfigSynchronization  stm32f1xx_hal_tim_ex.o
    0x08001c1c   0x0000005a   Code   RO         1978    i.HAL_TIM_Base_Init  stm32f1xx_hal_tim.o
    0x08001c76   0x00000002   PAD
    0x08001c78   0x00000070   Code   RO          251    i.HAL_TIM_Base_MspInit  tim.o
    0x08001ce8   0x0000006c   Code   RO         1983    i.HAL_TIM_Base_Start_IT  stm32f1xx_hal_tim.o
    0x08001d54   0x000000dc   Code   RO         1987    i.HAL_TIM_ConfigClockSource  stm32f1xx_hal_tim.o
    0x08001e30   0x000000a4   Code   RO         1999    i.HAL_TIM_Encoder_Init  stm32f1xx_hal_tim.o
    0x08001ed4   0x00000178   Code   RO          253    i.HAL_TIM_Encoder_MspInit  tim.o
    0x0800204c   0x0000008e   Code   RO         2002    i.HAL_TIM_Encoder_Start  stm32f1xx_hal_tim.o
    0x080020da   0x00000002   Code   RO         2012    i.HAL_TIM_IC_CaptureCallback  stm32f1xx_hal_tim.o
    0x080020dc   0x00000166   Code   RO         2026    i.HAL_TIM_IRQHandler  stm32f1xx_hal_tim.o
    0x08002242   0x00000002   PAD
    0x08002244   0x00000094   Code   RO          254    i.HAL_TIM_MspPostInit  tim.o
    0x080022d8   0x00000002   Code   RO         2029    i.HAL_TIM_OC_DelayElapsedCallback  stm32f1xx_hal_tim.o
    0x080022da   0x000000cc   Code   RO         2050    i.HAL_TIM_PWM_ConfigChannel  stm32f1xx_hal_tim.o
    0x080023a6   0x0000005a   Code   RO         2053    i.HAL_TIM_PWM_Init  stm32f1xx_hal_tim.o
    0x08002400   0x00000002   Code   RO         2055    i.HAL_TIM_PWM_MspInit  stm32f1xx_hal_tim.o
    0x08002402   0x00000002   Code   RO         2056    i.HAL_TIM_PWM_PulseFinishedCallback  stm32f1xx_hal_tim.o
    0x08002404   0x000000b4   Code   RO         2058    i.HAL_TIM_PWM_Start  stm32f1xx_hal_tim.o
    0x080024b8   0x00000038   Code   RO           14    i.HAL_TIM_PeriodElapsedCallback  main.o
    0x080024f0   0x00000002   Code   RO         2069    i.HAL_TIM_TriggerCallback  stm32f1xx_hal_tim.o
    0x080024f2   0x00000002   Code   RO         2961    i.HAL_UARTEx_RxEventCallback  stm32f1xx_hal_uart.o
    0x080024f4   0x00000002   Code   RO         2975    i.HAL_UART_ErrorCallback  stm32f1xx_hal_uart.o
    0x080024f6   0x00000002   PAD
    0x080024f8   0x0000026c   Code   RO         2978    i.HAL_UART_IRQHandler  stm32f1xx_hal_uart.o
    0x08002764   0x00000064   Code   RO         2979    i.HAL_UART_Init     stm32f1xx_hal_uart.o
    0x080027c8   0x00000080   Code   RO          347    i.HAL_UART_MspInit  usart.o
    0x08002848   0x00000002   Code   RO         2985    i.HAL_UART_RxCpltCallback  stm32f1xx_hal_uart.o
    0x0800284a   0x00000002   Code   RO         2990    i.HAL_UART_TxCpltCallback  stm32f1xx_hal_uart.o
    0x0800284c   0x00000002   Code   RO          390    i.HardFault_Handler  stm32f1xx_it.o
    0x0800284e   0x00000002   PAD
    0x08002850   0x00000050   Code   RO          210    i.MX_ADC1_Init      adc.o
    0x080028a0   0x0000005c   Code   RO          184    i.MX_GPIO_Init      gpio.o
    0x080028fc   0x000000fc   Code   RO          255    i.MX_TIM1_Init      tim.o
    0x080029f8   0x00000068   Code   RO          256    i.MX_TIM2_Init      tim.o
    0x08002a60   0x0000006c   Code   RO          257    i.MX_TIM3_Init      tim.o
    0x08002acc   0x0000006c   Code   RO          258    i.MX_TIM4_Init      tim.o
    0x08002b38   0x0000006c   Code   RO          259    i.MX_TIM5_Init      tim.o
    0x08002ba4   0x00000048   Code   RO          260    i.MX_TIM6_Init      tim.o
    0x08002bec   0x00000108   Code   RO          261    i.MX_TIM8_Init      tim.o
    0x08002cf4   0x00000038   Code   RO          348    i.MX_USART1_UART_Init  usart.o
    0x08002d2c   0x00000002   Code   RO          391    i.MemManage_Handler  stm32f1xx_it.o
    0x08002d2e   0x00000002   PAD
    0x08002d30   0x00000040   Code   RO          583    i.Motor_Backward    motor.o
    0x08002d70   0x00000040   Code   RO          584    i.Motor_Forward     motor.o
    0x08002db0   0x00000002   Code   RO          392    i.NMI_Handler       stm32f1xx_it.o
    0x08002db2   0x00000002   PAD
    0x08002db4   0x00000048   Code   RO          525    i.PID_param_init    pid.o
    0x08002dfc   0x00000058   Code   RO          526    i.PID_realize       pid.o
    0x08002e54   0x00000002   Code   RO          393    i.PendSV_Handler    stm32f1xx_it.o
    0x08002e56   0x00000002   Code   RO          394    i.SVC_Handler       stm32f1xx_it.o
    0x08002e58   0x00000004   Code   RO          395    i.SysTick_Handler   stm32f1xx_it.o
    0x08002e5c   0x0000007a   Code   RO           15    i.SystemClock_Config  main.o
    0x08002ed6   0x00000002   Code   RO         3313    i.SystemInit        system_stm32f1xx.o
    0x08002ed8   0x0000000c   Code   RO          396    i.TIM2_IRQHandler   stm32f1xx_it.o
    0x08002ee4   0x0000000c   Code   RO          397    i.TIM3_IRQHandler   stm32f1xx_it.o
    0x08002ef0   0x0000000c   Code   RO          398    i.TIM4_IRQHandler   stm32f1xx_it.o
    0x08002efc   0x0000000c   Code   RO          399    i.TIM5_IRQHandler   stm32f1xx_it.o
    0x08002f08   0x0000000c   Code   RO          400    i.TIM6_IRQHandler   stm32f1xx_it.o
    0x08002f14   0x0000008c   Code   RO         2071    i.TIM_Base_SetConfig  stm32f1xx_hal_tim.o
    0x08002fa0   0x0000001a   Code   RO         2072    i.TIM_CCxChannelCmd  stm32f1xx_hal_tim.o
    0x08002fba   0x00000014   Code   RO         2082    i.TIM_ETR_SetConfig  stm32f1xx_hal_tim.o
    0x08002fce   0x00000010   Code   RO         2083    i.TIM_ITRx_SetConfig  stm32f1xx_hal_tim.o
    0x08002fde   0x00000002   PAD
    0x08002fe0   0x00000060   Code   RO         2084    i.TIM_OC1_SetConfig  stm32f1xx_hal_tim.o
    0x08003040   0x0000006c   Code   RO         2085    i.TIM_OC2_SetConfig  stm32f1xx_hal_tim.o
    0x080030ac   0x00000068   Code   RO         2086    i.TIM_OC3_SetConfig  stm32f1xx_hal_tim.o
    0x08003114   0x00000050   Code   RO         2087    i.TIM_OC4_SetConfig  stm32f1xx_hal_tim.o
    0x08003164   0x00000022   Code   RO         2089    i.TIM_TI1_ConfigInputStage  stm32f1xx_hal_tim.o
    0x08003186   0x00000024   Code   RO         2091    i.TIM_TI2_ConfigInputStage  stm32f1xx_hal_tim.o
    0x080031aa   0x00000010   Code   RO         2992    i.UART_DMAAbortOnError  stm32f1xx_hal_uart.o
    0x080031ba   0x0000004e   Code   RO         3002    i.UART_EndRxTransfer  stm32f1xx_hal_uart.o
    0x08003208   0x000000c2   Code   RO         3004    i.UART_Receive_IT   stm32f1xx_hal_uart.o
    0x080032ca   0x00000002   PAD
    0x080032cc   0x000000b8   Code   RO         3005    i.UART_SetConfig    stm32f1xx_hal_uart.o
    0x08003384   0x0000000c   Code   RO          401    i.USART1_IRQHandler  stm32f1xx_it.o
    0x08003390   0x00000002   Code   RO          402    i.UsageFault_Handler  stm32f1xx_it.o
    0x08003392   0x00000020   Code   RO         1489    i.__NVIC_SetPriority  stm32f1xx_hal_cortex.o
    0x080033b2   0x00000002   PAD
    0x080033b4   0x00000034   Code   RO          588    i.distance          motor.o
    0x080033e8   0x0000001a   Code   RO         3449    i.fputc             c_w.l(fputc.o)
    0x08003402   0x00000002   PAD
    0x08003404   0x000000b8   Code   RO           16    i.main              main.o
    0x080034bc   0x00000022   Code   RO          589    i.pwm_val_protect   motor.o
    0x080034de   0x00000002   PAD
    0x080034e0   0x0000000c   Code   RO          658    i.read_encoder      encoder.o
    0x080034ec   0x00000014   Code   RO          590    i.set_motor_rotate  motor.o
    0x08003500   0x0000000c   Code   RO          529    i.set_pid_target    pid.o
    0x0800350c   0x00000062   Code   RO         3361    x$fpl$d2f           fz_ws.l(d2f.o)
    0x0800356e   0x00000018   Code   RO         3460    x$fpl$dcmpinf       fz_ws.l(dcmpi.o)
    0x08003586   0x00000002   PAD
    0x08003588   0x0000005e   Code   RO         3363    x$fpl$dfix          fz_ws.l(dfix.o)
    0x080035e6   0x00000002   PAD
    0x080035e8   0x0000005a   Code   RO         3367    x$fpl$dfixu         fz_ws.l(dfixu.o)
    0x08003642   0x0000002e   Code   RO         3372    x$fpl$dflt          fz_ws.l(dflt_clz.o)
    0x08003670   0x00000078   Code   RO         3418    x$fpl$dleqf         fz_ws.l(dleqf.o)
    0x080036e8   0x00000154   Code   RO         3377    x$fpl$dmul          fz_ws.l(dmul.o)
    0x0800383c   0x0000009c   Code   RO         3420    x$fpl$dnaninf       fz_ws.l(dnaninf.o)
    0x080038d8   0x0000000c   Code   RO         3422    x$fpl$dretinf       fz_ws.l(dretinf.o)
    0x080038e4   0x0000006c   Code   RO         3379    x$fpl$drleqf        fz_ws.l(drleqf.o)
    0x08003950   0x00000056   Code   RO         3381    x$fpl$f2d           fz_ws.l(f2d.o)
    0x080039a6   0x00000002   PAD
    0x080039a8   0x000000c4   Code   RO         3383    x$fpl$fadd          fz_ws.l(faddsub_clz.o)
    0x08003a6c   0x00000184   Code   RO         3390    x$fpl$fdiv          fz_ws.l(fdiv.o)
    0x08003bf0   0x00000036   Code   RO         3393    x$fpl$ffix          fz_ws.l(ffix.o)
    0x08003c26   0x00000002   PAD
    0x08003c28   0x00000030   Code   RO         3402    x$fpl$fflt          fz_ws.l(fflt_clz.o)
    0x08003c58   0x00000102   Code   RO         3407    x$fpl$fmul          fz_ws.l(fmul.o)
    0x08003d5a   0x0000008c   Code   RO         3424    x$fpl$fnaninf       fz_ws.l(fnaninf.o)
    0x08003de6   0x0000000a   Code   RO         3426    x$fpl$fretinf       fz_ws.l(fretinf.o)
    0x08003df0   0x00000014   Code   RO         3384    x$fpl$frsb          fz_ws.l(faddsub_clz.o)
    0x08003e04   0x000000ea   Code   RO         3385    x$fpl$fsub          fz_ws.l(faddsub_clz.o)
    0x08003eee   0x00000000   Code   RO         3428    x$fpl$usenofp       fz_ws.l(usenofp.o)
    0x08003eee   0x00000012   Data   RO         1187    .constdata          stm32f1xx_hal_rcc.o
    0x08003f00   0x00000010   Data   RO         3314    .constdata          system_stm32f1xx.o
    0x08003f10   0x00000008   Data   RO         3315    .constdata          system_stm32f1xx.o
    0x08003f18   0x00000004   Data   RO         3463    .constdata          c_w.l(sys_io.o)
    0x08003f1c   0x00000004   Data   RO         3464    .constdata          c_w.l(sys_io.o)
    0x08003f20   0x00000004   Data   RO         3465    .constdata          c_w.l(sys_io.o)
    0x08003f24   0x00000020   Data   RO         3763    Region$$Table       anon$$obj.o


    Execution Region RW_IRAM1 (Base: 0x20000000, Size: 0x00000a28, Max: 0x00010000, ABSOLUTE)

    Base Addr    Size         Type   Attr      Idx    E Section Name        Object

    0x20000000   0x0000000c   Data   RW          531    .data               pid.o
    0x2000000c   0x0000000c   Data   RW         1024    .data               stm32f1xx_hal.o
    0x20000018   0x00000004   Data   RW         3316    .data               system_stm32f1xx.o
    0x2000001c   0x00000004   Data   RW         3415    .data               c_w.l(stdio_streams.o)
    0x20000020   0x00000004   Data   RW         3416    .data               c_w.l(stdio_streams.o)
    0x20000024   0x00000004   Data   RW         3417    .data               c_w.l(stdio_streams.o)
    0x20000028   0x00000030   Zero   RW          211    .bss                adc.o
    0x20000058   0x000001f8   Zero   RW          262    .bss                tim.o
    0x20000250   0x00000048   Zero   RW          349    .bss                usart.o
    0x20000298   0x00000020   Zero   RW          530    .bss                pid.o
    0x200002b8   0x00000010   Zero   RW          591    .bss                motor.o
    0x200002c8   0x00000054   Zero   RW         3412    .bss                c_w.l(stdio_streams.o)
    0x2000031c   0x00000054   Zero   RW         3413    .bss                c_w.l(stdio_streams.o)
    0x20000370   0x00000054   Zero   RW         3414    .bss                c_w.l(stdio_streams.o)
    0x200003c4   0x00000060   Zero   RW         3617    .bss                c_w.l(libspace.o)
    0x20000424   0x00000004   PAD
    0x20000428   0x00000200   Zero   RW            2    HEAP                startup_stm32f103xe.o
    0x20000628   0x00000400   Zero   RW            1    STACK               startup_stm32f103xe.o


==============================================================================

Image component sizes


      Code (inc. data)   RO Data    RW Data    ZI Data      Debug   Object Name

       168         22          0          0         48       1513   adc.o
        12          6          0          0          0        435   encoder.o
        92          6          0          0          0        835   gpio.o
       366         44          0          0          0     503895   main.o
       306         54          0          0         16       2975   motor.o
       232         54          0         12         32       2642   pid.o
        64         26        304          0       1536        784   startup_stm32f103xe.o
       128         24          0         12          0       5685   stm32f1xx_hal.o
       630         28          0          0          0       2804   stm32f1xx_hal_adc.o
       198         14          0          0          0      28419   stm32f1xx_hal_cortex.o
       374          8          0          0          0       1667   stm32f1xx_hal_dma.o
       504         42          0          0          0       1960   stm32f1xx_hal_gpio.o
        60          8          0          0          0        818   stm32f1xx_hal_msp.o
      1240         84         18          0          0       4692   stm32f1xx_hal_rcc.o
       236         12          0          0          0       1276   stm32f1xx_hal_rcc_ex.o
      2226         96          0          0          0      16121   stm32f1xx_hal_tim.o
       212         20          0          0          0       2945   stm32f1xx_hal_tim_ex.o
      1200         10          0          0          0       7152   stm32f1xx_hal_uart.o
        92         36          0          0          0       6044   stm32f1xx_it.o
         2          0         24          4          0       1035   system_stm32f1xx.o
      1652        132          0          0        504       7152   tim.o
       184         20          0          0         72       1550   usart.o

    ----------------------------------------------------------------------
     10204        746        378         28       2208     602399   Object Totals
         0          0         32          0          0          0   (incl. Generated)
        26          0          0          0          0          0   (incl. Padding)

    ----------------------------------------------------------------------

      Code (inc. data)   RO Data    RW Data    ZI Data      Debug   Library Member Name

         8          0          0          0          0         68   __main.o
        40          0          0          0          0         84   __printf_nopercent.o
         0          0          0          0          0          0   __rtentry.o
        12          0          0          0          0          0   __rtentry2.o
         6          0          0          0          0          0   __rtentry4.o
        52          8          0          0          0          0   __scatter.o
        26          0          0          0          0          0   __scatter_copy.o
        28          0          0          0          0          0   __scatter_zi.o
        48          6          0          0          0         96   _printf_char_common.o
        36          4          0          0          0         80   _printf_char_file.o
        10          0          0          0          0         68   defsig_exit.o
        50          0          0          0          0         88   defsig_general.o
        80         58          0          0          0         76   defsig_rtmem_inner.o
        14          0          0          0          0         80   defsig_rtmem_outer.o
        52         38          0          0          0         76   defsig_rtred_inner.o
        14          0          0          0          0         80   defsig_rtred_outer.o
        12          0          0          0          0         72   exit.o
        76          0          0          0          0         88   fclose.o
         8          0          0          0          0         68   ferror.o
       470          0          0          0          0         88   flsbuf.o
       236          4          0          0          0        128   fopen.o
        26          0          0          0          0         68   fputc.o
       248          6          0          0          0         84   fseek.o
        66          0          0          0          0         76   ftell.o
        94          0          0          0          0         80   h1_alloc.o
        52          0          0          0          0         68   h1_extend.o
        78          0          0          0          0         80   h1_free.o
        14          0          0          0          0         84   h1_init.o
         6          0          0          0          0        152   heapauxi.o
         4          0          0          0          0        136   hguard.o
         0          0          0          0          0          0   indicate_semi.o
       138          0          0          0          0        168   init_alloc.o
       312         46          0          0          0        112   initio.o
         2          0          0          0          0          0   libinit.o
        14          0          0          0          0          0   libinit2.o
         2          0          0          0          0          0   libshutdown.o
         6          0          0          0          0          0   libshutdown2.o
         8          4          0          0         96         68   libspace.o
         0          0          0          0          0          0   maybetermalloc1.o
        24          4          0          0          0         84   noretval__2printf.o
         8          4          0          0          0         68   rt_errno_addr_intlibspace.o
         8          4          0          0          0         68   rt_heap_descriptor_intlibspace.o
        78          0          0          0          0         80   rt_memclr_w.o
         2          0          0          0          0          0   rtexit.o
        10          0          0          0          0          0   rtexit2.o
        70          0          0          0          0         80   setvbuf.o
       240          6          0          0          0        156   stdio.o
         0          0          0         12        252          0   stdio_streams.o
        62          0          0          0          0         76   strlen.o
        12          4          0          0          0         68   sys_exit.o
       102          0         12          0          0        240   sys_io.o
        74          0          0          0          0         80   sys_stackheap_outer.o
        14          0          0          0          0         76   sys_wrch.o
         2          0          0          0          0         68   use_no_semi.o
        98          4          0          0          0         92   d2f.o
        24          0          0          0          0         68   dcmpi.o
        94          4          0          0          0         92   dfix.o
        90          4          0          0          0         92   dfixu.o
        46          0          0          0          0         68   dflt_clz.o
       120          4          0          0          0         92   dleqf.o
       340         12          0          0          0        104   dmul.o
       156          4          0          0          0         92   dnaninf.o
        12          0          0          0          0         68   dretinf.o
       108          0          0          0          0         80   drleqf.o
        86          4          0          0          0         84   f2d.o
       450          8          0          0          0        236   faddsub_clz.o
       388         76          0          0          0         96   fdiv.o
        54          4          0          0          0         84   ffix.o
        48          0          0          0          0         68   fflt_clz.o
       258          4          0          0          0         84   fmul.o
       140          4          0          0          0         84   fnaninf.o
        10          0          0          0          0         68   fretinf.o
         0          0          0          0          0          0   usenofp.o

    ----------------------------------------------------------------------
      5602        328         12         12        352       5212   Library Totals
        26          0          0          0          4          0   (incl. Padding)

    ----------------------------------------------------------------------

      Code (inc. data)   RO Data    RW Data    ZI Data      Debug   Library Name

      3054        196         12         12        348       3560   c_w.l
      2522        132          0          0          0       1652   fz_ws.l

    ----------------------------------------------------------------------
      5602        328         12         12        352       5212   Library Totals

    ----------------------------------------------------------------------

==============================================================================


      Code (inc. data)   RO Data    RW Data    ZI Data      Debug   

     15806       1074        390         40       2560     599495   Grand Totals
     15806       1074        390         40       2560     599495   ELF Image Totals
     15806       1074        390         40          0          0   ROM Totals

==============================================================================

    Total RO  Size (Code + RO Data)                16196 (  15.82kB)
    Total RW  Size (RW Data + ZI Data)              2600 (   2.54kB)
    Total ROM Size (Code + RO Data + RW Data)      16236 (  15.86kB)

==============================================================================

